05-21 16:35:08.176   700   849 W AccessibilityWindowsPopulator: Windows change within in 2 frames continuously over 500 ms and notify windows changed immediately
05-21 16:35:09.024 27094 27105 W m.orbital.iptv: Cleared Reference was only reachable from finalizer (only reported once)
05-21 16:35:10.157   700  1770 E TaskPersister: File error accessing recents directory (directory doesn't exist?).
05-21 16:35:12.185 27094 27115 E OpenGLRenderer: Unable to match the desired swap behavior.
05-21 16:35:12.234   700  1337 W PackageConfigPersister: App-specific configuration not found for packageName: com.orbital.iptv and userId: 0
05-21 16:35:12.258   753   765 E mtkpower@impl: [setMode] unknown type
05-21 16:35:12.641   753   765 E mtkpower@impl: [setMode] unknown type
05-21 16:35:12.664 27094 27094 W WindowOnBackDispatcher: sendCancelIfRunning: isInProgress=falsecallback=android.view.ViewRootImpl$$ExternalSyntheticLambda11@735440c
05-21 16:35:12.675   700  1337 W InputManager-JNI: Input channel object 'acc927c com.orbital.iptv/com.orbital.iptv.ui.series.SeriesActivity (client)' was disposed without first being removed with the input manager!
05-21 16:35:12.692   700   849 W AccessibilityWindowsPopulator: Windows change within in 2 frames continuously over 500 ms and notify windows changed immediately
05-21 16:35:13.502   700  1968 W PackageConfigPersister: App-specific configuration not found for packageName: com.orbital.iptv and userId: 0
05-21 16:35:15.682   700  1770 E TaskPersister: File error accessing recents directory (directory doesn't exist?).
05-21 16:35:17.024  1822  1822 W BillingClient: There was an exception while unbinding service!
05-21 16:35:17.024  1822  1822 W BillingClient: java.lang.IllegalArgumentException: Service not registered: A2.y@c3cd043
05-21 16:35:17.024  1822  1822 W BillingClient: 	at android.app.LoadedApk.forgetServiceDispatcher(LoadedApk.java:2001)
05-21 16:35:17.024  1822  1822 W BillingClient: 	at android.app.ContextImpl.unbindService(ContextImpl.java:2168)
05-21 16:35:17.024  1822  1822 W BillingClient: 	at android.content.ContextWrapper.unbindService(ContextWrapper.java:923)
05-21 16:35:17.024  1822  1822 W BillingClient: 	at A2.e.p(Unknown Source:12)
05-21 16:35:17.024  1822  1822 W BillingClient: 	at A2.e.o(Unknown Source:72)
05-21 16:35:17.024  1822  1822 W BillingClient: 	at A2.e.f(Unknown Source:1)
05-21 16:35:17.024  1822  1822 W BillingClient: 	at R6.g.g(Unknown Source:47)
05-21 16:35:17.024  1822  1822 W BillingClient: 	at F5.p.p(Unknown Source:72)
05-21 16:35:17.024  1822  1822 W BillingClient: 	at s7.a.l(Unknown Source:11)
05-21 16:35:17.024  1822  1822 W BillingClient: 	at Q7.J.run(Unknown Source:108)
05-21 16:35:17.024  1822  1822 W BillingClient: 	at Q7.T.b0(Unknown Source:23)
05-21 16:35:17.024  1822  1822 W BillingClient: 	at V7.b.n(Unknown Source:142)
05-21 16:35:17.024  1822  1822 W BillingClient: 	at z4.b.h0(Unknown Source:10)
05-21 16:35:17.024  1822  1822 W BillingClient: 	at Q7.a.c0(Unknown Source:30)
05-21 16:35:17.024  1822  1822 W BillingClient: 	at Q7.A.J(Unknown Source:19)
05-21 16:35:17.024  1822  1822 W BillingClient: 	at androidx.lifecycle.L.g(Unknown Source:19)
05-21 16:35:17.024  1822  1822 W BillingClient: 	at androidx.lifecycle.A.a(Unknown Source:14)
05-21 16:35:17.024  1822  1822 W BillingClient: 	at androidx.lifecycle.B.h(Unknown Source:374)
05-21 16:35:17.024  1822  1822 W BillingClient: 	at androidx.lifecycle.B.e(Unknown Source:32)
05-21 16:35:17.024  1822  1822 W BillingClient: 	at androidx.lifecycle.B.d(Unknown Source:14)
05-21 16:35:17.024  1822  1822 W BillingClient: 	at p0.c0.n(Unknown Source:170)
05-21 16:35:17.024  1822  1822 W BillingClient: 	at p0.c0.k(Unknown Source:58)
05-21 16:35:17.024  1822  1822 W BillingClient: 	at p0.W.d0(Unknown Source:61)
05-21 16:35:17.024  1822  1822 W BillingClient: 	at p0.W.z(Unknown Source:35)
05-21 16:35:17.024  1822  1822 W BillingClient: 	at p0.W.x(Unknown Source:10)
05-21 16:35:17.024  1822  1822 W BillingClient: 	at h.k.s(Unknown Source:18)
05-21 16:35:17.024  1822  1822 W BillingClient: 	at h.k.onPostResume(Unknown Source:0)
05-21 16:35:17.024  1822  1822 W BillingClient: 	at android.app.Activity.performResume(Activity.java:8770)
05-21 16:35:17.024  1822  1822 W BillingClient: 	at android.app.ActivityThread.performResumeActivity(ActivityThread.java:4952)
05-21 16:35:17.024  1822  1822 W BillingClient: 	at android.app.ActivityThread.handleResumeActivity(ActivityThread.java:4995)
05-21 16:35:17.024  1822  1822 W BillingClient: 	at android.app.servertransaction.ResumeActivityItem.execute(ResumeActivityItem.java:57)
05-21 16:35:17.024  1822  1822 W BillingClient: 	at android.app.servertransaction.ActivityTransactionItem.execute(ActivityTransactionItem.java:45)
05-21 16:35:17.024  1822  1822 W BillingClient: 	at android.app.servertransaction.TransactionExecutor.executeLifecycleState(TransactionExecutor.java:180)
05-21 16:35:17.024  1822  1822 W BillingClient: 	at android.app.servertransaction.TransactionExecutor.execute(TransactionExecutor.java:98)
05-21 16:35:17.024  1822  1822 W BillingClient: 	at android.app.ActivityThread$H.handleMessage(ActivityThread.java:2443)
05-21 16:35:17.024  1822  1822 W BillingClient: 	at android.os.Handler.dispatchMessage(Handler.java:106)
05-21 16:35:17.024  1822  1822 W BillingClient: 	at android.os.Looper.loopOnce(Looper.java:205)
05-21 16:35:17.024  1822  1822 W BillingClient: 	at android.os.Looper.loop(Looper.java:294)
05-21 16:35:17.024  1822  1822 W BillingClient: 	at android.app.ActivityThread.main(ActivityThread.java:8177)
05-21 16:35:17.024  1822  1822 W BillingClient: 	at java.lang.reflect.Method.invoke(Native Method)
05-21 16:35:17.024  1822  1822 W BillingClient: 	at com.android.internal.os.RuntimeInit$MethodAndArgsCaller.run(RuntimeInit.java:552)
05-21 16:35:17.024  1822  1822 W BillingClient: 	at com.android.internal.os.ZygoteInit.main(ZygoteInit.java:971)
05-21 16:35:17.028   700  1337 W ProcessStats: Tracking association SourceState{dfae09 com.google.android.gms/10070 BTop #41602} whose proc state 2 is better than process ProcessState{8769a04 com.google.android.gms.persistent/10070 pkg=com.google.android.gms} proc state 3 (17 skipped)
05-21 16:35:17.029  1822  1822 W BillingClient: Unable to log.
05-21 16:35:17.029  1822  1822 W BillingClient: java.lang.NoClassDefFoundError: A2.I
05-21 16:35:17.029  1822  1822 W BillingClient: 	at A2.e.l(Unknown Source:0)
05-21 16:35:17.029  1822  1822 W BillingClient: 	at A2.e.o(Unknown Source:290)
05-21 16:35:17.029  1822  1822 W BillingClient: 	at A2.e.f(Unknown Source:1)
05-21 16:35:17.029  1822  1822 W BillingClient: 	at R6.g.g(Unknown Source:47)
05-21 16:35:17.029  1822  1822 W BillingClient: 	at F5.p.p(Unknown Source:72)
05-21 16:35:17.029  1822  1822 W BillingClient: 	at s7.a.l(Unknown Source:11)
05-21 16:35:17.029  1822  1822 W BillingClient: 	at Q7.J.run(Unknown Source:108)
05-21 16:35:17.029  1822  1822 W BillingClient: 	at Q7.T.b0(Unknown Source:23)
05-21 16:35:17.029  1822  1822 W BillingClient: 	at V7.b.n(Unknown Source:142)
05-21 16:35:17.029  1822  1822 W BillingClient: 	at z4.b.h0(Unknown Source:10)
05-21 16:35:17.029  1822  1822 W BillingClient: 	at Q7.a.c0(Unknown Source:30)
05-21 16:35:17.029  1822  1822 W BillingClient: 	at Q7.A.J(Unknown Source:19)
05-21 16:35:17.029  1822  1822 W BillingClient: 	at androidx.lifecycle.L.g(Unknown Source:19)
05-21 16:35:17.029  1822  1822 W BillingClient: 	at androidx.lifecycle.A.a(Unknown Source:14)
05-21 16:35:17.029  1822  1822 W BillingClient: 	at androidx.lifecycle.B.h(Unknown Source:374)
05-21 16:35:17.029  1822  1822 W BillingClient: 	at androidx.lifecycle.B.e(Unknown Source:32)
05-21 16:35:17.029  1822  1822 W BillingClient: 	at androidx.lifecycle.B.d(Unknown Source:14)
05-21 16:35:17.029  1822  1822 W BillingClient: 	at p0.c0.n(Unknown Source:170)
05-21 16:35:17.029  1822  1822 W BillingClient: 	at p0.c0.k(Unknown Source:58)
05-21 16:35:17.029  1822  1822 W BillingClient: 	at p0.W.d0(Unknown Source:61)
05-21 16:35:17.029  1822  1822 W BillingClient: 	at p0.W.z(Unknown Source:35)
05-21 16:35:17.029  1822  1822 W BillingClient: 	at p0.W.x(Unknown Source:10)
05-21 16:35:17.029  1822  1822 W BillingClient: 	at h.k.s(Unknown Source:18)
05-21 16:35:17.029  1822  1822 W BillingClient: 	at h.k.onPostResume(Unknown Source:0)
05-21 16:35:17.029  1822  1822 W BillingClient: 	at android.app.Activity.performResume(Activity.java:8770)
05-21 16:35:17.029  1822  1822 W BillingClient: 	at android.app.ActivityThread.performResumeActivity(ActivityThread.java:4952)
05-21 16:35:17.029  1822  1822 W BillingClient: 	at android.app.ActivityThread.handleResumeActivity(ActivityThread.java:4995)
05-21 16:35:17.029  1822  1822 W BillingClient: 	at android.app.servertransaction.ResumeActivityItem.execute(ResumeActivityItem.java:57)
05-21 16:35:17.029  1822  1822 W BillingClient: 	at android.app.servertransaction.ActivityTransactionItem.execute(ActivityTransactionItem.java:45)
05-21 16:35:17.029  1822  1822 W BillingClient: 	at android.app.servertransaction.TransactionExecutor.executeLifecycleState(TransactionExecutor.java:180)
05-21 16:35:17.029  1822  1822 W BillingClient: 	at android.app.servertransaction.TransactionExecutor.execute(TransactionExecutor.java:98)
05-21 16:35:17.029  1822  1822 W BillingClient: 	at android.app.ActivityThread$H.handleMessage(ActivityThread.java:2443)
05-21 16:35:17.029  1822  1822 W BillingClient: 	at android.os.Handler.dispatchMessage(Handler.java:106)
05-21 16:35:17.029  1822  1822 W BillingClient: 	at android.os.Looper.loopOnce(Looper.java:205)
05-21 16:35:17.029  1822  1822 W BillingClient: 	at android.os.Looper.loop(Looper.java:294)
05-21 16:35:17.029  1822  1822 W BillingClient: 	at android.app.ActivityThread.main(ActivityThread.java:8177)
05-21 16:35:17.029  1822  1822 W BillingClient: 	at java.lang.reflect.Method.invoke(Native Method)
05-21 16:35:17.029  1822  1822 W BillingClient: 	at com.android.internal.os.RuntimeInit$MethodAndArgsCaller.run(RuntimeInit.java:552)
05-21 16:35:17.029  1822  1822 W BillingClient: 	at com.android.internal.os.ZygoteInit.main(ZygoteInit.java:971)
05-21 16:35:17.029  1822  1822 W BillingClient: Caused by: java.lang.ExceptionInInitializerError
05-21 16:35:17.029  1822  1822 W BillingClient: 	at A2.I.<clinit>(Unknown Source:0)
05-21 16:35:17.029  1822  1822 W BillingClient: 	at A2.e.l(Unknown Source:0)
05-21 16:35:17.029  1822  1822 W BillingClient: 	at A2.e.o(Unknown Source:290)
05-21 16:35:17.029  1822  1822 W BillingClient: 	at A2.e.f(Unknown Source:1)
05-21 16:35:17.029  1822  1822 W BillingClient: 	at R6.g.g(Unknown Source:47)
05-21 16:35:17.029  1822  1822 W BillingClient: 	at d6.e.p(Unknown Source:22)
05-21 16:35:17.029  1822  1822 W BillingClient: 	at s7.a.l(Unknown Source:11)
05-21 16:35:17.029  1822  1822 W BillingClient: 	at Q7.J.run(Unknown Source:108)
05-21 16:35:17.029  1822  1822 W BillingClient: 	at U2.d.run(Unknown Source:334)
05-21 16:35:17.029  1822  1822 W BillingClient: 	at X7.j.run(Unknown Source:2)
05-21 16:35:17.029  1822  1822 W BillingClient: 	at X7.a.run(Unknown Source:87)
05-21 16:35:17.029  1822  1822 W BillingClient: Caused by: java.lang.IllegalArgumentException: Multiple entries with same key: TryRoom=3 and TryRoom=2
05-21 16:35:17.029  1822  1822 W BillingClient: 	at com.google.android.gms.internal.play_billing.t.a(Unknown Source:47)
05-21 16:35:17.029  1822  1822 W BillingClient: 	at com.google.android.gms.internal.play_billing.C.a(Unknown Source:475)
05-21 16:35:17.029  1822  1822 W BillingClient: 	at A2.J.<clinit>(Unknown Source:34)
05-21 16:35:17.029  1822  1822 W BillingClient: 	... 11 more
05-21 16:35:17.041  1822  2421 E OpenGLRenderer: Unable to match the desired swap behavior.
05-21 16:35:17.053  1822  1822 W Glide   : Load failed for [android.resource://com.orbital.iptv/2131689472] with dimensions [182x182]
05-21 16:35:17.053  1822  1822 W Glide   : class H2.z: Failed to load resource
05-21 16:35:17.053  1822  1822 W Glide   : There were 4 root causes:
05-21 16:35:17.053  1822  1822 W Glide   : java.io.FileNotFoundException(Resource does not exist: android.resource://com.orbital.iptv/2131689472)
05-21 16:35:17.053  1822  1822 W Glide   : java.io.FileNotFoundException(Resource does not exist: android.resource://com.orbital.iptv/2131689472)
05-21 16:35:17.053  1822  1822 W Glide   : android.content.res.Resources$NotFoundException(Drawable com.orbital.iptv:string/abc_action_bar_home_description with resource ID #0x7f0f0000)
05-21 16:35:17.053  1822  1822 W Glide   : android.content.res.Resources$NotFoundException(Drawable com.orbital.iptv:string/abc_action_bar_home_description with resource ID #0x7f0f0000)
05-21 16:35:17.053  1822  1822 W Glide   :  call GlideException#logRootCauses(String) for more detail
05-21 16:35:17.053  1822  1822 W Glide   :   Cause (1 of 3): class H2.z: Fetching data failed, class java.io.InputStream, LOCAL
05-21 16:35:17.053  1822  1822 W Glide   : There was 1 root cause:
05-21 16:35:17.053  1822  1822 W Glide   : java.io.FileNotFoundException(Resource does not exist: android.resource://com.orbital.iptv/2131689472)
05-21 16:35:17.053  1822  1822 W Glide   :  call GlideException#logRootCauses(String) for more detail
05-21 16:35:17.053  1822  1822 W Glide   :     Cause (1 of 1): class java.io.FileNotFoundException: Resource does not exist: android.resource://com.orbital.iptv/2131689472
05-21 16:35:17.053  1822  1822 W Glide   :   Cause (2 of 3): class H2.z: Fetching data failed, class android.os.ParcelFileDescriptor, LOCAL
05-21 16:35:17.053  1822  1822 W Glide   : There was 1 root cause:
05-21 16:35:17.053  1822  1822 W Glide   : java.io.FileNotFoundException(Resource does not exist: android.resource://com.orbital.iptv/2131689472)
05-21 16:35:17.053  1822  1822 W Glide   :  call GlideException#logRootCauses(String) for more detail
05-21 16:35:17.053  1822  1822 W Glide   :     Cause (1 of 1): class java.io.FileNotFoundException: Resource does not exist: android.resource://com.orbital.iptv/2131689472
05-21 16:35:17.053  1822  1822 W Glide   :   Cause (3 of 3): class H2.z: Failed LoadPath{HierarchicalUri->Object->f}, LOCAL
05-21 16:35:17.053  1822  1822 W Glide   : There were 2 root causes:
05-21 16:35:17.053  1822  1822 W Glide   : android.content.res.Resources$NotFoundException(Drawable com.orbital.iptv:string/abc_action_bar_home_description with resource ID #0x7f0f0000)
05-21 16:35:17.053  1822  1822 W Glide   : android.content.res.Resources$NotFoundException(Drawable com.orbital.iptv:string/abc_action_bar_home_description with resource ID #0x7f0f0000)
05-21 16:35:17.053  1822  1822 W Glide   :  call GlideException#logRootCauses(String) for more detail
05-21 16:35:17.053  1822  1822 W Glide   :     Cause (1 of 1): class H2.z: Failed DecodePath{HierarchicalUri->Drawable->f}
05-21 16:35:17.053  1822  1822 W Glide   : There were 2 root causes:
05-21 16:35:17.053  1822  1822 W Glide   : android.content.res.Resources$NotFoundException(Drawable com.orbital.iptv:string/abc_action_bar_home_description with resource ID #0x7f0f0000)
05-21 16:35:17.053  1822  1822 W Glide   : android.content.res.Resources$NotFoundException(Drawable com.orbital.iptv:string/abc_action_bar_home_description with resource ID #0x7f0f0000)
05-21 16:35:17.053  1822  1822 W Glide   :  call GlideException#logRootCauses(String) for more detail
05-21 16:35:17.053  1822  1822 W Glide   :       Cause (1 of 2): class android.content.res.Resources$NotFoundException: Drawable com.orbital.iptv:string/abc_action_bar_home_description with resource ID #0x7f0f0000
05-21 16:35:17.053  1822  1822 W Glide   :       Cause (2 of 2): class android.content.res.Resources$NotFoundException: Drawable com.orbital.iptv:string/abc_action_bar_home_description with resource ID #0x7f0f0000
05-21 16:35:17.096   700  1337 W PackageConfigPersister: App-specific configuration not found for packageName: com.spocky.projengmenu and userId: 0
05-21 16:35:17.134   753   765 E mtkpower@impl: [setMode] unknown type
05-21 16:35:17.312  1822 27165 W ColorUtils: expected specified color aspects (2:0:0:0)
05-21 16:35:17.323  1822 27165 W Codec2Client: query -- param skipped: index = 1107298332.
05-21 16:35:17.323  1822 27165 W CCodec  : This behavior is subject to change. It is recommended that app developers double check whether the requested max input size is in reasonable range.
05-21 16:35:17.331   512 27170 E mtkpower_client: [getMtkPerfHal] nullptr
05-21 16:35:17.332  1822 27165 W Codec2Client: query -- param skipped: index = 1342179345.
05-21 16:35:17.332  1822 27165 W Codec2Client: query -- param skipped: index = 2415921170.
05-21 16:35:17.332  1822 27165 W Codec2Client: query -- param skipped: index = 1610614798.
05-21 16:35:17.333   512   577 E C2MtkStorePlugin: hook CreateBlockPool allocatorId 274 poolId 198
05-21 16:35:17.339   764  5256 W ResourceManagerService: Ignoring request to add new resource entry with value <= 0
05-21 16:35:17.509   753   765 E mtkpower@impl: [setMode] unknown type
05-21 16:35:17.563   700   849 W AccessibilityWindowsPopulator: Windows change within in 2 frames continuously over 500 ms and notify windows changed immediately
05-21 16:35:17.609 27094 27094 W WindowOnBackDispatcher: sendCancelIfRunning: isInProgress=falsecallback=android.view.ViewRootImpl$$ExternalSyntheticLambda11@6fbb415
05-21 16:35:17.629   700  1337 W InputManager-JNI: Input channel object '1565a24 com.orbital.iptv/com.orbital.iptv.ui.home.HomeActivity (client)' was disposed without first being removed with the input manager!
05-21 16:35:17.711  1822  2823 W Codec2-OutputBufferQueue: receiving stale buffer: generation 1866072 , diff 1 : slot 13
05-21 16:35:17.714  1822  2823 W Codec2-OutputBufferQueue: receiving stale buffer: generation 1866072 , diff 1 : slot 16
05-21 16:35:17.783  1822 27164 W Codec2-OutputBufferQueue: outputBuffer -- buffers from old generation to 1866072 , diff: 1 , slot: 13
05-21 16:35:17.820  1822 27164 W Codec2-OutputBufferQueue: outputBuffer -- buffers from old generation to 1866072 , diff: 1 , slot: 16
05-21 16:35:17.843  1822 27164 W CCodecBufferChannel: no present fence for frame 2
05-21 16:35:18.049  1822  1836 W cky.projengmenu: ApkAssets: Deleting an ApkAssets object '<empty> and /data/app/~~hlQP1gFu6rpqP1GtsX0YCQ==/com.orbital.iptv-6cHVc8b82amtJzRVGIHUlg==/base.apk' with 1 weak references
05-21 16:35:18.253   700  1337 E CellBroadcastUtils: getDefaultCellBroadcastReceiverPackageName: no package found
05-21 16:35:18.354   700  1968 E CellBroadcastUtils: getDefaultCellBroadcastReceiverPackageName: no package found
05-21 16:35:18.586   700  1968 W WindowManager: Failed looking up window session=Session{cdea951 27094:u0a10128} callers=com.android.server.wm.WindowManagerService.windowForClientLocked:6034 com.android.server.wm.Session.updateRequestedVisibleTypes:690 android.view.IWindowSession$Stub.onTransact:1034 
05-21 16:35:18.661 27094 27115 E OpenGLRenderer: Unable to match the desired swap behavior.
05-21 16:35:18.705   700   846 W ziparchive: Unable to open '/data/app/~~hlQP1gFu6rpqP1GtsX0YCQ==/com.orbital.iptv-6cHVc8b82amtJzRVGIHUlg==/base.dm': No such file or directory
05-21 16:35:18.758   753   765 E mtkpower@impl: [setMode] unknown type
05-21 16:35:18.770   700  1337 W PackageConfigPersister: App-specific configuration not found for packageName: com.orbital.iptv and userId: 0
05-21 16:35:19.142   753   765 E mtkpower@impl: [setMode] unknown type
05-21 16:35:19.169   512 27170 W C2MtkComponent: [0xE91C4890] processQueue: queue is empty.
05-21 16:35:19.169   512 27173 W C2MtkComponent: [0xE91C4890] preprocessPostQueue: queue is empty.
05-21 16:35:19.169   512 27172 W C2MtkComponent: [0xE91C4890] processPostQueue: queue is empty.
05-21 16:35:19.169   512 27171 W C2MtkComponent: [0xE91C4890] processPreQueue: queue is empty.
05-21 16:35:19.177  1822 27164 W Codec2Client: query -- param skipped: index = 1342179345.
05-21 16:35:19.177  1822 27164 W Codec2Client: query -- param skipped: index = 2415921170.
05-21 16:35:19.177  1822 27164 W Codec2Client: query -- param skipped: index = 1610614798.
05-21 16:35:19.233  1822 27164 W MediaCodec: no metrics handle found
05-21 16:35:21.643   700  1770 E TaskPersister: File error accessing recents directory (directory doesn't exist?).
05-21 16:35:23.642   700   873 W BatteryExternalStatsWorker: error reading modem stats:ERROR_PHONE_NOT_AVAILABLE
05-21 16:35:23.643   700  2179 W BatteryExternalStatsWorker: error reading Bluetooth stats: 11
05-21 16:35:25.337 25867 25950 W native  : W0000 00:00:1779377725.337080   25950 publisher.cc:36] [FTL] No subscribers for event "hvc.api.events.MetricEvent" from publisher "UmaMetricsForwarder"
05-21 16:35:25.738 27094 27094 W Glide   : Failed to find GeneratedAppGlideModule. You should include an annotationProcessor compile dependency on com.github.bumptech.glide:compiler in your application and a @GlideModule annotated AppGlideModule implementation or LibraryGlideModules will be silently ignored
05-21 16:35:26.405 27094 27094 W Glide   : Load failed for [https://www.techfollows.com/wp-content/uploads/2019/08/PPV-on-Kodi.png] with dimensions [80x56]
05-21 16:35:26.405 27094 27094 W Glide   : class com.bumptech.glide.load.engine.GlideException: Failed to load resource
05-21 16:35:26.405 27094 27094 W Glide   : There was 1 root cause:
05-21 16:35:26.405 27094 27094 W Glide   : com.bumptech.glide.load.HttpException(Failed to connect or obtain data, status code: 403)
05-21 16:35:26.405 27094 27094 W Glide   :  call GlideException#logRootCauses(String) for more detail
05-21 16:35:26.405 27094 27094 W Glide   :   Cause (1 of 1): class com.bumptech.glide.load.engine.GlideException: Fetching data failed, class java.io.InputStream, REMOTE
05-21 16:35:26.405 27094 27094 W Glide   : There was 1 root cause:
05-21 16:35:26.405 27094 27094 W Glide   : com.bumptech.glide.load.HttpException(Failed to connect or obtain data, status code: 403)
05-21 16:35:26.405 27094 27094 W Glide   :  call GlideException#logRootCauses(String) for more detail
05-21 16:35:26.405 27094 27094 W Glide   :     Cause (1 of 1): class com.bumptech.glide.load.engine.GlideException: Fetch failed
05-21 16:35:26.405 27094 27094 W Glide   : There was 1 root cause:
05-21 16:35:26.405 27094 27094 W Glide   : com.bumptech.glide.load.HttpException(Failed to connect or obtain data, status code: 403)
05-21 16:35:26.405 27094 27094 W Glide   :  call GlideException#logRootCauses(String) for more detail
05-21 16:35:26.405 27094 27094 W Glide   :       Cause (1 of 1): class com.bumptech.glide.load.HttpException: Failed to connect or obtain data, status code: 403
05-21 16:35:26.418 27094 27094 W Glide   : Load failed for [https://www.techfollows.com/wp-content/uploads/2019/08/PPV-on-Kodi.png] with dimensions [80x56]
05-21 16:35:26.418 27094 27094 W Glide   : class com.bumptech.glide.load.engine.GlideException: Failed to load resource
05-21 16:35:26.418 27094 27094 W Glide   : There was 1 root cause:
05-21 16:35:26.418 27094 27094 W Glide   : com.bumptech.glide.load.HttpException(Failed to connect or obtain data, status code: 403)
05-21 16:35:26.418 27094 27094 W Glide   :  call GlideException#logRootCauses(String) for more detail
05-21 16:35:26.418 27094 27094 W Glide   :   Cause (1 of 1): class com.bumptech.glide.load.engine.GlideException: Fetching data failed, class java.io.InputStream, REMOTE
05-21 16:35:26.418 27094 27094 W Glide   : There was 1 root cause:
05-21 16:35:26.418 27094 27094 W Glide   : com.bumptech.glide.load.HttpException(Failed to connect or obtain data, status code: 403)
05-21 16:35:26.418 27094 27094 W Glide   :  call GlideException#logRootCauses(String) for more detail
05-21 16:35:26.418 27094 27094 W Glide   :     Cause (1 of 1): class com.bumptech.glide.load.engine.GlideException: Fetch failed
05-21 16:35:26.418 27094 27094 W Glide   : There was 1 root cause:
05-21 16:35:26.418 27094 27094 W Glide   : com.bumptech.glide.load.HttpException(Failed to connect or obtain data, status code: 403)
05-21 16:35:26.418 27094 27094 W Glide   :  call GlideException#logRootCauses(String) for more detail
05-21 16:35:26.418 27094 27094 W Glide   :       Cause (1 of 1): class com.bumptech.glide.load.HttpException: Failed to connect or obtain data, status code: 403
05-21 16:35:26.429 27094 27094 W Glide   : Load failed for [https://www.techfollows.com/wp-content/uploads/2019/08/PPV-on-Kodi.png] with dimensions [80x56]
05-21 16:35:26.429 27094 27094 W Glide   : class com.bumptech.glide.load.engine.GlideException: Failed to load resource
05-21 16:35:26.429 27094 27094 W Glide   : There was 1 root cause:
05-21 16:35:26.429 27094 27094 W Glide   : com.bumptech.glide.load.HttpException(Failed to connect or obtain data, status code: 403)
05-21 16:35:26.429 27094 27094 W Glide   :  call GlideException#logRootCauses(String) for more detail
05-21 16:35:26.429 27094 27094 W Glide   :   Cause (1 of 1): class com.bumptech.glide.load.engine.GlideException: Fetching data failed, class java.io.InputStream, REMOTE
05-21 16:35:26.429 27094 27094 W Glide   : There was 1 root cause:
05-21 16:35:26.429 27094 27094 W Glide   : com.bumptech.glide.load.HttpException(Failed to connect or obtain data, status code: 403)
05-21 16:35:26.429 27094 27094 W Glide   :  call GlideException#logRootCauses(String) for more detail
05-21 16:35:26.429 27094 27094 W Glide   :     Cause (1 of 1): class com.bumptech.glide.load.engine.GlideException: Fetch failed
05-21 16:35:26.429 27094 27094 W Glide   : There was 1 root cause:
05-21 16:35:26.429 27094 27094 W Glide   : com.bumptech.glide.load.HttpException(Failed to connect or obtain data, status code: 403)
05-21 16:35:26.429 27094 27094 W Glide   :  call GlideException#logRootCauses(String) for more detail
05-21 16:35:26.429 27094 27094 W Glide   :       Cause (1 of 1): class com.bumptech.glide.load.HttpException: Failed to connect or obtain data, status code: 403
05-21 16:35:26.440 27094 27094 W Glide   : Load failed for [https://www.techfollows.com/wp-content/uploads/2019/08/PPV-on-Kodi.png] with dimensions [80x56]
05-21 16:35:26.440 27094 27094 W Glide   : class com.bumptech.glide.load.engine.GlideException: Failed to load resource
05-21 16:35:26.440 27094 27094 W Glide   : There was 1 root cause:
05-21 16:35:26.440 27094 27094 W Glide   : com.bumptech.glide.load.HttpException(Failed to connect or obtain data, status code: 403)
05-21 16:35:26.440 27094 27094 W Glide   :  call GlideException#logRootCauses(String) for more detail
05-21 16:35:26.440 27094 27094 W Glide   :   Cause (1 of 1): class com.bumptech.glide.load.engine.GlideException: Fetching data failed, class java.io.InputStream, REMOTE
05-21 16:35:26.440 27094 27094 W Glide   : There was 1 root cause:
05-21 16:35:26.440 27094 27094 W Glide   : com.bumptech.glide.load.HttpException(Failed to connect or obtain data, status code: 403)
05-21 16:35:26.440 27094 27094 W Glide   :  call GlideException#logRootCauses(String) for more detail
05-21 16:35:26.440 27094 27094 W Glide   :     Cause (1 of 1): class com.bumptech.glide.load.engine.GlideException: Fetch failed
05-21 16:35:26.440 27094 27094 W Glide   : There was 1 root cause:
05-21 16:35:26.440 27094 27094 W Glide   : com.bumptech.glide.load.HttpException(Failed to connect or obtain data, status code: 403)
05-21 16:35:26.440 27094 27094 W Glide   :  call GlideException#logRootCauses(String) for more detail
05-21 16:35:26.440 27094 27094 W Glide   :       Cause (1 of 1): class com.bumptech.glide.load.HttpException: Failed to connect or obtain data, status code: 403
05-21 16:35:26.452 27094 27094 W Glide   : Load failed for [https://www.techfollows.com/wp-content/uploads/2019/08/PPV-on-Kodi.png] with dimensions [80x56]
05-21 16:35:26.452 27094 27094 W Glide   : class com.bumptech.glide.load.engine.GlideException: Failed to load resource
05-21 16:35:26.452 27094 27094 W Glide   : There was 1 root cause:
05-21 16:35:26.452 27094 27094 W Glide   : com.bumptech.glide.load.HttpException(Failed to connect or obtain data, status code: 403)
05-21 16:35:26.452 27094 27094 W Glide   :  call GlideException#logRootCauses(String) for more detail
05-21 16:35:26.452 27094 27094 W Glide   :   Cause (1 of 1): class com.bumptech.glide.load.engine.GlideException: Fetching data failed, class java.io.InputStream, REMOTE
05-21 16:35:26.452 27094 27094 W Glide   : There was 1 root cause:
05-21 16:35:26.452 27094 27094 W Glide   : com.bumptech.glide.load.HttpException(Failed to connect or obtain data, status code: 403)
05-21 16:35:26.452 27094 27094 W Glide   :  call GlideException#logRootCauses(String) for more detail
05-21 16:35:26.452 27094 27094 W Glide   :     Cause (1 of 1): class com.bumptech.glide.load.engine.GlideException: Fetch failed
05-21 16:35:26.452 27094 27094 W Glide   : There was 1 root cause:
05-21 16:35:26.452 27094 27094 W Glide   : com.bumptech.glide.load.HttpException(Failed to connect or obtain data, status code: 403)
05-21 16:35:26.452 27094 27094 W Glide   :  call GlideException#logRootCauses(String) for more detail
05-21 16:35:26.452 27094 27094 W Glide   :       Cause (1 of 1): class com.bumptech.glide.load.HttpException: Failed to connect or obtain data, status code: 403
05-21 16:35:26.465 27094 27094 W Glide   : Load failed for [https://www.techfollows.com/wp-content/uploads/2019/08/PPV-on-Kodi.png] with dimensions [80x56]
05-21 16:35:26.465 27094 27094 W Glide   : class com.bumptech.glide.load.engine.GlideException: Failed to load resource
05-21 16:35:26.465 27094 27094 W Glide   : There was 1 root cause:
05-21 16:35:26.465 27094 27094 W Glide   : com.bumptech.glide.load.HttpException(Failed to connect or obtain data, status code: 403)
05-21 16:35:26.465 27094 27094 W Glide   :  call GlideException#logRootCauses(String) for more detail
05-21 16:35:26.465 27094 27094 W Glide   :   Cause (1 of 1): class com.bumptech.glide.load.engine.GlideException: Fetching data failed, class java.io.InputStream, REMOTE
05-21 16:35:26.465 27094 27094 W Glide   : There was 1 root cause:
05-21 16:35:26.465 27094 27094 W Glide   : com.bumptech.glide.load.HttpException(Failed to connect or obtain data, status code: 403)
05-21 16:35:26.465 27094 27094 W Glide   :  call GlideException#logRootCauses(String) for more detail
05-21 16:35:26.465 27094 27094 W Glide   :     Cause (1 of 1): class com.bumptech.glide.load.engine.GlideException: Fetch failed
05-21 16:35:26.465 27094 27094 W Glide   : There was 1 root cause:
05-21 16:35:26.465 27094 27094 W Glide   : com.bumptech.glide.load.HttpException(Failed to connect or obtain data, status code: 403)
05-21 16:35:26.465 27094 27094 W Glide   :  call GlideException#logRootCauses(String) for more detail
05-21 16:35:26.465 27094 27094 W Glide   :       Cause (1 of 1): class com.bumptech.glide.load.HttpException: Failed to connect or obtain data, status code: 403
05-21 16:35:26.476 27094 27094 W Glide   : Load failed for [https://www.techfollows.com/wp-content/uploads/2019/08/PPV-on-Kodi.png] with dimensions [80x56]
05-21 16:35:26.476 27094 27094 W Glide   : class com.bumptech.glide.load.engine.GlideException: Failed to load resource
05-21 16:35:26.476 27094 27094 W Glide   : There was 1 root cause:
05-21 16:35:26.476 27094 27094 W Glide   : com.bumptech.glide.load.HttpException(Failed to connect or obtain data, status code: 403)
05-21 16:35:26.476 27094 27094 W Glide   :  call GlideException#logRootCauses(String) for more detail
05-21 16:35:26.476 27094 27094 W Glide   :   Cause (1 of 1): class com.bumptech.glide.load.engine.GlideException: Fetching data failed, class java.io.InputStream, REMOTE
05-21 16:35:26.476 27094 27094 W Glide   : There was 1 root cause:
05-21 16:35:26.476 27094 27094 W Glide   : com.bumptech.glide.load.HttpException(Failed to connect or obtain data, status code: 403)
05-21 16:35:26.476 27094 27094 W Glide   :  call GlideException#logRootCauses(String) for more detail
05-21 16:35:26.476 27094 27094 W Glide   :     Cause (1 of 1): class com.bumptech.glide.load.engine.GlideException: Fetch failed
05-21 16:35:26.476 27094 27094 W Glide   : There was 1 root cause:
05-21 16:35:26.476 27094 27094 W Glide   : com.bumptech.glide.load.HttpException(Failed to connect or obtain data, status code: 403)
05-21 16:35:26.476 27094 27094 W Glide   :  call GlideException#logRootCauses(String) for more detail
05-21 16:35:26.476 27094 27094 W Glide   :       Cause (1 of 1): class com.bumptech.glide.load.HttpException: Failed to connect or obtain data, status code: 403
05-21 16:35:26.488 27094 27094 W Glide   : Load failed for [https://www.techfollows.com/wp-content/uploads/2019/08/PPV-on-Kodi.png] with dimensions [80x56]
05-21 16:35:26.488 27094 27094 W Glide   : class com.bumptech.glide.load.engine.GlideException: Failed to load resource
05-21 16:35:26.488 27094 27094 W Glide   : There was 1 root cause:
05-21 16:35:26.488 27094 27094 W Glide   : com.bumptech.glide.load.HttpException(Failed to connect or obtain data, status code: 403)
05-21 16:35:26.488 27094 27094 W Glide   :  call GlideException#logRootCauses(String) for more detail
05-21 16:35:26.488 27094 27094 W Glide   :   Cause (1 of 1): class com.bumptech.glide.load.engine.GlideException: Fetching data failed, class java.io.InputStream, REMOTE
05-21 16:35:26.488 27094 27094 W Glide   : There was 1 root cause:
05-21 16:35:26.488 27094 27094 W Glide   : com.bumptech.glide.load.HttpException(Failed to connect or obtain data, status code: 403)
05-21 16:35:26.488 27094 27094 W Glide   :  call GlideException#logRootCauses(String) for more detail
05-21 16:35:26.488 27094 27094 W Glide   :     Cause (1 of 1): class com.bumptech.glide.load.engine.GlideException: Fetch failed
05-21 16:35:26.488 27094 27094 W Glide   : There was 1 root cause:
05-21 16:35:26.488 27094 27094 W Glide   : com.bumptech.glide.load.HttpException(Failed to connect or obtain data, status code: 403)
05-21 16:35:26.488 27094 27094 W Glide   :  call GlideException#logRootCauses(String) for more detail
05-21 16:35:26.488 27094 27094 W Glide   :       Cause (1 of 1): class com.bumptech.glide.load.HttpException: Failed to connect or obtain data, status code: 403
05-21 16:35:26.500 27094 27094 W Glide   : Load failed for [https://www.techfollows.com/wp-content/uploads/2019/08/PPV-on-Kodi.png] with dimensions [80x56]
05-21 16:35:26.500 27094 27094 W Glide   : class com.bumptech.glide.load.engine.GlideException: Failed to load resource
05-21 16:35:26.500 27094 27094 W Glide   : There was 1 root cause:
05-21 16:35:26.500 27094 27094 W Glide   : com.bumptech.glide.load.HttpException(Failed to connect or obtain data, status code: 403)
05-21 16:35:26.500 27094 27094 W Glide   :  call GlideException#logRootCauses(String) for more detail
05-21 16:35:26.500 27094 27094 W Glide   :   Cause (1 of 1): class com.bumptech.glide.load.engine.GlideException: Fetching data failed, class java.io.InputStream, REMOTE
05-21 16:35:26.500 27094 27094 W Glide   : There was 1 root cause:
05-21 16:35:26.500 27094 27094 W Glide   : com.bumptech.glide.load.HttpException(Failed to connect or obtain data, status code: 403)
05-21 16:35:26.500 27094 27094 W Glide   :  call GlideException#logRootCauses(String) for more detail
05-21 16:35:26.500 27094 27094 W Glide   :     Cause (1 of 1): class com.bumptech.glide.load.engine.GlideException: Fetch failed
05-21 16:35:26.500 27094 27094 W Glide   : There was 1 root cause:
05-21 16:35:26.500 27094 27094 W Glide   : com.bumptech.glide.load.HttpException(Failed to connect or obtain data, status code: 403)
05-21 16:35:26.500 27094 27094 W Glide   :  call GlideException#logRootCauses(String) for more detail
05-21 16:35:26.500 27094 27094 W Glide   :       Cause (1 of 1): class com.bumptech.glide.load.HttpException: Failed to connect or obtain data, status code: 403
05-21 16:35:28.004   700  1337 W PackageConfigPersister: App-specific configuration not found for packageName: com.orbital.iptv and userId: 0
05-21 16:35:28.701 27094 27115 E OpenGLRenderer: Unable to match the desired swap behavior.
05-21 16:35:28.808   753   765 E mtkpower@impl: [setMode] unknown type
05-21 16:35:29.041   753   765 E mtkpower@impl: [setMode] unknown type
05-21 16:35:29.445   753   765 E mtkpower@impl: [setMode] unknown type
05-21 16:35:29.607   753   765 E mtkpower@impl: [setMode] unknown type
05-21 16:35:29.845   753   765 E mtkpower@impl: [setMode] unknown type
05-21 16:35:29.968   700  1337 E CellBroadcastUtils: getDefaultCellBroadcastReceiverPackageName: no package found
05-21 16:35:29.973   700  1337 E Transition: Trying to add a ready-group twice: Display{#0 state=ON size=1920x1080 ROTATION_0}
05-21 16:35:29.977 27094 27094 W WindowOnBackDispatcher: sendCancelIfRunning: isInProgress=falsecallback=android.view.ViewRootImpl$$ExternalSyntheticLambda11@d899ebe
05-21 16:35:29.988   700  2179 W InputManager-JNI: Input channel object '8c300a6 com.orbital.iptv/com.orbital.iptv.ui.home.HomeActivity (client)' was disposed without first being removed with the input manager!
05-21 16:35:29.996 27094 27094 W InputEventReceiver: Attempted to finish an input event but the input event receiver has already been disposed.
05-21 16:35:30.025   753   765 E mtkpower@impl: [setMode] unknown type
05-21 16:35:30.040   753   765 E mtkpower@impl: [setMode] unknown type
05-21 16:35:30.114  3825  3839 W System  : A resource failed to call close. 
05-21 16:35:30.115  3825  3839 W System  : A resource failed to call close. 
05-21 16:35:30.115  3825  3839 W System  : A resource failed to call close. 
05-21 16:35:30.115  3825  3839 W System  : A resource failed to call close. 
05-21 16:35:30.115  3825  3839 W System  : A resource failed to call close. 
05-21 16:35:30.116  3825  3839 W System  : A resource failed to call close. 
05-21 16:35:30.116  3825  3839 W System  : A resource failed to call close. 
05-21 16:35:30.116  3825  3839 W System  : A resource failed to call close. 
05-21 16:35:30.116  3825  3839 W System  : A resource failed to call close. 
05-21 16:35:30.116  3825  3839 W System  : A resource failed to call close. 
05-21 16:35:30.116  3825  3839 W System  : A resource failed to call close. 
05-21 16:35:30.116  3825  3839 W System  : A resource failed to call close. 
05-21 16:35:30.116  3825  3839 W System  : A resource failed to call close. 
05-21 16:35:30.117  3825  3839 W System  : A resource failed to call close. 
05-21 16:35:30.117  3825  3839 W System  : A resource failed to call close. 
05-21 16:35:30.117  3825  3839 W System  : A resource failed to call close. 
05-21 16:35:30.117  3825  3839 W System  : A resource failed to call close. 
05-21 16:35:30.117  3825  3839 W System  : A resource failed to call close. 
05-21 16:35:30.117  3825  3839 W System  : A resource failed to call close. 
05-21 16:35:30.117  3825  3839 W System  : A resource failed to call close. 
05-21 16:35:30.117  3825  3839 W System  : A resource failed to call close. 
05-21 16:35:30.118  3825  3839 W System  : A resource failed to call close. 
05-21 16:35:30.118  3825  3839 W System  : A resource failed to call close. 
05-21 16:35:30.118  3825  3839 W System  : A resource failed to call close. 
05-21 16:35:30.118  3825  3839 W System  : A resource failed to call close. 
05-21 16:35:30.118  3825  3839 W System  : A resource failed to call close. 
05-21 16:35:30.118  3825  3839 W System  : A resource failed to call close. 
05-21 16:35:30.119  3825  3839 W System  : A resource failed to call close. 
05-21 16:35:30.119  3825  3839 W System  : A resource failed to call close. 
05-21 16:35:30.119  3825  3839 W System  : A resource failed to call close. 
05-21 16:35:30.119  3825  3839 W System  : A resource failed to call close. 
05-21 16:35:30.119  3825  3839 W System  : A resource failed to call close. 
05-21 16:35:30.119  3825  3839 W System  : A resource failed to call close. 
05-21 16:35:30.119  3825  3839 W System  : A resource failed to call close. 
05-21 16:35:30.120  3825  3839 W System  : A resource failed to call close. 
05-21 16:35:30.120  3825  3839 W System  : A resource failed to call close. 
05-21 16:35:30.120  3825  3839 W System  : A resource failed to call close. 
05-21 16:35:30.120  3825  3839 W System  : A resource failed to call close. 
05-21 16:35:30.121  3825  3839 W System  : A resource failed to call close. 
05-21 16:35:30.121  3825  3839 W System  : A resource failed to call close. 
05-21 16:35:30.121  3825  3839 W System  : A resource failed to call close. 
05-21 16:35:30.124  3825  3839 W System  : A resource failed to call close. 
05-21 16:35:30.125  3825  3839 W System  : A resource failed to call close. 
05-21 16:35:30.125  3825  3839 W System  : A resource failed to call close. 
05-21 16:35:30.125  3825  3839 W System  : A resource failed to call close. 
05-21 16:35:30.125  3825  3839 W System  : A resource failed to call close. 
05-21 16:35:30.125  3825  3839 W System  : A resource failed to call close. 
05-21 16:35:30.126  3825  3839 W System  : A resource failed to call close. 
05-21 16:35:30.126  3825  3839 W System  : A resource failed to call close. 
05-21 16:35:30.126  3825  3839 W System  : A resource failed to call close. 
05-21 16:35:30.126  3825  3839 W System  : A resource failed to call close. 
05-21 16:35:30.126  3825  3839 W System  : A resource failed to call close. 
05-21 16:35:30.127  3825  3839 W System  : A resource failed to call close. 
05-21 16:35:30.127  3825  3839 W System  : A resource failed to call close. 
05-21 16:35:30.127  3825  3839 W System  : A resource failed to call close. 
05-21 16:35:30.127  3825  3839 W System  : A resource failed to call close. 
05-21 16:35:30.127  3825  3839 W System  : A resource failed to call close. 
05-21 16:35:30.127  3825  3839 W System  : A resource failed to call close. 
05-21 16:35:30.127  3825  3839 W System  : A resource failed to call close. 
05-21 16:35:30.128  3825  3839 W System  : A resource failed to call close. 
05-21 16:35:30.128  3825  3839 W System  : A resource failed to call close. 
05-21 16:35:30.128  3825  3839 W System  : A resource failed to call close. 
05-21 16:35:30.128  3825  3839 W System  : A resource failed to call close. 
05-21 16:35:30.128  3825  3839 W System  : A resource failed to call close. 
05-21 16:35:30.128  3825  3839 W System  : A resource failed to call close. 
05-21 16:35:30.128  3825  3839 W System  : A resource failed to call close. 
05-21 16:35:30.128  3825  3839 W System  : A resource failed to call close. 
05-21 16:35:30.129  3825  3839 W System  : A resource failed to call close. 
05-21 16:35:30.129  3825  3839 W System  : A resource failed to call close. 
05-21 16:35:30.129  3825  3839 W System  : A resource failed to call close. 
05-21 16:35:30.129  3825  3839 W System  : A resource failed to call close. 
05-21 16:35:30.129  3825  3839 W System  : A resource failed to call close. 
05-21 16:35:30.129  3825  3839 W System  : A resource failed to call close. 
05-21 16:35:30.129  3825  3839 W System  : A resource failed to call close. 
05-21 16:35:30.129  3825  3839 W System  : A resource failed to call close. 
05-21 16:35:30.129  3825  3839 W System  : A resource failed to call close. 
05-21 16:35:30.130  3825  3839 W System  : A resource failed to call close. 
05-21 16:35:30.130  3825  3839 W System  : A resource failed to call close. 
05-21 16:35:30.130  3825  3839 W System  : A resource failed to call close. 
05-21 16:35:30.130  3825  3839 W System  : A resource failed to call close. 
05-21 16:35:30.130  3825  3839 W System  : A resource failed to call close. 
05-21 16:35:30.130  3825  3839 W System  : A resource failed to call close. 
05-21 16:35:30.130  3825  3839 W System  : A resource failed to call close. 
05-21 16:35:30.130  3825  3839 W System  : A resource failed to call close. 
05-21 16:35:30.130  3825  3839 W System  : A resource failed to call close. 
05-21 16:35:30.131  3825  3839 W System  : A resource failed to call close. 
05-21 16:35:30.131  3825  3839 W System  : A resource failed to call close. 
05-21 16:35:30.131  3825  3839 W System  : A resource failed to call close. 
05-21 16:35:30.131  3825  3839 W System  : A resource failed to call close. 
05-21 16:35:30.131  3825  3839 W System  : A resource failed to call close. 
05-21 16:35:30.131  3825  3839 W System  : A resource failed to call close. 
05-21 16:35:30.131  3825  3839 W System  : A resource failed to call close. 
05-21 16:35:30.131  3825  3839 W System  : A resource failed to call close. 
05-21 16:35:30.131  3825  3839 W System  : A resource failed to call close. 
05-21 16:35:30.132  3825  3839 W System  : A resource failed to call close. 
05-21 16:35:30.132  3825  3839 W System  : A resource failed to call close. 
05-21 16:35:30.132  3825  3839 W System  : A resource failed to call close. 
05-21 16:35:30.132  3825  3839 W System  : A resource failed to call close. 
05-21 16:35:30.132  3825  3839 W System  : A resource failed to call close. 
05-21 16:35:30.132  3825  3839 W System  : A resource failed to call close. 
05-21 16:35:30.132  3825  3839 W System  : A resource failed to call close. 
05-21 16:35:30.133  3825  3839 W System  : A resource failed to call close. 
05-21 16:35:30.133  3825  3839 W System  : A resource failed to call close. 
05-21 16:35:30.133  3825  3839 W System  : A resource failed to call close. 
05-21 16:35:30.133  3825  3839 W System  : A resource failed to call close. 
05-21 16:35:30.133  3825  3839 W System  : A resource failed to call close. 
05-21 16:35:30.133  3825  3839 W System  : A resource failed to call close. 
05-21 16:35:30.133  3825  3839 W System  : A resource failed to call close. 
05-21 16:35:30.133  3825  3839 W System  : A resource failed to call close. 
05-21 16:35:30.134  3825  3839 W System  : A resource failed to call close. 
05-21 16:35:30.134  3825  3839 W System  : A resource failed to call close. 
05-21 16:35:30.134  3825  3839 W System  : A resource failed to call close. 
05-21 16:35:30.134  3825  3839 W System  : A resource failed to call close. 
05-21 16:35:30.134  3825  3839 W System  : A resource failed to call close. 
05-21 16:35:30.134  3825  3839 W System  : A resource failed to call close. 
05-21 16:35:30.134  3825  3839 W System  : A resource failed to call close. 
05-21 16:35:30.134  3825  3839 W System  : A resource failed to call close. 
05-21 16:35:30.135  3825  3839 W System  : A resource failed to call close. 
05-21 16:35:30.135  3825  3839 W System  : A resource failed to call close. 
05-21 16:35:30.135  3825  3839 W System  : A resource failed to call close. 
05-21 16:35:30.135  3825  3839 W System  : A resource failed to call close. 
05-21 16:35:30.135  3825  3839 W System  : A resource failed to call close. 
05-21 16:35:30.135  3825  3839 W System  : A resource failed to call close. 
05-21 16:35:30.136  3825  3839 W System  : A resource failed to call close. 
05-21 16:35:30.136  3825  3839 W System  : A resource failed to call close. 
05-21 16:35:30.136  3825  3839 W System  : A resource failed to call close. 
05-21 16:35:30.136  3825  3839 W System  : A resource failed to call close. 
05-21 16:35:30.136  3825  3839 W System  : A resource failed to call close. 
05-21 16:35:30.136  3825  3839 W System  : A resource failed to call close. 
05-21 16:35:30.136  3825  3839 W System  : A resource failed to call close. 
05-21 16:35:30.137  3825  3839 W System  : A resource failed to call close. 
05-21 16:35:30.137  3825  3839 W System  : A resource failed to call close. 
05-21 16:35:30.137  3825  3839 W System  : A resource failed to call close. 
05-21 16:35:30.137  3825  3839 W System  : A resource failed to call close. 
05-21 16:35:30.137  3825  3839 W System  : A resource failed to call close. 
05-21 16:35:30.137  3825  3839 W System  : A resource failed to call close. 
05-21 16:35:30.137  3825  3839 W System  : A resource failed to call close. 
05-21 16:35:30.139  3825  3839 W System  : A resource failed to call close. 
05-21 16:35:30.141  3825  3839 W System  : A resource failed to call close. 
05-21 16:35:30.142  3825  3839 W System  : A resource failed to call close. 
05-21 16:35:30.144  3825  3839 W System  : A resource failed to call close. 
05-21 16:35:30.144  3825  3839 W System  : A resource failed to call close. 
05-21 16:35:30.144  3825  3839 W System  : A resource failed to call close. 
05-21 16:35:30.144  3825  3839 W System  : A resource failed to call close. 
05-21 16:35:30.144  3825  3839 W System  : A resource failed to call close. 
05-21 16:35:30.144  3825  3839 W System  : A resource failed to call close. 
05-21 16:35:30.145  3825  3839 W System  : A resource failed to call close. 
05-21 16:35:30.145  3825  3839 W System  : A resource failed to call close. 
05-21 16:35:30.145  3825  3839 W System  : A resource failed to call close. 
05-21 16:35:30.145  3825  3839 W System  : A resource failed to call close. 
05-21 16:35:30.145  3825  3839 W System  : A resource failed to call close. 
05-21 16:35:30.145  3825  3839 W System  : A resource failed to call close. 
05-21 16:35:30.145  3825  3839 W System  : A resource failed to call close. 
05-21 16:35:30.145  3825  3839 W System  : A resource failed to call close. 
05-21 16:35:30.146  3825  3839 W System  : A resource failed to call close. 
05-21 16:35:30.146  3825  3839 W System  : A resource failed to call close. 
05-21 16:35:30.146  3825  3839 W System  : A resource failed to call close. 
05-21 16:35:30.146  3825  3839 W System  : A resource failed to call close. 
05-21 16:35:30.146  3825  3839 W System  : A resource failed to call close. 
05-21 16:35:30.146  3825  3839 W System  : A resource failed to call close. 
05-21 16:35:30.146  3825  3839 W System  : A resource failed to call close. 
05-21 16:35:30.146  3825  3839 W System  : A resource failed to call close. 
05-21 16:35:30.146  3825  3839 W System  : A resource failed to call close. 
05-21 16:35:30.147  3825  3839 W System  : A resource failed to call close. 
05-21 16:35:30.147  3825  3839 W System  : A resource failed to call close. 
