--------- beginning of main
05-21 16:34:03.574  3825  3839 W System  : A resource failed to call close. 
05-21 16:34:03.574  3825  3839 W System  : A resource failed to call close. 
05-21 16:34:03.574  3825  3839 W System  : A resource failed to call close. 
05-21 16:34:03.575  3825  3839 W System  : A resource failed to call close. 
05-21 16:34:03.575  3825  3839 W System  : A resource failed to call close. 
05-21 16:34:03.575  3825  3839 W System  : A resource failed to call close. 
05-21 16:34:03.575  3825  3839 W System  : A resource failed to call close. 
05-21 16:34:03.575  3825  3839 W System  : A resource failed to call close. 
05-21 16:34:03.575  3825  3839 W System  : A resource failed to call close. 
05-21 16:34:03.575  3825  3839 W System  : A resource failed to call close. 
05-21 16:34:03.576  3825  3839 W System  : A resource failed to call close. 
05-21 16:34:03.576  3825  3839 W System  : A resource failed to call close. 
05-21 16:34:03.576  3825  3839 W System  : A resource failed to call close. 
05-21 16:34:03.577  3825  3839 W System  : A resource failed to call close. 
05-21 16:34:03.577  3825  3839 W System  : A resource failed to call close. 
05-21 16:34:03.577  3825  3839 W System  : A resource failed to call close. 
05-21 16:34:03.577  3825  3839 W System  : A resource failed to call close. 
05-21 16:34:03.577  3825  3839 W System  : A resource failed to call close. 
05-21 16:34:03.578  3825  3839 W System  : A resource failed to call close. 
05-21 16:34:03.578  3825  3839 W System  : A resource failed to call close. 
05-21 16:34:03.578  3825  3839 W System  : A resource failed to call close. 
05-21 16:34:03.578  3825  3839 W System  : A resource failed to call close. 
05-21 16:34:03.578  3825  3839 W System  : A resource failed to call close. 
05-21 16:34:03.578  3825  3839 W System  : A resource failed to call close. 
05-21 16:34:03.578  3825  3839 W System  : A resource failed to call close. 
05-21 16:34:03.578  3825  3839 W System  : A resource failed to call close. 
05-21 16:34:03.579  3825  3839 W System  : A resource failed to call close. 
05-21 16:34:03.579  3825  3839 W System  : A resource failed to call close. 
05-21 16:34:03.579  3825  3839 W System  : A resource failed to call close. 
05-21 16:34:03.579  3825  3839 W System  : A resource failed to call close. 
05-21 16:34:03.583  3825  3839 W System  : A resource failed to call close. 
05-21 16:34:03.583  3825  3839 W System  : A resource failed to call close. 
05-21 16:34:03.583  3825  3839 W System  : A resource failed to call close. 
05-21 16:34:03.583  3825  3839 W System  : A resource failed to call close. 
05-21 16:34:03.583  3825  3839 W System  : A resource failed to call close. 
05-21 16:34:03.584  3825  3839 W System  : A resource failed to call close. 
05-21 16:34:03.584  3825  3839 W System  : A resource failed to call close. 
05-21 16:34:03.584  3825  3839 W System  : A resource failed to call close. 
05-21 16:34:03.584  3825  3839 W System  : A resource failed to call close. 
05-21 16:34:03.584  3825  3839 W System  : A resource failed to call close. 
05-21 16:34:03.584  3825  3839 W System  : A resource failed to call close. 
05-21 16:34:03.584  3825  3839 W System  : A resource failed to call close. 
05-21 16:34:03.584  3825  3839 W System  : A resource failed to call close. 
05-21 16:34:03.586  3825  3839 W System  : A resource failed to call close. 
05-21 16:34:03.586  3825  3839 W System  : A resource failed to call close. 
05-21 16:34:03.586  3825  3839 W System  : A resource failed to call close. 
05-21 16:34:03.587  3825  3839 W System  : A resource failed to call close. 
05-21 16:34:03.587  3825  3839 W System  : A resource failed to call close. 
05-21 16:34:03.587  3825  3839 W System  : A resource failed to call close. 
05-21 16:34:03.587  3825  3839 W System  : A resource failed to call close. 
05-21 16:34:03.587  3825  3839 W System  : A resource failed to call close. 
05-21 16:34:03.587  3825  3839 W System  : A resource failed to call close. 
05-21 16:34:03.587  3825  3839 W System  : A resource failed to call close. 
05-21 16:34:03.588  3825  3839 W System  : A resource failed to call close. 
05-21 16:34:03.588  3825  3839 W System  : A resource failed to call close. 
05-21 16:34:03.588  3825  3839 W System  : A resource failed to call close. 
05-21 16:34:03.588  3825  3839 W System  : A resource failed to call close. 
05-21 16:34:03.589  3825  3839 W System  : A resource failed to call close. 
05-21 16:34:03.590  3825  3839 W System  : A resource failed to call close. 
05-21 16:34:03.591  3825  3839 W System  : A resource failed to call close. 
05-21 16:34:03.591  3825  3839 W System  : A resource failed to call close. 
05-21 16:34:03.591  3825  3839 W System  : A resource failed to call close. 
05-21 16:34:03.591  3825  3839 W System  : A resource failed to call close. 
05-21 16:34:03.591  3825  3839 W System  : A resource failed to call close. 
05-21 16:34:03.592  3825  3839 W System  : A resource failed to call close. 
05-21 16:34:03.592  3825  3839 W System  : A resource failed to call close. 
05-21 16:34:03.592  3825  3839 W System  : A resource failed to call close. 
05-21 16:34:03.592  3825  3839 W System  : A resource failed to call close. 
05-21 16:34:03.592  3825  3839 W System  : A resource failed to call close. 
05-21 16:34:03.592  3825  3839 W System  : A resource failed to call close. 
05-21 16:34:03.592  3825  3839 W System  : A resource failed to call close. 
05-21 16:34:03.593  3825  3839 W System  : A resource failed to call close. 
05-21 16:34:03.593  3825  3839 W System  : A resource failed to call close. 
05-21 16:34:03.593  3825  3839 W System  : A resource failed to call close. 
05-21 16:34:03.593  3825  3839 W System  : A resource failed to call close. 
05-21 16:34:03.593  3825  3839 W System  : A resource failed to call close. 
05-21 16:34:03.593  3825  3839 W System  : A resource failed to call close. 
05-21 16:34:03.593  3825  3839 W System  : A resource failed to call close. 
05-21 16:34:03.594  3825  3839 W System  : A resource failed to call close. 
05-21 16:34:03.594  3825  3839 W System  : A resource failed to call close. 
05-21 16:34:03.594  3825  3839 W System  : A resource failed to call close. 
05-21 16:34:03.594  3825  3839 W System  : A resource failed to call close. 
05-21 16:34:03.594  3825  3839 W System  : A resource failed to call close. 
05-21 16:34:03.594  3825  3839 W System  : A resource failed to call close. 
05-21 16:34:03.594  3825  3839 W System  : A resource failed to call close. 
05-21 16:34:03.594  3825  3839 W System  : A resource failed to call close. 
05-21 16:34:03.595  3825  3839 W System  : A resource failed to call close. 
05-21 16:34:03.595  3825  3839 W System  : A resource failed to call close. 
05-21 16:34:03.595  3825  3839 W System  : A resource failed to call close. 
05-21 16:34:03.595  3825  3839 W System  : A resource failed to call close. 
05-21 16:34:03.595  3825  3839 W System  : A resource failed to call close. 
05-21 16:34:03.595  3825  3839 W System  : A resource failed to call close. 
05-21 16:34:03.595  3825  3839 W System  : A resource failed to call close. 
05-21 16:34:03.595  3825  3839 W System  : A resource failed to call close. 
05-21 16:34:03.596  3825  3839 W System  : A resource failed to call close. 
05-21 16:34:03.596  3825  3839 W System  : A resource failed to call close. 
05-21 16:34:03.596  3825  3839 W System  : A resource failed to call close. 
05-21 16:34:03.596  3825  3839 W System  : A resource failed to call close. 
05-21 16:34:03.596  3825  3839 W System  : A resource failed to call close. 
05-21 16:34:03.596  3825  3839 W System  : A resource failed to call close. 
05-21 16:34:03.596  3825  3839 W System  : A resource failed to call close. 
05-21 16:34:03.597  3825  3839 W System  : A resource failed to call close. 
05-21 16:34:03.597  3825  3839 W System  : A resource failed to call close. 
05-21 16:34:03.597  3825  3839 W System  : A resource failed to call close. 
05-21 16:34:03.597  3825  3839 W System  : A resource failed to call close. 
05-21 16:34:03.597  3825  3839 W System  : A resource failed to call close. 
05-21 16:34:03.597  3825  3839 W System  : A resource failed to call close. 
05-21 16:34:03.597  3825  3839 W System  : A resource failed to call close. 
05-21 16:34:03.598  3825  3839 W System  : A resource failed to call close. 
05-21 16:34:03.598  3825  3839 W System  : A resource failed to call close. 
05-21 16:34:03.598  3825  3839 W System  : A resource failed to call close. 
05-21 16:34:03.598  3825  3839 W System  : A resource failed to call close. 
05-21 16:34:03.598  3825  3839 W System  : A resource failed to call close. 
05-21 16:34:03.598  3825  3839 W System  : A resource failed to call close. 
05-21 16:34:03.598  3825  3839 W System  : A resource failed to call close. 
05-21 16:34:03.598  3825  3839 W System  : A resource failed to call close. 
05-21 16:34:03.599  3825  3839 W System  : A resource failed to call close. 
05-21 16:34:03.599  3825  3839 W System  : A resource failed to call close. 
05-21 16:34:03.599  3825  3839 W System  : A resource failed to call close. 
05-21 16:34:03.599  3825  3839 W System  : A resource failed to call close. 
05-21 16:34:03.599  3825  3839 W System  : A resource failed to call close. 
05-21 16:34:03.599  3825  3839 W System  : A resource failed to call close. 
05-21 16:34:03.599  3825  3839 W System  : A resource failed to call close. 
05-21 16:34:03.599  3825  3839 W System  : A resource failed to call close. 
05-21 16:34:03.599  3825  3839 W System  : A resource failed to call close. 
05-21 16:34:03.600  3825  3839 W System  : A resource failed to call close. 
05-21 16:34:03.600  3825  3839 W System  : A resource failed to call close. 
05-21 16:34:03.600  3825  3839 W System  : A resource failed to call close. 
05-21 16:34:03.600  3825  3839 W System  : A resource failed to call close. 
05-21 16:34:03.600  3825  3839 W System  : A resource failed to call close. 
05-21 16:34:03.600  3825  3839 W System  : A resource failed to call close. 
05-21 16:34:03.600  3825  3839 W System  : A resource failed to call close. 
05-21 16:34:03.601  3825  3839 W System  : A resource failed to call close. 
05-21 16:34:03.601  3825  3839 W System  : A resource failed to call close. 
05-21 16:34:03.601  3825  3839 W System  : A resource failed to call close. 
05-21 16:34:03.601  3825  3839 W System  : A resource failed to call close. 
05-21 16:34:03.601  3825  3839 W System  : A resource failed to call close. 
05-21 16:34:03.601  3825  3839 W System  : A resource failed to call close. 
05-21 16:34:03.601  3825  3839 W System  : A resource failed to call close. 
05-21 16:34:03.601  3825  3839 W System  : A resource failed to call close. 
05-21 16:34:03.601  3825  3839 W System  : A resource failed to call close. 
05-21 16:34:03.602  3825  3839 W System  : A resource failed to call close. 
05-21 16:34:03.602  3825  3839 W System  : A resource failed to call close. 
05-21 16:34:03.602  3825  3839 W System  : A resource failed to call close. 
05-21 16:34:03.602  3825  3839 W System  : A resource failed to call close. 
05-21 16:34:03.602  3825  3839 W System  : A resource failed to call close. 
05-21 16:34:03.602  3825  3839 W System  : A resource failed to call close. 
05-21 16:34:03.602  3825  3839 W System  : A resource failed to call close. 
05-21 16:34:03.603  3825  3839 W System  : A resource failed to call close. 
05-21 16:34:03.607  3825  3839 W System  : A resource failed to call close. 
05-21 16:34:03.608  3825  3839 W System  : A resource failed to call close. 
05-21 16:34:03.608  3825  3839 W System  : A resource failed to call close. 
05-21 16:34:03.608  3825  3839 W System  : A resource failed to call close. 
05-21 16:34:03.608  3825  3839 W System  : A resource failed to call close. 
05-21 16:34:03.608  3825  3839 W System  : A resource failed to call close. 
05-21 16:34:03.608  3825  3839 W System  : A resource failed to call close. 
05-21 16:34:03.609  3825  3839 W System  : A resource failed to call close. 
05-21 16:34:03.609  3825  3839 W System  : A resource failed to call close. 
05-21 16:34:03.609  3825  3839 W System  : A resource failed to call close. 
05-21 16:34:03.609  3825  3839 W System  : A resource failed to call close. 
05-21 16:34:03.609  3825  3839 W System  : A resource failed to call close. 
05-21 16:34:03.609  3825  3839 W System  : A resource failed to call close. 
05-21 16:34:03.609  3825  3839 W System  : A resource failed to call close. 
05-21 16:34:03.609  3825  3839 W System  : A resource failed to call close. 
05-21 16:34:03.610  3825  3839 W System  : A resource failed to call close. 
05-21 16:34:03.610  3825  3839 W System  : A resource failed to call close. 
05-21 16:34:03.610  3825  3839 W System  : A resource failed to call close. 
05-21 16:34:03.610  3825  3839 W System  : A resource failed to call close. 
05-21 16:34:03.611  3825  3839 W System  : A resource failed to call close. 
05-21 16:34:03.611  3825  3839 W System  : A resource failed to call close. 
05-21 16:34:03.611  3825  3839 W System  : A resource failed to call close. 
05-21 16:34:03.612  3825  3839 W System  : A resource failed to call close. 
05-21 16:34:03.612  3825  3839 W System  : A resource failed to call close. 
05-21 16:34:03.612  3825  3839 W System  : A resource failed to call close. 
05-21 16:34:08.074   512 27040 W C2MtkComponent: [0xE91C3F80] processQueue: queue is empty.
05-21 16:34:08.074   512 27043 W C2MtkComponent: [0xE91C3F80] preprocessPostQueue: queue is empty.
05-21 16:34:08.074   512 27041 W C2MtkComponent: [0xE91C3F80] processPreQueue: queue is empty.
05-21 16:34:08.075   512 27042 W C2MtkComponent: [0xE91C3F80] processPostQueue: queue is empty.
05-21 16:34:08.079  1822 27034 W Codec2Client: query -- param skipped: index = 1342179345.
05-21 16:34:08.079  1822 27034 W Codec2Client: query -- param skipped: index = 2415921170.
05-21 16:34:08.079  1822 27034 W Codec2Client: query -- param skipped: index = 1610614798.
05-21 16:34:08.291   512 27041 W C2MtkComponent: [0xE91C3F80] processPreQueue: queue is empty.
05-21 16:34:08.291   512 27040 W C2MtkComponent: [0xE91C3F80] processQueue: queue is empty.
05-21 16:34:08.291   512 27042 W C2MtkComponent: [0xE91C3F80] processPostQueue: queue is empty.
05-21 16:34:08.291   512 27043 W C2MtkComponent: [0xE91C3F80] preprocessPostQueue: queue is empty.
05-21 16:34:08.293  1822 27034 W Codec2Client: query -- param skipped: index = 1342179345.
05-21 16:34:08.293  1822 27034 W Codec2Client: query -- param skipped: index = 2415921170.
05-21 16:34:08.293  1822 27034 W Codec2Client: query -- param skipped: index = 1610614798.
05-21 16:34:08.295  1822 27034 W MessageQueue: Handler (android.media.MediaCodec$EventHandler) {74b53d2} sending message to a Handler on a dead thread
05-21 16:34:08.295  1822 27034 W MessageQueue: java.lang.IllegalStateException: Handler (android.media.MediaCodec$EventHandler) {74b53d2} sending message to a Handler on a dead thread
05-21 16:34:08.295  1822 27034 W MessageQueue: 	at android.os.MessageQueue.enqueueMessage(MessageQueue.java:560)
05-21 16:34:08.295  1822 27034 W MessageQueue: 	at android.os.Handler.enqueueMessage(Handler.java:786)
05-21 16:34:08.295  1822 27034 W MessageQueue: 	at android.os.Handler.sendMessageAtTime(Handler.java:735)
05-21 16:34:08.295  1822 27034 W MessageQueue: 	at android.os.Handler.sendMessageDelayed(Handler.java:705)
05-21 16:34:08.295  1822 27034 W MessageQueue: 	at android.os.Handler.sendMessage(Handler.java:643)
05-21 16:34:08.295  1822 27034 W MessageQueue: 	at android.media.MediaCodec.postEventFromNative(MediaCodec.java:5222)
05-21 16:34:08.296  1822 27034 W MessageQueue: Handler (android.media.MediaCodec$EventHandler) {74b53d2} sending message to a Handler on a dead thread
05-21 16:34:08.296  1822 27034 W MessageQueue: java.lang.IllegalStateException: Handler (android.media.MediaCodec$EventHandler) {74b53d2} sending message to a Handler on a dead thread
05-21 16:34:08.296  1822 27034 W MessageQueue: 	at android.os.MessageQueue.enqueueMessage(MessageQueue.java:560)
05-21 16:34:08.296  1822 27034 W MessageQueue: 	at android.os.Handler.enqueueMessage(Handler.java:786)
05-21 16:34:08.296  1822 27034 W MessageQueue: 	at android.os.Handler.sendMessageAtTime(Handler.java:735)
05-21 16:34:08.296  1822 27034 W MessageQueue: 	at android.os.Handler.sendMessageDelayed(Handler.java:705)
05-21 16:34:08.296  1822 27034 W MessageQueue: 	at android.os.Handler.sendMessage(Handler.java:643)
05-21 16:34:08.296  1822 27034 W MessageQueue: 	at android.media.MediaCodec.postEventFromNative(MediaCodec.java:5222)
05-21 16:34:08.296  1822 27034 W MessageQueue: Handler (android.media.MediaCodec$EventHandler) {74b53d2} sending message to a Handler on a dead thread
05-21 16:34:08.296  1822 27034 W MessageQueue: java.lang.IllegalStateException: Handler (android.media.MediaCodec$EventHandler) {74b53d2} sending message to a Handler on a dead thread
05-21 16:34:08.296  1822 27034 W MessageQueue: 	at android.os.MessageQueue.enqueueMessage(MessageQueue.java:560)
05-21 16:34:08.296  1822 27034 W MessageQueue: 	at android.os.Handler.enqueueMessage(Handler.java:786)
05-21 16:34:08.296  1822 27034 W MessageQueue: 	at android.os.Handler.sendMessageAtTime(Handler.java:735)
05-21 16:34:08.296  1822 27034 W MessageQueue: 	at android.os.Handler.sendMessageDelayed(Handler.java:705)
05-21 16:34:08.296  1822 27034 W MessageQueue: 	at android.os.Handler.sendMessage(Handler.java:643)
05-21 16:34:08.296  1822 27034 W MessageQueue: 	at android.media.MediaCodec.postEventFromNative(MediaCodec.java:5222)
05-21 16:34:08.296  1822 27034 W MessageQueue: Handler (android.media.MediaCodec$EventHandler) {74b53d2} sending message to a Handler on a dead thread
05-21 16:34:08.296  1822 27034 W MessageQueue: java.lang.IllegalStateException: Handler (android.media.MediaCodec$EventHandler) {74b53d2} sending message to a Handler on a dead thread
05-21 16:34:08.296  1822 27034 W MessageQueue: 	at android.os.MessageQueue.enqueueMessage(MessageQueue.java:560)
05-21 16:34:08.296  1822 27034 W MessageQueue: 	at android.os.Handler.enqueueMessage(Handler.java:786)
05-21 16:34:08.296  1822 27034 W MessageQueue: 	at android.os.Handler.sendMessageAtTime(Handler.java:735)
05-21 16:34:08.296  1822 27034 W MessageQueue: 	at android.os.Handler.sendMessageDelayed(Handler.java:705)
05-21 16:34:08.296  1822 27034 W MessageQueue: 	at android.os.Handler.sendMessage(Handler.java:643)
05-21 16:34:08.296  1822 27034 W MessageQueue: 	at android.media.MediaCodec.postEventFromNative(MediaCodec.java:5222)
05-21 16:34:08.296  1822 27034 W MessageQueue: Handler (android.media.MediaCodec$EventHandler) {74b53d2} sending message to a Handler on a dead thread
05-21 16:34:08.296  1822 27034 W MessageQueue: java.lang.IllegalStateException: Handler (android.media.MediaCodec$EventHandler) {74b53d2} sending message to a Handler on a dead thread
05-21 16:34:08.296  1822 27034 W MessageQueue: 	at android.os.MessageQueue.enqueueMessage(MessageQueue.java:560)
05-21 16:34:08.296  1822 27034 W MessageQueue: 	at android.os.Handler.enqueueMessage(Handler.java:786)
05-21 16:34:08.296  1822 27034 W MessageQueue: 	at android.os.Handler.sendMessageAtTime(Handler.java:735)
05-21 16:34:08.296  1822 27034 W MessageQueue: 	at android.os.Handler.sendMessageDelayed(Handler.java:705)
05-21 16:34:08.296  1822 27034 W MessageQueue: 	at android.os.Handler.sendMessage(Handler.java:643)
05-21 16:34:08.296  1822 27034 W MessageQueue: 	at android.media.MediaCodec.postEventFromNative(MediaCodec.java:5222)
05-21 16:34:08.297  1822 27034 W MessageQueue: Handler (android.media.MediaCodec$EventHandler) {74b53d2} sending message to a Handler on a dead thread
05-21 16:34:08.297  1822 27034 W MessageQueue: java.lang.IllegalStateException: Handler (android.media.MediaCodec$EventHandler) {74b53d2} sending message to a Handler on a dead thread
05-21 16:34:08.297  1822 27034 W MessageQueue: 	at android.os.MessageQueue.enqueueMessage(MessageQueue.java:560)
05-21 16:34:08.297  1822 27034 W MessageQueue: 	at android.os.Handler.enqueueMessage(Handler.java:786)
05-21 16:34:08.297  1822 27034 W MessageQueue: 	at android.os.Handler.sendMessageAtTime(Handler.java:735)
05-21 16:34:08.297  1822 27034 W MessageQueue: 	at android.os.Handler.sendMessageDelayed(Handler.java:705)
05-21 16:34:08.297  1822 27034 W MessageQueue: 	at android.os.Handler.sendMessage(Handler.java:643)
05-21 16:34:08.297  1822 27034 W MessageQueue: 	at android.media.MediaCodec.postEventFromNative(MediaCodec.java:5222)
05-21 16:34:08.297  1822 27034 W MessageQueue: Handler (android.media.MediaCodec$EventHandler) {74b53d2} sending message to a Handler on a dead thread
05-21 16:34:08.297  1822 27034 W MessageQueue: java.lang.IllegalStateException: Handler (android.media.MediaCodec$EventHandler) {74b53d2} sending message to a Handler on a dead thread
05-21 16:34:08.297  1822 27034 W MessageQueue: 	at android.os.MessageQueue.enqueueMessage(MessageQueue.java:560)
05-21 16:34:08.297  1822 27034 W MessageQueue: 	at android.os.Handler.enqueueMessage(Handler.java:786)
05-21 16:34:08.297  1822 27034 W MessageQueue: 	at android.os.Handler.sendMessageAtTime(Handler.java:735)
05-21 16:34:08.297  1822 27034 W MessageQueue: 	at android.os.Handler.sendMessageDelayed(Handler.java:705)
05-21 16:34:08.297  1822 27034 W MessageQueue: 	at android.os.Handler.sendMessage(Handler.java:643)
05-21 16:34:08.297  1822 27034 W MessageQueue: 	at android.media.MediaCodec.postEventFromNative(MediaCodec.java:5222)
05-21 16:34:08.365  1822 27018 W MediaCodec: no metrics handle found
05-21 16:34:08.403  1822 27072 W ColorUtils: expected specified color aspects (2:0:0:0)
05-21 16:34:08.415  1822 27072 W Codec2Client: query -- param skipped: index = 1107298332.
05-21 16:34:08.415  1822 27072 W CCodec  : This behavior is subject to change. It is recommended that app developers double check whether the requested max input size is in reasonable range.
05-21 16:34:08.429   512 27077 E mtkpower_client: [getMtkPerfHal] nullptr
05-21 16:34:08.430  1822 27072 W Codec2Client: query -- param skipped: index = 1342179345.
05-21 16:34:08.430  1822 27072 W Codec2Client: query -- param skipped: index = 2415921170.
05-21 16:34:08.430  1822 27072 W Codec2Client: query -- param skipped: index = 1610614798.
05-21 16:34:08.431   512  1174 E C2MtkStorePlugin: hook CreateBlockPool allocatorId 274 poolId 197
05-21 16:34:08.442   764  5256 W ResourceManagerService: Ignoring request to add new resource entry with value <= 0
05-21 16:34:47.093  3825  3839 W System  : A resource failed to call close. 
05-21 16:34:47.093  3825  3839 W System  : A resource failed to call close. 
05-21 16:34:47.094  3825  3839 W System  : A resource failed to call close. 
05-21 16:34:47.094  3825  3839 W System  : A resource failed to call close. 
05-21 16:34:47.094  3825  3839 W System  : A resource failed to call close. 
05-21 16:34:47.094  3825  3839 W System  : A resource failed to call close. 
05-21 16:34:47.094  3825  3839 W System  : A resource failed to call close. 
05-21 16:34:47.094  3825  3839 W System  : A resource failed to call close. 
05-21 16:34:47.094  3825  3839 W System  : A resource failed to call close. 
05-21 16:34:47.095  3825  3839 W System  : A resource failed to call close. 
05-21 16:34:47.095  3825  3839 W System  : A resource failed to call close. 
05-21 16:34:47.095  3825  3839 W System  : A resource failed to call close. 
05-21 16:34:47.095  3825  3839 W System  : A resource failed to call close. 
05-21 16:34:47.095  3825  3839 W System  : A resource failed to call close. 
05-21 16:34:47.095  3825  3839 W System  : A resource failed to call close. 
05-21 16:34:47.095  3825  3839 W System  : A resource failed to call close. 
05-21 16:34:47.095  3825  3839 W System  : A resource failed to call close. 
05-21 16:34:47.095  3825  3839 W System  : A resource failed to call close. 
05-21 16:34:47.096  3825  3839 W System  : A resource failed to call close. 
05-21 16:34:47.096  3825  3839 W System  : A resource failed to call close. 
05-21 16:34:47.096  3825  3839 W System  : A resource failed to call close. 
05-21 16:34:47.097  3825  3839 W System  : A resource failed to call close. 
05-21 16:34:47.098  3825  3839 W System  : A resource failed to call close. 
05-21 16:34:47.098  3825  3839 W System  : A resource failed to call close. 
05-21 16:34:47.098  3825  3839 W System  : A resource failed to call close. 
05-21 16:34:47.099  3825  3839 W System  : A resource failed to call close. 
05-21 16:34:47.099  3825  3839 W System  : A resource failed to call close. 
05-21 16:34:47.099  3825  3839 W System  : A resource failed to call close. 
05-21 16:34:47.099  3825  3839 W System  : A resource failed to call close. 
05-21 16:34:47.099  3825  3839 W System  : A resource failed to call close. 
05-21 16:34:47.099  3825  3839 W System  : A resource failed to call close. 
05-21 16:34:47.099  3825  3839 W System  : A resource failed to call close. 
05-21 16:34:47.100  3825  3839 W System  : A resource failed to call close. 
05-21 16:34:47.100  3825  3839 W System  : A resource failed to call close. 
05-21 16:34:47.100  3825  3839 W System  : A resource failed to call close. 
05-21 16:34:47.100  3825  3839 W System  : A resource failed to call close. 
05-21 16:34:47.100  3825  3839 W System  : A resource failed to call close. 
05-21 16:34:47.100  3825  3839 W System  : A resource failed to call close. 
05-21 16:34:47.100  3825  3839 W System  : A resource failed to call close. 
05-21 16:34:47.101  3825  3839 W System  : A resource failed to call close. 
05-21 16:34:47.101  3825  3839 W System  : A resource failed to call close. 
05-21 16:34:47.101  3825  3839 W System  : A resource failed to call close. 
05-21 16:34:47.101  3825  3839 W System  : A resource failed to call close. 
05-21 16:34:47.101  3825  3839 W System  : A resource failed to call close. 
05-21 16:34:47.101  3825  3839 W System  : A resource failed to call close. 
05-21 16:34:47.103  3825  3839 W System  : A resource failed to call close. 
05-21 16:34:47.103  3825  3839 W System  : A resource failed to call close. 
05-21 16:34:47.103  3825  3839 W System  : A resource failed to call close. 
05-21 16:34:47.103  3825  3839 W System  : A resource failed to call close. 
05-21 16:34:47.104  3825  3839 W System  : A resource failed to call close. 
05-21 16:34:47.104  3825  3839 W System  : A resource failed to call close. 
05-21 16:34:47.104  3825  3839 W System  : A resource failed to call close. 
05-21 16:34:47.104  3825  3839 W System  : A resource failed to call close. 
05-21 16:34:47.104  3825  3839 W System  : A resource failed to call close. 
05-21 16:34:47.104  3825  3839 W System  : A resource failed to call close. 
05-21 16:34:47.107  3825  3839 W System  : A resource failed to call close. 
05-21 16:34:47.107  3825  3839 W System  : A resource failed to call close. 
05-21 16:34:47.108  3825  3839 W System  : A resource failed to call close. 
05-21 16:34:47.108  3825  3839 W System  : A resource failed to call close. 
05-21 16:34:47.108  3825  3839 W System  : A resource failed to call close. 
05-21 16:34:47.108  3825  3839 W System  : A resource failed to call close. 
05-21 16:34:47.108  3825  3839 W System  : A resource failed to call close. 
05-21 16:34:47.108  3825  3839 W System  : A resource failed to call close. 
05-21 16:34:47.108  3825  3839 W System  : A resource failed to call close. 
05-21 16:34:47.108  3825  3839 W System  : A resource failed to call close. 
05-21 16:34:47.109  3825  3839 W System  : A resource failed to call close. 
05-21 16:34:47.109  3825  3839 W System  : A resource failed to call close. 
05-21 16:34:47.109  3825  3839 W System  : A resource failed to call close. 
05-21 16:34:47.109  3825  3839 W System  : A resource failed to call close. 
05-21 16:34:47.109  3825  3839 W System  : A resource failed to call close. 
05-21 16:34:47.109  3825  3839 W System  : A resource failed to call close. 
05-21 16:34:47.109  3825  3839 W System  : A resource failed to call close. 
05-21 16:34:47.109  3825  3839 W System  : A resource failed to call close. 
05-21 16:34:47.109  3825  3839 W System  : A resource failed to call close. 
05-21 16:34:47.110  3825  3839 W System  : A resource failed to call close. 
05-21 16:34:47.110  3825  3839 W System  : A resource failed to call close. 
05-21 16:34:47.110  3825  3839 W System  : A resource failed to call close. 
05-21 16:34:47.110  3825  3839 W System  : A resource failed to call close. 
05-21 16:34:47.110  3825  3839 W System  : A resource failed to call close. 
05-21 16:34:47.110  3825  3839 W System  : A resource failed to call close. 
05-21 16:34:47.110  3825  3839 W System  : A resource failed to call close. 
05-21 16:34:47.111  3825  3839 W System  : A resource failed to call close. 
05-21 16:34:47.111  3825  3839 W System  : A resource failed to call close. 
05-21 16:34:47.111  3825  3839 W System  : A resource failed to call close. 
05-21 16:34:47.111  3825  3839 W System  : A resource failed to call close. 
05-21 16:34:47.111  3825  3839 W System  : A resource failed to call close. 
05-21 16:34:47.111  3825  3839 W System  : A resource failed to call close. 
05-21 16:34:47.111  3825  3839 W System  : A resource failed to call close. 
05-21 16:34:47.111  3825  3839 W System  : A resource failed to call close. 
05-21 16:34:47.111  3825  3839 W System  : A resource failed to call close. 
05-21 16:34:47.112  3825  3839 W System  : A resource failed to call close. 
05-21 16:34:47.112  3825  3839 W System  : A resource failed to call close. 
05-21 16:34:47.112  3825  3839 W System  : A resource failed to call close. 
05-21 16:34:47.112  3825  3839 W System  : A resource failed to call close. 
05-21 16:34:47.112  3825  3839 W System  : A resource failed to call close. 
05-21 16:34:47.112  3825  3839 W System  : A resource failed to call close. 
05-21 16:34:47.112  3825  3839 W System  : A resource failed to call close. 
05-21 16:34:47.112  3825  3839 W System  : A resource failed to call close. 
05-21 16:34:47.113  3825  3839 W System  : A resource failed to call close. 
05-21 16:34:47.113  3825  3839 W System  : A resource failed to call close. 
05-21 16:34:47.113  3825  3839 W System  : A resource failed to call close. 
05-21 16:34:47.113  3825  3839 W System  : A resource failed to call close. 
05-21 16:34:47.113  3825  3839 W System  : A resource failed to call close. 
05-21 16:34:47.113  3825  3839 W System  : A resource failed to call close. 
05-21 16:34:47.113  3825  3839 W System  : A resource failed to call close. 
05-21 16:34:47.113  3825  3839 W System  : A resource failed to call close. 
05-21 16:34:47.113  3825  3839 W System  : A resource failed to call close. 
05-21 16:34:47.114  3825  3839 W System  : A resource failed to call close. 
05-21 16:34:47.114  3825  3839 W System  : A resource failed to call close. 
05-21 16:34:47.114  3825  3839 W System  : A resource failed to call close. 
05-21 16:34:47.114  3825  3839 W System  : A resource failed to call close. 
05-21 16:34:47.114  3825  3839 W System  : A resource failed to call close. 
05-21 16:34:47.114  3825  3839 W System  : A resource failed to call close. 
05-21 16:34:47.114  3825  3839 W System  : A resource failed to call close. 
05-21 16:34:47.114  3825  3839 W System  : A resource failed to call close. 
05-21 16:34:47.115  3825  3839 W System  : A resource failed to call close. 
05-21 16:34:47.115  3825  3839 W System  : A resource failed to call close. 
05-21 16:34:47.115  3825  3839 W System  : A resource failed to call close. 
05-21 16:34:47.115  3825  3839 W System  : A resource failed to call close. 
05-21 16:34:47.115  3825  3839 W System  : A resource failed to call close. 
05-21 16:34:47.115  3825  3839 W System  : A resource failed to call close. 
05-21 16:34:47.115  3825  3839 W System  : A resource failed to call close. 
05-21 16:34:47.115  3825  3839 W System  : A resource failed to call close. 
05-21 16:34:47.115  3825  3839 W System  : A resource failed to call close. 
05-21 16:34:47.115  3825  3839 W System  : A resource failed to call close. 
05-21 16:34:47.116  3825  3839 W System  : A resource failed to call close. 
05-21 16:34:47.116  3825  3839 W System  : A resource failed to call close. 
05-21 16:34:47.116  3825  3839 W System  : A resource failed to call close. 
05-21 16:34:47.116  3825  3839 W System  : A resource failed to call close. 
05-21 16:34:47.116  3825  3839 W System  : A resource failed to call close. 
05-21 16:34:47.116  3825  3839 W System  : A resource failed to call close. 
05-21 16:34:47.116  3825  3839 W System  : A resource failed to call close. 
05-21 16:34:47.116  3825  3839 W System  : A resource failed to call close. 
05-21 16:34:47.117  3825  3839 W System  : A resource failed to call close. 
05-21 16:34:47.117  3825  3839 W System  : A resource failed to call close. 
05-21 16:34:47.117  3825  3839 W System  : A resource failed to call close. 
05-21 16:34:47.117  3825  3839 W System  : A resource failed to call close. 
05-21 16:34:47.117  3825  3839 W System  : A resource failed to call close. 
05-21 16:34:47.117  3825  3839 W System  : A resource failed to call close. 
05-21 16:34:47.117  3825  3839 W System  : A resource failed to call close. 
05-21 16:34:47.117  3825  3839 W System  : A resource failed to call close. 
05-21 16:34:47.117  3825  3839 W System  : A resource failed to call close. 
05-21 16:34:47.118  3825  3839 W System  : A resource failed to call close. 
05-21 16:34:47.118  3825  3839 W System  : A resource failed to call close. 
05-21 16:34:47.118  3825  3839 W System  : A resource failed to call close. 
05-21 16:34:47.118  3825  3839 W System  : A resource failed to call close. 
05-21 16:34:47.118  3825  3839 W System  : A resource failed to call close. 
05-21 16:34:47.118  3825  3839 W System  : A resource failed to call close. 
05-21 16:34:47.119  3825  3839 W System  : A resource failed to call close. 
05-21 16:34:47.119  3825  3839 W System  : A resource failed to call close. 
05-21 16:34:47.119  3825  3839 W System  : A resource failed to call close. 
05-21 16:34:47.119  3825  3839 W System  : A resource failed to call close. 
05-21 16:34:47.124  3825  3839 W System  : A resource failed to call close. 
05-21 16:34:47.125  3825  3839 W System  : A resource failed to call close. 
05-21 16:34:47.125  3825  3839 W System  : A resource failed to call close. 
05-21 16:34:47.125  3825  3839 W System  : A resource failed to call close. 
05-21 16:34:47.125  3825  3839 W System  : A resource failed to call close. 
05-21 16:34:47.126  3825  3839 W System  : A resource failed to call close. 
05-21 16:34:47.126  3825  3839 W System  : A resource failed to call close. 
05-21 16:34:47.126  3825  3839 W System  : A resource failed to call close. 
05-21 16:34:47.126  3825  3839 W System  : A resource failed to call close. 
05-21 16:34:47.126  3825  3839 W System  : A resource failed to call close. 
05-21 16:34:47.127  3825  3839 W System  : A resource failed to call close. 
05-21 16:34:47.127  3825  3839 W System  : A resource failed to call close. 
05-21 16:34:47.127  3825  3839 W System  : A resource failed to call close. 
05-21 16:34:47.127  3825  3839 W System  : A resource failed to call close. 
05-21 16:34:47.128  3825  3839 W System  : A resource failed to call close. 
05-21 16:34:47.128  3825  3839 W System  : A resource failed to call close. 
05-21 16:34:47.128  3825  3839 W System  : A resource failed to call close. 
05-21 16:34:47.129  3825  3839 W System  : A resource failed to call close. 
05-21 16:34:47.129  3825  3839 W System  : A resource failed to call close. 
05-21 16:34:47.129  3825  3839 W System  : A resource failed to call close. 
05-21 16:34:47.129  3825  3839 W System  : A resource failed to call close. 
05-21 16:34:47.129  3825  3839 W System  : A resource failed to call close. 
05-21 16:34:59.834   700  1968 E CellBroadcastUtils: getDefaultCellBroadcastReceiverPackageName: no package found
--------- beginning of system
05-21 16:34:59.878   700  2179 W ProcessStats: Tracking association SourceState{dfae09 com.google.android.gms/10070 BTop #41559} whose proc state 2 is better than process ProcessState{8769a04 com.google.android.gms.persistent/10070 pkg=com.google.android.gms} proc state 3 (17 skipped)
05-21 16:35:00.054 27094 27094 W ziparchive: Unable to open '/data/app/~~hlQP1gFu6rpqP1GtsX0YCQ==/com.orbital.iptv-6cHVc8b82amtJzRVGIHUlg==/base.dm': No such file or directory
05-21 16:35:00.054 27094 27094 W ziparchive: Unable to open '/data/app/~~hlQP1gFu6rpqP1GtsX0YCQ==/com.orbital.iptv-6cHVc8b82amtJzRVGIHUlg==/base.dm': No such file or directory
05-21 16:35:00.999 27094 27094 W m.orbital.iptv: Accessing hidden method Landroid/view/View;->computeFitSystemWindows(Landroid/graphics/Rect;Landroid/graphics/Rect;)Z (unsupported, reflection, allowed)
05-21 16:35:01.000 27094 27094 W m.orbital.iptv: Accessing hidden method Landroid/view/ViewGroup;->makeOptionalFitsSystemWindows()V (unsupported, reflection, allowed)
05-21 16:35:01.027   700  1962 E CellBroadcastUtils: getDefaultCellBroadcastReceiverPackageName: no package found
05-21 16:35:01.786 27094 27094 W m.orbital.iptv: Accessing hidden method Ljava/lang/invoke/MethodHandles$Lookup;-><init>(Ljava/lang/Class;I)V (unsupported, reflection, allowed)
05-21 16:35:01.922 27094 27094 W OpenGLRenderer: Unknown dataspace 0
05-21 16:35:01.932   700  1968 W WindowManager: Failed looking up window session=Session{cdea951 27094:u0a10128} callers=com.android.server.wm.WindowManagerService.windowForClientLocked:6034 com.android.server.wm.Session.updateRequestedVisibleTypes:690 android.view.IWindowSession$Stub.onTransact:1034 
05-21 16:35:02.068 27094 27115 W libc    : Access denied finding property "ro.debuggable"
05-21 16:35:02.069 27094 27115 E ion     : open /dev/ion failed: No such file or directory
05-21 16:35:02.064 27094 27094 W RenderThread: type=1400 audit(0.0:977): avc:  denied  { read } for  name="u:object_r:userdebug_or_eng_prop:s0" dev="tmpfs" ino=459 scontext=u:r:untrusted_app:s0:c128,c256,c512,c768 tcontext=u:object_r:userdebug_or_eng_prop:s0 tclass=file permissive=0 app=com.orbital.iptv
05-21 16:35:02.107 27094 27115 E OpenGLRenderer: Unable to match the desired swap behavior.
05-21 16:35:02.180   700   846 W ziparchive: Unable to open '/data/app/~~hlQP1gFu6rpqP1GtsX0YCQ==/com.orbital.iptv-6cHVc8b82amtJzRVGIHUlg==/base.dm': No such file or directory
05-21 16:35:02.258   753   765 E mtkpower@impl: [setMode] unknown type
05-21 16:35:02.281   700  1962 W PackageConfigPersister: App-specific configuration not found for packageName: com.orbital.iptv and userId: 0
05-21 16:35:02.641   753   765 E mtkpower@impl: [setMode] unknown type
05-21 16:35:02.682   512 27078 W C2MtkComponent: [0xE91C3F80] processPreQueue: queue is empty.
05-21 16:35:02.683   512 27077 W C2MtkComponent: [0xE91C3F80] processQueue: queue is empty.
05-21 16:35:02.683   512 27079 W C2MtkComponent: [0xE91C3F80] processPostQueue: queue is empty.
05-21 16:35:02.683   512 27080 W C2MtkComponent: [0xE91C3F80] preprocessPostQueue: queue is empty.
05-21 16:35:02.693  1822 27071 W Codec2Client: query -- param skipped: index = 1342179345.
05-21 16:35:02.693  1822 27071 W Codec2Client: query -- param skipped: index = 2415921170.
05-21 16:35:02.693  1822 27071 W Codec2Client: query -- param skipped: index = 1610614798.
05-21 16:35:02.714  1822 27071 W MessageQueue: Handler (android.media.MediaCodec$EventHandler) {8cb9a00} sending message to a Handler on a dead thread
05-21 16:35:02.714  1822 27071 W MessageQueue: java.lang.IllegalStateException: Handler (android.media.MediaCodec$EventHandler) {8cb9a00} sending message to a Handler on a dead thread
05-21 16:35:02.714  1822 27071 W MessageQueue: 	at android.os.MessageQueue.enqueueMessage(MessageQueue.java:560)
05-21 16:35:02.714  1822 27071 W MessageQueue: 	at android.os.Handler.enqueueMessage(Handler.java:786)
05-21 16:35:02.714  1822 27071 W MessageQueue: 	at android.os.Handler.sendMessageAtTime(Handler.java:735)
05-21 16:35:02.714  1822 27071 W MessageQueue: 	at android.os.Handler.sendMessageDelayed(Handler.java:705)
05-21 16:35:02.714  1822 27071 W MessageQueue: 	at android.os.Handler.sendMessage(Handler.java:643)
05-21 16:35:02.714  1822 27071 W MessageQueue: 	at android.media.MediaCodec.postEventFromNative(MediaCodec.java:5222)
05-21 16:35:02.714  1822 27071 W MessageQueue: Handler (android.media.MediaCodec$EventHandler) {8cb9a00} sending message to a Handler on a dead thread
05-21 16:35:02.714  1822 27071 W MessageQueue: java.lang.IllegalStateException: Handler (android.media.MediaCodec$EventHandler) {8cb9a00} sending message to a Handler on a dead thread
05-21 16:35:02.714  1822 27071 W MessageQueue: 	at android.os.MessageQueue.enqueueMessage(MessageQueue.java:560)
05-21 16:35:02.714  1822 27071 W MessageQueue: 	at android.os.Handler.enqueueMessage(Handler.java:786)
05-21 16:35:02.714  1822 27071 W MessageQueue: 	at android.os.Handler.sendMessageAtTime(Handler.java:735)
05-21 16:35:02.714  1822 27071 W MessageQueue: 	at android.os.Handler.sendMessageDelayed(Handler.java:705)
05-21 16:35:02.714  1822 27071 W MessageQueue: 	at android.os.Handler.sendMessage(Handler.java:643)
05-21 16:35:02.714  1822 27071 W MessageQueue: 	at android.media.MediaCodec.postEventFromNative(MediaCodec.java:5222)
05-21 16:35:02.715  1822 27071 W MessageQueue: Handler (android.media.MediaCodec$EventHandler) {8cb9a00} sending message to a Handler on a dead thread
05-21 16:35:02.715  1822 27071 W MessageQueue: java.lang.IllegalStateException: Handler (android.media.MediaCodec$EventHandler) {8cb9a00} sending message to a Handler on a dead thread
05-21 16:35:02.715  1822 27071 W MessageQueue: 	at android.os.MessageQueue.enqueueMessage(MessageQueue.java:560)
05-21 16:35:02.715  1822 27071 W MessageQueue: 	at android.os.Handler.enqueueMessage(Handler.java:786)
05-21 16:35:02.715  1822 27071 W MessageQueue: 	at android.os.Handler.sendMessageAtTime(Handler.java:735)
05-21 16:35:02.715  1822 27071 W MessageQueue: 	at android.os.Handler.sendMessageDelayed(Handler.java:705)
05-21 16:35:02.715  1822 27071 W MessageQueue: 	at android.os.Handler.sendMessage(Handler.java:643)
05-21 16:35:02.715  1822 27071 W MessageQueue: 	at android.media.MediaCodec.postEventFromNative(MediaCodec.java:5222)
05-21 16:35:02.715  1822 27071 W MessageQueue: Handler (android.media.MediaCodec$EventHandler) {8cb9a00} sending message to a Handler on a dead thread
05-21 16:35:02.715  1822 27071 W MessageQueue: java.lang.IllegalStateException: Handler (android.media.MediaCodec$EventHandler) {8cb9a00} sending message to a Handler on a dead thread
05-21 16:35:02.715  1822 27071 W MessageQueue: 	at android.os.MessageQueue.enqueueMessage(MessageQueue.java:560)
05-21 16:35:02.715  1822 27071 W MessageQueue: 	at android.os.Handler.enqueueMessage(Handler.java:786)
05-21 16:35:02.715  1822 27071 W MessageQueue: 	at android.os.Handler.sendMessageAtTime(Handler.java:735)
05-21 16:35:02.715  1822 27071 W MessageQueue: 	at android.os.Handler.sendMessageDelayed(Handler.java:705)
05-21 16:35:02.715  1822 27071 W MessageQueue: 	at android.os.Handler.sendMessage(Handler.java:643)
05-21 16:35:02.715  1822 27071 W MessageQueue: 	at android.media.MediaCodec.postEventFromNative(MediaCodec.java:5222)
05-21 16:35:02.718  1822 27071 W MessageQueue: Handler (android.media.MediaCodec$EventHandler) {8cb9a00} sending message to a Handler on a dead thread
05-21 16:35:02.718  1822 27071 W MessageQueue: java.lang.IllegalStateException: Handler (android.media.MediaCodec$EventHandler) {8cb9a00} sending message to a Handler on a dead thread
05-21 16:35:02.718  1822 27071 W MessageQueue: 	at android.os.MessageQueue.enqueueMessage(MessageQueue.java:560)
05-21 16:35:02.718  1822 27071 W MessageQueue: 	at android.os.Handler.enqueueMessage(Handler.java:786)
05-21 16:35:02.718  1822 27071 W MessageQueue: 	at android.os.Handler.sendMessageAtTime(Handler.java:735)
05-21 16:35:02.718  1822 27071 W MessageQueue: 	at android.os.Handler.sendMessageDelayed(Handler.java:705)
05-21 16:35:02.718  1822 27071 W MessageQueue: 	at android.os.Handler.sendMessage(Handler.java:643)
05-21 16:35:02.718  1822 27071 W MessageQueue: 	at android.media.MediaCodec.postEventFromNative(MediaCodec.java:5222)
05-21 16:35:02.719  1822 27071 W MessageQueue: Handler (android.media.MediaCodec$EventHandler) {8cb9a00} sending message to a Handler on a dead thread
05-21 16:35:02.719  1822 27071 W MessageQueue: java.lang.IllegalStateException: Handler (android.media.MediaCodec$EventHandler) {8cb9a00} sending message to a Handler on a dead thread
05-21 16:35:02.719  1822 27071 W MessageQueue: 	at android.os.MessageQueue.enqueueMessage(MessageQueue.java:560)
05-21 16:35:02.719  1822 27071 W MessageQueue: 	at android.os.Handler.enqueueMessage(Handler.java:786)
05-21 16:35:02.719  1822 27071 W MessageQueue: 	at android.os.Handler.sendMessageAtTime(Handler.java:735)
05-21 16:35:02.719  1822 27071 W MessageQueue: 	at android.os.Handler.sendMessageDelayed(Handler.java:705)
05-21 16:35:02.719  1822 27071 W MessageQueue: 	at android.os.Handler.sendMessage(Handler.java:643)
05-21 16:35:02.719  1822 27071 W MessageQueue: 	at android.media.MediaCodec.postEventFromNative(MediaCodec.java:5222)
05-21 16:35:02.719  1822 27071 W MessageQueue: Handler (android.media.MediaCodec$EventHandler) {8cb9a00} sending message to a Handler on a dead thread
05-21 16:35:02.719  1822 27071 W MessageQueue: java.lang.IllegalStateException: Handler (android.media.MediaCodec$EventHandler) {8cb9a00} sending message to a Handler on a dead thread
05-21 16:35:02.719  1822 27071 W MessageQueue: 	at android.os.MessageQueue.enqueueMessage(MessageQueue.java:560)
05-21 16:35:02.719  1822 27071 W MessageQueue: 	at android.os.Handler.enqueueMessage(Handler.java:786)
05-21 16:35:02.719  1822 27071 W MessageQueue: 	at android.os.Handler.sendMessageAtTime(Handler.java:735)
05-21 16:35:02.719  1822 27071 W MessageQueue: 	at android.os.Handler.sendMessageDelayed(Handler.java:705)
05-21 16:35:02.719  1822 27071 W MessageQueue: 	at android.os.Handler.sendMessage(Handler.java:643)
05-21 16:35:02.719  1822 27071 W MessageQueue: 	at android.media.MediaCodec.postEventFromNative(MediaCodec.java:5222)
05-21 16:35:02.719  1822 27071 W MessageQueue: Handler (android.media.MediaCodec$EventHandler) {8cb9a00} sending message to a Handler on a dead thread
05-21 16:35:02.719  1822 27071 W MessageQueue: java.lang.IllegalStateException: Handler (android.media.MediaCodec$EventHandler) {8cb9a00} sending message to a Handler on a dead thread
05-21 16:35:02.719  1822 27071 W MessageQueue: 	at android.os.MessageQueue.enqueueMessage(MessageQueue.java:560)
05-21 16:35:02.719  1822 27071 W MessageQueue: 	at android.os.Handler.enqueueMessage(Handler.java:786)
05-21 16:35:02.719  1822 27071 W MessageQueue: 	at android.os.Handler.sendMessageAtTime(Handler.java:735)
05-21 16:35:02.719  1822 27071 W MessageQueue: 	at android.os.Handler.sendMessageDelayed(Handler.java:705)
05-21 16:35:02.719  1822 27071 W MessageQueue: 	at android.os.Handler.sendMessage(Handler.java:643)
05-21 16:35:02.719  1822 27071 W MessageQueue: 	at android.media.MediaCodec.postEventFromNative(MediaCodec.java:5222)
05-21 16:35:02.732   700   849 W AccessibilityWindowsPopulator: Windows change within in 2 frames continuously over 500 ms and notify windows changed immediately
05-21 16:35:02.778  1822 27071 W MediaCodec: no metrics handle found
05-21 16:35:03.850   700  1770 E TaskPersister: File error accessing recents directory (directory doesn't exist?).
05-21 16:35:04.451   700  1337 W PackageConfigPersister: App-specific configuration not found for packageName: com.orbital.iptv and userId: 0
05-21 16:35:05.888 27094 27115 E OpenGLRenderer: Unable to match the desired swap behavior.
05-21 16:35:06.025   753   765 E mtkpower@impl: [setMode] unknown type
05-21 16:35:06.258   753   765 E mtkpower@impl: [setMode] unknown type
05-21 16:35:06.712   753   765 E mtkpower@impl: [setMode] unknown type
05-21 16:35:06.875   753   765 E mtkpower@impl: [setMode] unknown type
05-21 16:35:07.045   753   765 E mtkpower@impl: [setMode] unknown type
05-21 16:35:07.151   700  1962 E CellBroadcastUtils: getDefaultCellBroadcastReceiverPackageName: no package found
05-21 16:35:07.155   700  1962 E Transition: Trying to add a ready-group twice: Display{#0 state=ON size=1920x1080 ROTATION_0}
05-21 16:35:07.158 27094 27094 W WindowOnBackDispatcher: sendCancelIfRunning: isInProgress=falsecallback=android.view.ViewRootImpl$$ExternalSyntheticLambda11@3e4784
05-21 16:35:07.173   700  1337 W InputManager-JNI: Input channel object '31de1c6 com.orbital.iptv/com.orbital.iptv.ui.home.HomeActivity (client)' was disposed without first being removed with the input manager!
05-21 16:35:07.183 27094 27094 W InputEventReceiver: Attempted to finish an input event but the input event receiver has already been disposed.
05-21 16:35:07.209   753   765 E mtkpower@impl: [setMode] unknown type
05-21 16:35:07.225   753   765 E mtkpower@impl: [setMode] unknown type
05-21 16:35:07.358   753   765 E mtkpower@impl: [setMode] unknown type
05-21 16:35:07.535   700  1337 W WindowManager: Failed looking up window session=Session{cdea951 27094:u0a10128} callers=com.android.server.wm.WindowManagerService.windowForClientLocked:6034 com.android.server.wm.Session.updateRequestedVisibleTypes:690 android.view.IWindowSession$Stub.onTransact:1034 
05-21 16:35:07.601 27094 27115 E OpenGLRenderer: Unable to match the desired swap behavior.
05-21 16:35:07.710   753   765 E mtkpower@impl: [setMode] unknown type
05-21 16:35:07.720   700  1946 W PackageConfigPersister: App-specific configuration not found for packageName: com.orbital.iptv and userId: 0
05-21 16:35:08.094   753   765 E mtkpower@impl: [setMode] unknown type
