05-21 16:35:30.147  3825  3839 W System  : A resource failed to call close. 
05-21 16:35:30.147  3825  3839 W System  : A resource failed to call close. 
05-21 16:35:30.147  3825  3839 W System  : A resource failed to call close. 
05-21 16:35:30.147  3825  3839 W System  : A resource failed to call close. 
05-21 16:35:30.147  3825  3839 W System  : A resource failed to call close. 
05-21 16:35:30.147  3825  3839 W System  : A resource failed to call close. 
05-21 16:35:30.147  3825  3839 W System  : A resource failed to call close. 
05-21 16:35:30.175   753   765 E mtkpower@impl: [setMode] unknown type
05-21 16:35:30.183   700  1960 W WindowManager: Failed looking up window session=Session{cdea951 27094:u0a10128} callers=com.android.server.wm.WindowManagerService.windowForClientLocked:6034 com.android.server.wm.Session.updateRequestedVisibleTypes:690 android.view.IWindowSession$Stub.onTransact:1034 
05-21 16:35:30.236 27094 27115 E OpenGLRenderer: Unable to match the desired swap behavior.
05-21 16:35:30.341   753   765 E mtkpower@impl: [setMode] unknown type
05-21 16:35:30.363   700  1960 W PackageConfigPersister: App-specific configuration not found for packageName: com.orbital.iptv and userId: 0
05-21 16:35:30.579 27094 27107 W System  : A resource failed to call end. 
05-21 16:35:30.725   753   765 E mtkpower@impl: [setMode] unknown type
05-21 16:35:30.815   700   849 W AccessibilityWindowsPopulator: Windows change within in 2 frames continuously over 500 ms and notify windows changed immediately
05-21 16:35:32.978   700  1770 E TaskPersister: File error accessing recents directory (directory doesn't exist?).
05-21 16:35:34.535   700  1961 W PackageConfigPersister: App-specific configuration not found for packageName: com.orbital.iptv and userId: 0
05-21 16:35:35.529   700  1961 E CellBroadcastUtils: getDefaultCellBroadcastReceiverPackageName: no package found
05-21 16:35:35.534   700  1961 E Transition: Trying to add a ready-group twice: Display{#0 state=ON size=1920x1080 ROTATION_0}
05-21 16:35:35.681   700  1981 W WindowManager: Failed looking up window session=Session{cdea951 27094:u0a10128} callers=com.android.server.wm.WindowManagerService.windowForClientLocked:6034 com.android.server.wm.Session.updateRequestedVisibleTypes:690 android.view.IWindowSession$Stub.onTransact:1034 
05-21 16:35:35.758 27094 27115 E OpenGLRenderer: Unable to match the desired swap behavior.
05-21 16:35:35.843   753   765 E mtkpower@impl: [setMode] unknown type
05-21 16:35:35.850   700  1960 W PackageConfigPersister: App-specific configuration not found for packageName: com.orbital.iptv and userId: 0
05-21 16:35:36.224   753   765 E mtkpower@impl: [setMode] unknown type
05-21 16:35:36.311   700   849 W AccessibilityWindowsPopulator: Windows change within in 2 frames continuously over 500 ms and notify windows changed immediately
05-21 16:35:37.620 27094 27115 E OpenGLRenderer: Unable to match the desired swap behavior.
05-21 16:35:37.684   700  1960 W PackageConfigPersister: App-specific configuration not found for packageName: com.orbital.iptv and userId: 0
05-21 16:35:37.707   753   765 E mtkpower@impl: [setMode] unknown type
05-21 16:35:38.093   753   765 E mtkpower@impl: [setMode] unknown type
05-21 16:35:38.107 27094 27094 W WindowOnBackDispatcher: sendCancelIfRunning: isInProgress=falsecallback=android.view.ViewRootImpl$$ExternalSyntheticLambda11@42b4556
05-21 16:35:38.114   700  1961 W InputManager-JNI: Input channel object '463c88c com.orbital.iptv/com.orbital.iptv.ui.series.SeriesDetailActivity (client)' was disposed without first being removed with the input manager!
05-21 16:35:38.141   700   849 W AccessibilityWindowsPopulator: Windows change within in 2 frames continuously over 500 ms and notify windows changed immediately
05-21 16:35:38.299   700  1961 W PackageConfigPersister: App-specific configuration not found for packageName: com.orbital.iptv and userId: 0
05-21 16:35:39.046   700  1770 E TaskPersister: File error accessing recents directory (directory doesn't exist?).
05-21 16:35:39.490   700  1960 E CellBroadcastUtils: getDefaultCellBroadcastReceiverPackageName: no package found
05-21 16:35:39.494   700  1960 E Transition: Trying to add a ready-group twice: Display{#0 state=ON size=1920x1080 ROTATION_0}
05-21 16:35:39.619   700  1953 W WindowManager: Failed looking up window session=Session{cdea951 27094:u0a10128} callers=com.android.server.wm.WindowManagerService.windowForClientLocked:6034 com.android.server.wm.Session.updateRequestedVisibleTypes:690 android.view.IWindowSession$Stub.onTransact:1034 
05-21 16:35:39.669 27094 27115 E OpenGLRenderer: Unable to match the desired swap behavior.
05-21 16:35:39.774   753   765 E mtkpower@impl: [setMode] unknown type
05-21 16:35:39.785   700  1953 W PackageConfigPersister: App-specific configuration not found for packageName: com.orbital.iptv and userId: 0
05-21 16:35:40.158   753   765 E mtkpower@impl: [setMode] unknown type
05-21 16:35:40.245   700   849 W AccessibilityWindowsPopulator: Windows change within in 2 frames continuously over 500 ms and notify windows changed immediately
05-21 16:35:41.184 27094 27115 E OpenGLRenderer: Unable to match the desired swap behavior.
05-21 16:35:41.241   700  1907 W PackageConfigPersister: App-specific configuration not found for packageName: com.orbital.iptv and userId: 0
05-21 16:35:41.274   753   765 E mtkpower@impl: [setMode] unknown type
05-21 16:35:41.659   753   765 E mtkpower@impl: [setMode] unknown type
05-21 16:35:41.675 27094 27094 W WindowOnBackDispatcher: sendCancelIfRunning: isInProgress=falsecallback=android.view.ViewRootImpl$$ExternalSyntheticLambda11@bc25a50
05-21 16:35:41.682   700  1968 W InputManager-JNI: Input channel object '8c1aff2 com.orbital.iptv/com.orbital.iptv.ui.series.SeriesDetailActivity (client)' was disposed without first being removed with the input manager!
05-21 16:35:41.692   700   849 W AccessibilityWindowsPopulator: Windows change within in 2 frames continuously over 500 ms and notify windows changed immediately
05-21 16:35:41.891   700  1907 W PackageConfigPersister: App-specific configuration not found for packageName: com.orbital.iptv and userId: 0
05-21 16:35:42.742 27094 27115 E OpenGLRenderer: Unable to match the desired swap behavior.
05-21 16:35:42.835   700  1968 W PackageConfigPersister: App-specific configuration not found for packageName: com.orbital.iptv and userId: 0
05-21 16:35:42.858   753   765 E mtkpower@impl: [setMode] unknown type
05-21 16:35:42.930 27094 27094 W Glide   : Load failed for [https://www.techfollows.com/wp-content/uploads/2019/08/PPV-on-Kodi.png] with dimensions [80x56]
05-21 16:35:42.930 27094 27094 W Glide   : class com.bumptech.glide.load.engine.GlideException: Failed to load resource
05-21 16:35:42.930 27094 27094 W Glide   : There was 1 root cause:
05-21 16:35:42.930 27094 27094 W Glide   : com.bumptech.glide.load.HttpException(Failed to connect or obtain data, status code: 403)
05-21 16:35:42.930 27094 27094 W Glide   :  call GlideException#logRootCauses(String) for more detail
05-21 16:35:42.930 27094 27094 W Glide   :   Cause (1 of 1): class com.bumptech.glide.load.engine.GlideException: Fetching data failed, class java.io.InputStream, REMOTE
05-21 16:35:42.930 27094 27094 W Glide   : There was 1 root cause:
05-21 16:35:42.930 27094 27094 W Glide   : com.bumptech.glide.load.HttpException(Failed to connect or obtain data, status code: 403)
05-21 16:35:42.930 27094 27094 W Glide   :  call GlideException#logRootCauses(String) for more detail
05-21 16:35:42.930 27094 27094 W Glide   :     Cause (1 of 1): class com.bumptech.glide.load.engine.GlideException: Fetch failed
05-21 16:35:42.930 27094 27094 W Glide   : There was 1 root cause:
05-21 16:35:42.930 27094 27094 W Glide   : com.bumptech.glide.load.HttpException(Failed to connect or obtain data, status code: 403)
05-21 16:35:42.930 27094 27094 W Glide   :  call GlideException#logRootCauses(String) for more detail
05-21 16:35:42.930 27094 27094 W Glide   :       Cause (1 of 1): class com.bumptech.glide.load.HttpException: Failed to connect or obtain data, status code: 403
05-21 16:35:42.970 27094 27094 W Glide   : Load failed for [https://www.techfollows.com/wp-content/uploads/2019/08/PPV-on-Kodi.png] with dimensions [80x56]
05-21 16:35:42.970 27094 27094 W Glide   : class com.bumptech.glide.load.engine.GlideException: Failed to load resource
05-21 16:35:42.970 27094 27094 W Glide   : There was 1 root cause:
05-21 16:35:42.970 27094 27094 W Glide   : com.bumptech.glide.load.HttpException(Failed to connect or obtain data, status code: 403)
05-21 16:35:42.970 27094 27094 W Glide   :  call GlideException#logRootCauses(String) for more detail
05-21 16:35:42.970 27094 27094 W Glide   :   Cause (1 of 1): class com.bumptech.glide.load.engine.GlideException: Fetching data failed, class java.io.InputStream, REMOTE
05-21 16:35:42.970 27094 27094 W Glide   : There was 1 root cause:
05-21 16:35:42.970 27094 27094 W Glide   : com.bumptech.glide.load.HttpException(Failed to connect or obtain data, status code: 403)
05-21 16:35:42.970 27094 27094 W Glide   :  call GlideException#logRootCauses(String) for more detail
05-21 16:35:42.970 27094 27094 W Glide   :     Cause (1 of 1): class com.bumptech.glide.load.engine.GlideException: Fetch failed
05-21 16:35:42.970 27094 27094 W Glide   : There was 1 root cause:
05-21 16:35:42.970 27094 27094 W Glide   : com.bumptech.glide.load.HttpException(Failed to connect or obtain data, status code: 403)
05-21 16:35:42.970 27094 27094 W Glide   :  call GlideException#logRootCauses(String) for more detail
05-21 16:35:42.970 27094 27094 W Glide   :       Cause (1 of 1): class com.bumptech.glide.load.HttpException: Failed to connect or obtain data, status code: 403
05-21 16:35:42.974 27094 27094 W Glide   : Load failed for [https://www.techfollows.com/wp-content/uploads/2019/08/PPV-on-Kodi.png] with dimensions [80x56]
05-21 16:35:42.974 27094 27094 W Glide   : class com.bumptech.glide.load.engine.GlideException: Failed to load resource
05-21 16:35:42.974 27094 27094 W Glide   : There was 1 root cause:
05-21 16:35:42.974 27094 27094 W Glide   : com.bumptech.glide.load.HttpException(Failed to connect or obtain data, status code: 403)
05-21 16:35:42.974 27094 27094 W Glide   :  call GlideException#logRootCauses(String) for more detail
05-21 16:35:42.974 27094 27094 W Glide   :   Cause (1 of 1): class com.bumptech.glide.load.engine.GlideException: Fetching data failed, class java.io.InputStream, REMOTE
05-21 16:35:42.974 27094 27094 W Glide   : There was 1 root cause:
05-21 16:35:42.974 27094 27094 W Glide   : com.bumptech.glide.load.HttpException(Failed to connect or obtain data, status code: 403)
05-21 16:35:42.974 27094 27094 W Glide   :  call GlideException#logRootCauses(String) for more detail
05-21 16:35:42.974 27094 27094 W Glide   :     Cause (1 of 1): class com.bumptech.glide.load.engine.GlideException: Fetch failed
05-21 16:35:42.974 27094 27094 W Glide   : There was 1 root cause:
05-21 16:35:42.974 27094 27094 W Glide   : com.bumptech.glide.load.HttpException(Failed to connect or obtain data, status code: 403)
05-21 16:35:42.974 27094 27094 W Glide   :  call GlideException#logRootCauses(String) for more detail
05-21 16:35:42.974 27094 27094 W Glide   :       Cause (1 of 1): class com.bumptech.glide.load.HttpException: Failed to connect or obtain data, status code: 403
05-21 16:35:42.978 27094 27094 W Glide   : Load failed for [https://www.techfollows.com/wp-content/uploads/2019/08/PPV-on-Kodi.png] with dimensions [80x56]
05-21 16:35:42.978 27094 27094 W Glide   : class com.bumptech.glide.load.engine.GlideException: Failed to load resource
05-21 16:35:42.978 27094 27094 W Glide   : There was 1 root cause:
05-21 16:35:42.978 27094 27094 W Glide   : com.bumptech.glide.load.HttpException(Failed to connect or obtain data, status code: 403)
05-21 16:35:42.978 27094 27094 W Glide   :  call GlideException#logRootCauses(String) for more detail
05-21 16:35:42.978 27094 27094 W Glide   :   Cause (1 of 1): class com.bumptech.glide.load.engine.GlideException: Fetching data failed, class java.io.InputStream, REMOTE
05-21 16:35:42.978 27094 27094 W Glide   : There was 1 root cause:
05-21 16:35:42.978 27094 27094 W Glide   : com.bumptech.glide.load.HttpException(Failed to connect or obtain data, status code: 403)
05-21 16:35:42.978 27094 27094 W Glide   :  call GlideException#logRootCauses(String) for more detail
05-21 16:35:42.978 27094 27094 W Glide   :     Cause (1 of 1): class com.bumptech.glide.load.engine.GlideException: Fetch failed
05-21 16:35:42.978 27094 27094 W Glide   : There was 1 root cause:
05-21 16:35:42.978 27094 27094 W Glide   : com.bumptech.glide.load.HttpException(Failed to connect or obtain data, status code: 403)
05-21 16:35:42.978 27094 27094 W Glide   :  call GlideException#logRootCauses(String) for more detail
05-21 16:35:42.978 27094 27094 W Glide   :       Cause (1 of 1): class com.bumptech.glide.load.HttpException: Failed to connect or obtain data, status code: 403
05-21 16:35:42.982 27094 27094 W Glide   : Load failed for [https://www.techfollows.com/wp-content/uploads/2019/08/PPV-on-Kodi.png] with dimensions [80x56]
05-21 16:35:42.982 27094 27094 W Glide   : class com.bumptech.glide.load.engine.GlideException: Failed to load resource
05-21 16:35:42.982 27094 27094 W Glide   : There was 1 root cause:
05-21 16:35:42.982 27094 27094 W Glide   : com.bumptech.glide.load.HttpException(Failed to connect or obtain data, status code: 403)
05-21 16:35:42.982 27094 27094 W Glide   :  call GlideException#logRootCauses(String) for more detail
05-21 16:35:42.982 27094 27094 W Glide   :   Cause (1 of 1): class com.bumptech.glide.load.engine.GlideException: Fetching data failed, class java.io.InputStream, REMOTE
05-21 16:35:42.982 27094 27094 W Glide   : There was 1 root cause:
05-21 16:35:42.982 27094 27094 W Glide   : com.bumptech.glide.load.HttpException(Failed to connect or obtain data, status code: 403)
05-21 16:35:42.982 27094 27094 W Glide   :  call GlideException#logRootCauses(String) for more detail
05-21 16:35:42.982 27094 27094 W Glide   :     Cause (1 of 1): class com.bumptech.glide.load.engine.GlideException: Fetch failed
05-21 16:35:42.982 27094 27094 W Glide   : There was 1 root cause:
05-21 16:35:42.982 27094 27094 W Glide   : com.bumptech.glide.load.HttpException(Failed to connect or obtain data, status code: 403)
05-21 16:35:42.982 27094 27094 W Glide   :  call GlideException#logRootCauses(String) for more detail
05-21 16:35:42.982 27094 27094 W Glide   :       Cause (1 of 1): class com.bumptech.glide.load.HttpException: Failed to connect or obtain data, status code: 403
05-21 16:35:42.985 27094 27094 W Glide   : Load failed for [https://www.techfollows.com/wp-content/uploads/2019/08/PPV-on-Kodi.png] with dimensions [80x56]
05-21 16:35:42.985 27094 27094 W Glide   : class com.bumptech.glide.load.engine.GlideException: Failed to load resource
05-21 16:35:42.985 27094 27094 W Glide   : There was 1 root cause:
05-21 16:35:42.985 27094 27094 W Glide   : com.bumptech.glide.load.HttpException(Failed to connect or obtain data, status code: 403)
05-21 16:35:42.985 27094 27094 W Glide   :  call GlideException#logRootCauses(String) for more detail
05-21 16:35:42.985 27094 27094 W Glide   :   Cause (1 of 1): class com.bumptech.glide.load.engine.GlideException: Fetching data failed, class java.io.InputStream, REMOTE
05-21 16:35:42.985 27094 27094 W Glide   : There was 1 root cause:
05-21 16:35:42.985 27094 27094 W Glide   : com.bumptech.glide.load.HttpException(Failed to connect or obtain data, status code: 403)
05-21 16:35:42.985 27094 27094 W Glide   :  call GlideException#logRootCauses(String) for more detail
05-21 16:35:42.985 27094 27094 W Glide   :     Cause (1 of 1): class com.bumptech.glide.load.engine.GlideException: Fetch failed
05-21 16:35:42.985 27094 27094 W Glide   : There was 1 root cause:
05-21 16:35:42.985 27094 27094 W Glide   : com.bumptech.glide.load.HttpException(Failed to connect or obtain data, status code: 403)
05-21 16:35:42.985 27094 27094 W Glide   :  call GlideException#logRootCauses(String) for more detail
05-21 16:35:42.985 27094 27094 W Glide   :       Cause (1 of 1): class com.bumptech.glide.load.HttpException: Failed to connect or obtain data, status code: 403
05-21 16:35:42.989 27094 27094 W Glide   : Load failed for [https://www.techfollows.com/wp-content/uploads/2019/08/PPV-on-Kodi.png] with dimensions [80x56]
05-21 16:35:42.989 27094 27094 W Glide   : class com.bumptech.glide.load.engine.GlideException: Failed to load resource
05-21 16:35:42.989 27094 27094 W Glide   : There was 1 root cause:
05-21 16:35:42.989 27094 27094 W Glide   : com.bumptech.glide.load.HttpException(Failed to connect or obtain data, status code: 403)
05-21 16:35:42.989 27094 27094 W Glide   :  call GlideException#logRootCauses(String) for more detail
05-21 16:35:42.989 27094 27094 W Glide   :   Cause (1 of 1): class com.bumptech.glide.load.engine.GlideException: Fetching data failed, class java.io.InputStream, REMOTE
05-21 16:35:42.989 27094 27094 W Glide   : There was 1 root cause:
05-21 16:35:42.989 27094 27094 W Glide   : com.bumptech.glide.load.HttpException(Failed to connect or obtain data, status code: 403)
05-21 16:35:42.989 27094 27094 W Glide   :  call GlideException#logRootCauses(String) for more detail
05-21 16:35:42.989 27094 27094 W Glide   :     Cause (1 of 1): class com.bumptech.glide.load.engine.GlideException: Fetch failed
05-21 16:35:42.989 27094 27094 W Glide   : There was 1 root cause:
05-21 16:35:42.989 27094 27094 W Glide   : com.bumptech.glide.load.HttpException(Failed to connect or obtain data, status code: 403)
05-21 16:35:42.989 27094 27094 W Glide   :  call GlideException#logRootCauses(String) for more detail
05-21 16:35:42.989 27094 27094 W Glide   :       Cause (1 of 1): class com.bumptech.glide.load.HttpException: Failed to connect or obtain data, status code: 403
05-21 16:35:42.993 27094 27094 W Glide   : Load failed for [https://www.techfollows.com/wp-content/uploads/2019/08/PPV-on-Kodi.png] with dimensions [80x56]
05-21 16:35:42.993 27094 27094 W Glide   : class com.bumptech.glide.load.engine.GlideException: Failed to load resource
05-21 16:35:42.993 27094 27094 W Glide   : There was 1 root cause:
05-21 16:35:42.993 27094 27094 W Glide   : com.bumptech.glide.load.HttpException(Failed to connect or obtain data, status code: 403)
05-21 16:35:42.993 27094 27094 W Glide   :  call GlideException#logRootCauses(String) for more detail
05-21 16:35:42.993 27094 27094 W Glide   :   Cause (1 of 1): class com.bumptech.glide.load.engine.GlideException: Fetching data failed, class java.io.InputStream, REMOTE
05-21 16:35:42.993 27094 27094 W Glide   : There was 1 root cause:
05-21 16:35:42.993 27094 27094 W Glide   : com.bumptech.glide.load.HttpException(Failed to connect or obtain data, status code: 403)
05-21 16:35:42.993 27094 27094 W Glide   :  call GlideException#logRootCauses(String) for more detail
05-21 16:35:42.993 27094 27094 W Glide   :     Cause (1 of 1): class com.bumptech.glide.load.engine.GlideException: Fetch failed
05-21 16:35:42.993 27094 27094 W Glide   : There was 1 root cause:
05-21 16:35:42.993 27094 27094 W Glide   : com.bumptech.glide.load.HttpException(Failed to connect or obtain data, status code: 403)
05-21 16:35:42.993 27094 27094 W Glide   :  call GlideException#logRootCauses(String) for more detail
05-21 16:35:42.993 27094 27094 W Glide   :       Cause (1 of 1): class com.bumptech.glide.load.HttpException: Failed to connect or obtain data, status code: 403
05-21 16:35:42.997 27094 27094 W Glide   : Load failed for [https://www.techfollows.com/wp-content/uploads/2019/08/PPV-on-Kodi.png] with dimensions [80x56]
05-21 16:35:42.997 27094 27094 W Glide   : class com.bumptech.glide.load.engine.GlideException: Failed to load resource
05-21 16:35:42.997 27094 27094 W Glide   : There was 1 root cause:
05-21 16:35:42.997 27094 27094 W Glide   : com.bumptech.glide.load.HttpException(Failed to connect or obtain data, status code: 403)
05-21 16:35:42.997 27094 27094 W Glide   :  call GlideException#logRootCauses(String) for more detail
05-21 16:35:42.997 27094 27094 W Glide   :   Cause (1 of 1): class com.bumptech.glide.load.engine.GlideException: Fetching data failed, class java.io.InputStream, REMOTE
05-21 16:35:42.997 27094 27094 W Glide   : There was 1 root cause:
05-21 16:35:42.997 27094 27094 W Glide   : com.bumptech.glide.load.HttpException(Failed to connect or obtain data, status code: 403)
05-21 16:35:42.997 27094 27094 W Glide   :  call GlideException#logRootCauses(String) for more detail
05-21 16:35:42.997 27094 27094 W Glide   :     Cause (1 of 1): class com.bumptech.glide.load.engine.GlideException: Fetch failed
05-21 16:35:42.997 27094 27094 W Glide   : There was 1 root cause:
05-21 16:35:42.997 27094 27094 W Glide   : com.bumptech.glide.load.HttpException(Failed to connect or obtain data, status code: 403)
05-21 16:35:42.997 27094 27094 W Glide   :  call GlideException#logRootCauses(String) for more detail
05-21 16:35:42.997 27094 27094 W Glide   :       Cause (1 of 1): class com.bumptech.glide.load.HttpException: Failed to connect or obtain data, status code: 403
05-21 16:35:43.066   700  1770 E TaskPersister: File error accessing recents directory (directory doesn't exist?).
05-21 16:35:43.241   753   765 E mtkpower@impl: [setMode] unknown type
05-21 16:35:43.262 27094 27094 W WindowOnBackDispatcher: sendCancelIfRunning: isInProgress=falsecallback=android.view.ViewRootImpl$$ExternalSyntheticLambda11@3bf43e1
05-21 16:35:43.277   700  1953 W InputManager-JNI: Input channel object 'e92a1a9 com.orbital.iptv/com.orbital.iptv.ui.series.SeriesActivity (client)' was disposed without first being removed with the input manager!
05-21 16:35:43.295   700   849 W AccessibilityWindowsPopulator: Windows change within in 2 frames continuously over 500 ms and notify windows changed immediately
05-21 16:35:46.235   700  1968 W PackageConfigPersister: App-specific configuration not found for packageName: com.orbital.iptv and userId: 0
05-21 16:35:46.288   700  1770 E TaskPersister: File error accessing recents directory (directory doesn't exist?).
05-21 16:35:47.171 27094 27115 E OpenGLRenderer: Unable to match the desired swap behavior.
05-21 16:35:47.257   753   765 E mtkpower@impl: [setMode] unknown type
05-21 16:35:47.491   753   765 E mtkpower@impl: [setMode] unknown type
05-21 16:35:47.628   753   765 E mtkpower@impl: [setMode] unknown type
05-21 16:35:47.791   753   765 E mtkpower@impl: [setMode] unknown type
05-21 16:35:47.862   753   765 E mtkpower@impl: [setMode] unknown type
05-21 16:35:48.024   753   765 E mtkpower@impl: [setMode] unknown type
05-21 16:35:48.195   753   765 E mtkpower@impl: [setMode] unknown type
05-21 16:35:48.287   700  1968 E CellBroadcastUtils: getDefaultCellBroadcastReceiverPackageName: no package found
05-21 16:35:48.294   700  1968 E Transition: Trying to add a ready-group twice: Display{#0 state=ON size=1920x1080 ROTATION_0}
05-21 16:35:48.300 27094 27094 W WindowOnBackDispatcher: sendCancelIfRunning: isInProgress=falsecallback=android.view.ViewRootImpl$$ExternalSyntheticLambda11@1b14fa3
05-21 16:35:48.310   700  1968 W InputManager-JNI: Input channel object 'c5934d9 com.orbital.iptv/com.orbital.iptv.ui.home.HomeActivity (client)' was disposed without first being removed with the input manager!
05-21 16:35:48.317 27094 27094 W InputEventReceiver: Attempted to finish an input event but the input event receiver has already been disposed.
05-21 16:35:48.344   753   765 E mtkpower@impl: [setMode] unknown type
05-21 16:35:48.357   753   765 E mtkpower@impl: [setMode] unknown type
05-21 16:35:48.491   753   765 E mtkpower@impl: [setMode] unknown type
05-21 16:35:48.505   700  1968 W WindowManager: Failed looking up window session=Session{cdea951 27094:u0a10128} callers=com.android.server.wm.WindowManagerService.windowForClientLocked:6034 com.android.server.wm.Session.updateRequestedVisibleTypes:690 android.view.IWindowSession$Stub.onTransact:1034 
05-21 16:35:48.752 27094 27115 E OpenGLRenderer: Unable to match the desired swap behavior.
05-21 16:35:48.860   753   765 E mtkpower@impl: [setMode] unknown type
05-21 16:35:48.880   700  1968 W PackageConfigPersister: App-specific configuration not found for packageName: com.orbital.iptv and userId: 0
05-21 16:35:49.241   753   765 E mtkpower@impl: [setMode] unknown type
05-21 16:35:49.325   700   849 W AccessibilityWindowsPopulator: Windows change within in 2 frames continuously over 500 ms and notify windows changed immediately
05-21 16:35:49.432   700  1968 W PackageConfigPersister: App-specific configuration not found for packageName: com.orbital.iptv and userId: 0
05-21 16:35:51.029   700  1907 E CellBroadcastUtils: getDefaultCellBroadcastReceiverPackageName: no package found
05-21 16:35:51.033   700  1907 E Transition: Trying to add a ready-group twice: Display{#0 state=ON size=1920x1080 ROTATION_0}
05-21 16:35:51.411 27094 27094 W m.orbital.iptv: Accessing hidden method Landroid/media/AudioTrack;->getLatency()I (unsupported, reflection, allowed)
05-21 16:35:51.606   700  1907 W WindowManager: Failed looking up window session=Session{cdea951 27094:u0a10128} callers=com.android.server.wm.WindowManagerService.windowForClientLocked:6034 com.android.server.wm.Session.updateRequestedVisibleTypes:690 android.view.IWindowSession$Stub.onTransact:1034 
05-21 16:35:51.677 27094 27115 E OpenGLRenderer: Unable to match the desired swap behavior.
05-21 16:35:51.794   753   765 E mtkpower@impl: [setMode] unknown type
05-21 16:35:51.811   700  1953 W PackageConfigPersister: App-specific configuration not found for packageName: com.orbital.iptv and userId: 0
05-21 16:35:51.861   700  1770 E TaskPersister: File error accessing recents directory (directory doesn't exist?).
05-21 16:35:52.175   753   765 E mtkpower@impl: [setMode] unknown type
05-21 16:35:52.260   700   849 W AccessibilityWindowsPopulator: Windows change within in 2 frames continuously over 500 ms and notify windows changed immediately
05-21 16:35:54.349   700   714 W System  : A resource failed to call close. 
05-21 16:35:54.352   700   714 W System  : A resource failed to call release. 
05-21 16:35:54.372   700   714 W System  : A resource failed to call release. 
05-21 16:35:54.375   700   714 W System  : A resource failed to call CursorWindow.close. 
05-21 16:35:54.375   700   714 W System  : A resource failed to call CursorWindow.close. 
05-21 16:35:55.695 27094 27243 E ExoPlayerImplInternal: Playback error
05-21 16:35:55.695 27094 27243 E ExoPlayerImplInternal:   androidx.media3.exoplayer.ExoPlaybackException: Source error
05-21 16:35:55.695 27094 27243 E ExoPlayerImplInternal:       at androidx.media3.exoplayer.ExoPlayerImplInternal.handleIoException(ExoPlayerImplInternal.java:717)
05-21 16:35:55.695 27094 27243 E ExoPlayerImplInternal:       at androidx.media3.exoplayer.ExoPlayerImplInternal.handleMessage(ExoPlayerImplInternal.java:689)
05-21 16:35:55.695 27094 27243 E ExoPlayerImplInternal:       at android.os.Handler.dispatchMessage(Handler.java:102)
05-21 16:35:55.695 27094 27243 E ExoPlayerImplInternal:       at android.os.Looper.loopOnce(Looper.java:205)
05-21 16:35:55.695 27094 27243 E ExoPlayerImplInternal:       at android.os.Looper.loop(Looper.java:294)
05-21 16:35:55.695 27094 27243 E ExoPlayerImplInternal:       at android.os.HandlerThread.run(HandlerThread.java:67)
05-21 16:35:55.695 27094 27243 E ExoPlayerImplInternal:   Caused by: androidx.media3.datasource.HttpDataSource$InvalidResponseCodeException: Response code: 502
05-21 16:35:55.695 27094 27243 E ExoPlayerImplInternal:       at androidx.media3.datasource.DefaultHttpDataSource.open(DefaultHttpDataSource.java:436)
05-21 16:35:55.695 27094 27243 E ExoPlayerImplInternal:       at androidx.media3.datasource.StatsDataSource.open(StatsDataSource.java:86)
05-21 16:35:55.695 27094 27243 E ExoPlayerImplInternal:       at androidx.media3.exoplayer.source.ProgressiveMediaPeriod$ExtractingLoadable.load(ProgressiveMediaPeriod.java:1029)
05-21 16:35:55.695 27094 27243 E ExoPlayerImplInternal:       at androidx.media3.exoplayer.upstream.Loader$LoadTask.run(Loader.java:421)
05-21 16:35:55.695 27094 27243 E ExoPlayerImplInternal:       at java.util.concurrent.ThreadPoolExecutor.runWorker(ThreadPoolExecutor.java:1145)
05-21 16:35:55.695 27094 27243 E ExoPlayerImplInternal:       at java.util.concurrent.ThreadPoolExecutor$Worker.run(ThreadPoolExecutor.java:644)
05-21 16:35:55.695 27094 27243 E ExoPlayerImplInternal:       at java.lang.Thread.run(Thread.java:1012)
05-21 16:35:57.269   700   947 W InputDispatcher: Waiting because no window has focus but ActivityRecord{f06f102 u0 com.orbital.iptv/.ui.favourites.FavouritesActivity t3202} may eventually add a window when it finishes starting up. Will wait for 5000ms
05-21 16:35:57.276 27094 27115 E OpenGLRenderer: Unable to match the desired swap behavior.
05-21 16:35:57.359   700  1968 W PackageConfigPersister: App-specific configuration not found for packageName: com.orbital.iptv and userId: 0
05-21 16:35:57.374   753   765 E mtkpower@impl: [setMode] unknown type
05-21 16:35:57.758   753   765 E mtkpower@impl: [setMode] unknown type
05-21 16:35:57.792 27094 27094 W WindowOnBackDispatcher: sendCancelIfRunning: isInProgress=falsecallback=android.view.ViewRootImpl$$ExternalSyntheticLambda11@6556dd2
05-21 16:35:57.800   700  1337 W InputManager-JNI: Input channel object '8ae5d29 com.orbital.iptv/com.orbital.iptv.ui.player.PlayerActivity (client)' was disposed without first being removed with the input manager!
05-21 16:35:57.825   700   849 W AccessibilityWindowsPopulator: Windows change within in 2 frames continuously over 500 ms and notify windows changed immediately
05-21 16:35:58.419 27094 27115 E OpenGLRenderer: Unable to match the desired swap behavior.
05-21 16:35:58.522   700  1953 W PackageConfigPersister: App-specific configuration not found for packageName: com.orbital.iptv and userId: 0
05-21 16:35:58.540 27094 27094 W Glide   : Load failed for [https://www.techfollows.com/wp-content/uploads/2019/08/PPV-on-Kodi.png] with dimensions [80x56]
05-21 16:35:58.540 27094 27094 W Glide   : class com.bumptech.glide.load.engine.GlideException: Failed to load resource
05-21 16:35:58.540 27094 27094 W Glide   : There was 1 root cause:
05-21 16:35:58.540 27094 27094 W Glide   : com.bumptech.glide.load.HttpException(Failed to connect or obtain data, status code: 403)
05-21 16:35:58.540 27094 27094 W Glide   :  call GlideException#logRootCauses(String) for more detail
05-21 16:35:58.540 27094 27094 W Glide   :   Cause (1 of 1): class com.bumptech.glide.load.engine.GlideException: Fetching data failed, class java.io.InputStream, REMOTE
05-21 16:35:58.540 27094 27094 W Glide   : There was 1 root cause:
05-21 16:35:58.540 27094 27094 W Glide   : com.bumptech.glide.load.HttpException(Failed to connect or obtain data, status code: 403)
05-21 16:35:58.540 27094 27094 W Glide   :  call GlideException#logRootCauses(String) for more detail
05-21 16:35:58.540 27094 27094 W Glide   :     Cause (1 of 1): class com.bumptech.glide.load.engine.GlideException: Fetch failed
05-21 16:35:58.540 27094 27094 W Glide   : There was 1 root cause:
05-21 16:35:58.540 27094 27094 W Glide   : com.bumptech.glide.load.HttpException(Failed to connect or obtain data, status code: 403)
05-21 16:35:58.540 27094 27094 W Glide   :  call GlideException#logRootCauses(String) for more detail
05-21 16:35:58.540 27094 27094 W Glide   :       Cause (1 of 1): class com.bumptech.glide.load.HttpException: Failed to connect or obtain data, status code: 403
05-21 16:35:58.543   753   765 E mtkpower@impl: [setMode] unknown type
05-21 16:35:58.544 27094 27094 W Glide   : Load failed for [https://www.techfollows.com/wp-content/uploads/2019/08/PPV-on-Kodi.png] with dimensions [80x56]
05-21 16:35:58.544 27094 27094 W Glide   : class com.bumptech.glide.load.engine.GlideException: Failed to load resource
05-21 16:35:58.544 27094 27094 W Glide   : There was 1 root cause:
05-21 16:35:58.544 27094 27094 W Glide   : com.bumptech.glide.load.HttpException(Failed to connect or obtain data, status code: 403)
05-21 16:35:58.544 27094 27094 W Glide   :  call GlideException#logRootCauses(String) for more detail
05-21 16:35:58.544 27094 27094 W Glide   :   Cause (1 of 1): class com.bumptech.glide.load.engine.GlideException: Fetching data failed, class java.io.InputStream, REMOTE
05-21 16:35:58.544 27094 27094 W Glide   : There was 1 root cause:
05-21 16:35:58.544 27094 27094 W Glide   : com.bumptech.glide.load.HttpException(Failed to connect or obtain data, status code: 403)
05-21 16:35:58.544 27094 27094 W Glide   :  call GlideException#logRootCauses(String) for more detail
05-21 16:35:58.544 27094 27094 W Glide   :     Cause (1 of 1): class com.bumptech.glide.load.engine.GlideException: Fetch failed
05-21 16:35:58.544 27094 27094 W Glide   : There was 1 root cause:
05-21 16:35:58.544 27094 27094 W Glide   : com.bumptech.glide.load.HttpException(Failed to connect or obtain data, status code: 403)
05-21 16:35:58.544 27094 27094 W Glide   :  call GlideException#logRootCauses(String) for more detail
05-21 16:35:58.544 27094 27094 W Glide   :       Cause (1 of 1): class com.bumptech.glide.load.HttpException: Failed to connect or obtain data, status code: 403
05-21 16:35:58.548 27094 27094 W Glide   : Load failed for [https://www.techfollows.com/wp-content/uploads/2019/08/PPV-on-Kodi.png] with dimensions [80x56]
05-21 16:35:58.548 27094 27094 W Glide   : class com.bumptech.glide.load.engine.GlideException: Failed to load resource
05-21 16:35:58.548 27094 27094 W Glide   : There was 1 root cause:
05-21 16:35:58.548 27094 27094 W Glide   : com.bumptech.glide.load.HttpException(Failed to connect or obtain data, status code: 403)
05-21 16:35:58.548 27094 27094 W Glide   :  call GlideException#logRootCauses(String) for more detail
05-21 16:35:58.548 27094 27094 W Glide   :   Cause (1 of 1): class com.bumptech.glide.load.engine.GlideException: Fetching data failed, class java.io.InputStream, REMOTE
05-21 16:35:58.548 27094 27094 W Glide   : There was 1 root cause:
05-21 16:35:58.548 27094 27094 W Glide   : com.bumptech.glide.load.HttpException(Failed to connect or obtain data, status code: 403)
05-21 16:35:58.548 27094 27094 W Glide   :  call GlideException#logRootCauses(String) for more detail
05-21 16:35:58.548 27094 27094 W Glide   :     Cause (1 of 1): class com.bumptech.glide.load.engine.GlideException: Fetch failed
05-21 16:35:58.548 27094 27094 W Glide   : There was 1 root cause:
05-21 16:35:58.548 27094 27094 W Glide   : com.bumptech.glide.load.HttpException(Failed to connect or obtain data, status code: 403)
05-21 16:35:58.548 27094 27094 W Glide   :  call GlideException#logRootCauses(String) for more detail
05-21 16:35:58.548 27094 27094 W Glide   :       Cause (1 of 1): class com.bumptech.glide.load.HttpException: Failed to connect or obtain data, status code: 403
05-21 16:35:58.551 27094 27094 W Glide   : Load failed for [https://www.techfollows.com/wp-content/uploads/2019/08/PPV-on-Kodi.png] with dimensions [80x56]
05-21 16:35:58.551 27094 27094 W Glide   : class com.bumptech.glide.load.engine.GlideException: Failed to load resource
05-21 16:35:58.551 27094 27094 W Glide   : There was 1 root cause:
05-21 16:35:58.551 27094 27094 W Glide   : com.bumptech.glide.load.HttpException(Failed to connect or obtain data, status code: 403)
05-21 16:35:58.551 27094 27094 W Glide   :  call GlideException#logRootCauses(String) for more detail
05-21 16:35:58.551 27094 27094 W Glide   :   Cause (1 of 1): class com.bumptech.glide.load.engine.GlideException: Fetching data failed, class java.io.InputStream, REMOTE
05-21 16:35:58.551 27094 27094 W Glide   : There was 1 root cause:
05-21 16:35:58.551 27094 27094 W Glide   : com.bumptech.glide.load.HttpException(Failed to connect or obtain data, status code: 403)
05-21 16:35:58.551 27094 27094 W Glide   :  call GlideException#logRootCauses(String) for more detail
05-21 16:35:58.551 27094 27094 W Glide   :     Cause (1 of 1): class com.bumptech.glide.load.engine.GlideException: Fetch failed
05-21 16:35:58.551 27094 27094 W Glide   : There was 1 root cause:
05-21 16:35:58.551 27094 27094 W Glide   : com.bumptech.glide.load.HttpException(Failed to connect or obtain data, status code: 403)
05-21 16:35:58.551 27094 27094 W Glide   :  call GlideException#logRootCauses(String) for more detail
05-21 16:35:58.551 27094 27094 W Glide   :       Cause (1 of 1): class com.bumptech.glide.load.HttpException: Failed to connect or obtain data, status code: 403
05-21 16:35:58.555 27094 27094 W Glide   : Load failed for [https://www.techfollows.com/wp-content/uploads/2019/08/PPV-on-Kodi.png] with dimensions [80x56]
05-21 16:35:58.555 27094 27094 W Glide   : class com.bumptech.glide.load.engine.GlideException: Failed to load resource
05-21 16:35:58.555 27094 27094 W Glide   : There was 1 root cause:
05-21 16:35:58.555 27094 27094 W Glide   : com.bumptech.glide.load.HttpException(Failed to connect or obtain data, status code: 403)
05-21 16:35:58.555 27094 27094 W Glide   :  call GlideException#logRootCauses(String) for more detail
05-21 16:35:58.555 27094 27094 W Glide   :   Cause (1 of 1): class com.bumptech.glide.load.engine.GlideException: Fetching data failed, class java.io.InputStream, REMOTE
05-21 16:35:58.555 27094 27094 W Glide   : There was 1 root cause:
05-21 16:35:58.555 27094 27094 W Glide   : com.bumptech.glide.load.HttpException(Failed to connect or obtain data, status code: 403)
05-21 16:35:58.555 27094 27094 W Glide   :  call GlideException#logRootCauses(String) for more detail
05-21 16:35:58.555 27094 27094 W Glide   :     Cause (1 of 1): class com.bumptech.glide.load.engine.GlideException: Fetch failed
05-21 16:35:58.555 27094 27094 W Glide   : There was 1 root cause:
05-21 16:35:58.555 27094 27094 W Glide   : com.bumptech.glide.load.HttpException(Failed to connect or obtain data, status code: 403)
05-21 16:35:58.555 27094 27094 W Glide   :  call GlideException#logRootCauses(String) for more detail
05-21 16:35:58.555 27094 27094 W Glide   :       Cause (1 of 1): class com.bumptech.glide.load.HttpException: Failed to connect or obtain data, status code: 403
05-21 16:35:58.558 27094 27094 W Glide   : Load failed for [https://www.techfollows.com/wp-content/uploads/2019/08/PPV-on-Kodi.png] with dimensions [80x56]
05-21 16:35:58.558 27094 27094 W Glide   : class com.bumptech.glide.load.engine.GlideException: Failed to load resource
05-21 16:35:58.558 27094 27094 W Glide   : There was 1 root cause:
05-21 16:35:58.558 27094 27094 W Glide   : com.bumptech.glide.load.HttpException(Failed to connect or obtain data, status code: 403)
05-21 16:35:58.558 27094 27094 W Glide   :  call GlideException#logRootCauses(String) for more detail
05-21 16:35:58.558 27094 27094 W Glide   :   Cause (1 of 1): class com.bumptech.glide.load.engine.GlideException: Fetching data failed, class java.io.InputStream, REMOTE
05-21 16:35:58.558 27094 27094 W Glide   : There was 1 root cause:
05-21 16:35:58.558 27094 27094 W Glide   : com.bumptech.glide.load.HttpException(Failed to connect or obtain data, status code: 403)
05-21 16:35:58.558 27094 27094 W Glide   :  call GlideException#logRootCauses(String) for more detail
05-21 16:35:58.558 27094 27094 W Glide   :     Cause (1 of 1): class com.bumptech.glide.load.engine.GlideException: Fetch failed
05-21 16:35:58.558 27094 27094 W Glide   : There was 1 root cause:
05-21 16:35:58.558 27094 27094 W Glide   : com.bumptech.glide.load.HttpException(Failed to connect or obtain data, status code: 403)
05-21 16:35:58.558 27094 27094 W Glide   :  call GlideException#logRootCauses(String) for more detail
05-21 16:35:58.558 27094 27094 W Glide   :       Cause (1 of 1): class com.bumptech.glide.load.HttpException: Failed to connect or obtain data, status code: 403
05-21 16:35:58.561 27094 27094 W Glide   : Load failed for [https://www.techfollows.com/wp-content/uploads/2019/08/PPV-on-Kodi.png] with dimensions [80x56]
05-21 16:35:58.561 27094 27094 W Glide   : class com.bumptech.glide.load.engine.GlideException: Failed to load resource
05-21 16:35:58.561 27094 27094 W Glide   : There was 1 root cause:
05-21 16:35:58.561 27094 27094 W Glide   : com.bumptech.glide.load.HttpException(Failed to connect or obtain data, status code: 403)
05-21 16:35:58.561 27094 27094 W Glide   :  call GlideException#logRootCauses(String) for more detail
05-21 16:35:58.561 27094 27094 W Glide   :   Cause (1 of 1): class com.bumptech.glide.load.engine.GlideException: Fetching data failed, class java.io.InputStream, REMOTE
05-21 16:35:58.561 27094 27094 W Glide   : There was 1 root cause:
05-21 16:35:58.561 27094 27094 W Glide   : com.bumptech.glide.load.HttpException(Failed to connect or obtain data, status code: 403)
05-21 16:35:58.561 27094 27094 W Glide   :  call GlideException#logRootCauses(String) for more detail
05-21 16:35:58.561 27094 27094 W Glide   :     Cause (1 of 1): class com.bumptech.glide.load.engine.GlideException: Fetch failed
05-21 16:35:58.561 27094 27094 W Glide   : There was 1 root cause:
05-21 16:35:58.561 27094 27094 W Glide   : com.bumptech.glide.load.HttpException(Failed to connect or obtain data, status code: 403)
05-21 16:35:58.561 27094 27094 W Glide   :  call GlideException#logRootCauses(String) for more detail
05-21 16:35:58.561 27094 27094 W Glide   :       Cause (1 of 1): class com.bumptech.glide.load.HttpException: Failed to connect or obtain data, status code: 403
05-21 16:35:58.564 27094 27094 W Glide   : Load failed for [https://www.techfollows.com/wp-content/uploads/2019/08/PPV-on-Kodi.png] with dimensions [80x56]
05-21 16:35:58.564 27094 27094 W Glide   : class com.bumptech.glide.load.engine.GlideException: Failed to load resource
05-21 16:35:58.564 27094 27094 W Glide   : There was 1 root cause:
05-21 16:35:58.564 27094 27094 W Glide   : com.bumptech.glide.load.HttpException(Failed to connect or obtain data, status code: 403)
05-21 16:35:58.564 27094 27094 W Glide   :  call GlideException#logRootCauses(String) for more detail
05-21 16:35:58.564 27094 27094 W Glide   :   Cause (1 of 1): class com.bumptech.glide.load.engine.GlideException: Fetching data failed, class java.io.InputStream, REMOTE
05-21 16:35:58.564 27094 27094 W Glide   : There was 1 root cause:
05-21 16:35:58.564 27094 27094 W Glide   : com.bumptech.glide.load.HttpException(Failed to connect or obtain data, status code: 403)
05-21 16:35:58.564 27094 27094 W Glide   :  call GlideException#logRootCauses(String) for more detail
05-21 16:35:58.564 27094 27094 W Glide   :     Cause (1 of 1): class com.bumptech.glide.load.engine.GlideException: Fetch failed
05-21 16:35:58.564 27094 27094 W Glide   : There was 1 root cause:
05-21 16:35:58.564 27094 27094 W Glide   : com.bumptech.glide.load.HttpException(Failed to connect or obtain data, status code: 403)
05-21 16:35:58.564 27094 27094 W Glide   :  call GlideException#logRootCauses(String) for more detail
05-21 16:35:58.564 27094 27094 W Glide   :       Cause (1 of 1): class com.bumptech.glide.load.HttpException: Failed to connect or obtain data, status code: 403
05-21 16:35:58.567 27094 27094 W Glide   : Load failed for [https://www.techfollows.com/wp-content/uploads/2019/08/PPV-on-Kodi.png] with dimensions [80x56]
05-21 16:35:58.567 27094 27094 W Glide   : class com.bumptech.glide.load.engine.GlideException: Failed to load resource
05-21 16:35:58.567 27094 27094 W Glide   : There was 1 root cause:
05-21 16:35:58.567 27094 27094 W Glide   : com.bumptech.glide.load.HttpException(Failed to connect or obtain data, status code: 403)
05-21 16:35:58.567 27094 27094 W Glide   :  call GlideException#logRootCauses(String) for more detail
05-21 16:35:58.567 27094 27094 W Glide   :   Cause (1 of 1): class com.bumptech.glide.load.engine.GlideException: Fetching data failed, class java.io.InputStream, REMOTE
05-21 16:35:58.567 27094 27094 W Glide   : There was 1 root cause:
05-21 16:35:58.567 27094 27094 W Glide   : com.bumptech.glide.load.HttpException(Failed to connect or obtain data, status code: 403)
05-21 16:35:58.567 27094 27094 W Glide   :  call GlideException#logRootCauses(String) for more detail
05-21 16:35:58.567 27094 27094 W Glide   :     Cause (1 of 1): class com.bumptech.glide.load.engine.GlideException: Fetch failed
05-21 16:35:58.567 27094 27094 W Glide   : There was 1 root cause:
05-21 16:35:58.567 27094 27094 W Glide   : com.bumptech.glide.load.HttpException(Failed to connect or obtain data, status code: 403)
05-21 16:35:58.567 27094 27094 W Glide   :  call GlideException#logRootCauses(String) for more detail
05-21 16:35:58.567 27094 27094 W Glide   :       Cause (1 of 1): class com.bumptech.glide.load.HttpException: Failed to connect or obtain data, status code: 403
05-21 16:35:58.925   753   765 E mtkpower@impl: [setMode] unknown type
05-21 16:35:58.943 27094 27094 W WindowOnBackDispatcher: sendCancelIfRunning: isInProgress=falsecallback=android.view.ViewRootImpl$$ExternalSyntheticLambda11@ec41090
05-21 16:35:58.956   700  1907 W InputManager-JNI: Input channel object '2482d68 com.orbital.iptv/com.orbital.iptv.ui.favourites.FavouritesActivity (client)' was disposed without first being removed with the input manager!
05-21 16:35:58.974   700   849 W AccessibilityWindowsPopulator: Windows change within in 2 frames continuously over 500 ms and notify windows changed immediately
05-21 16:35:59.218   700  1968 W PackageConfigPersister: App-specific configuration not found for packageName: com.orbital.iptv and userId: 0
05-21 16:36:00.040 27094 27094 W View    : couldn't find view with id 2131231208
05-21 16:36:01.319   700  1770 E TaskPersister: File error accessing recents directory (directory doesn't exist?).
05-21 16:36:06.270   700  1957 E CellBroadcastUtils: getDefaultCellBroadcastReceiverPackageName: no package found
05-21 16:36:06.277   700  1957 E Transition: Trying to add a ready-group twice: Display{#0 state=ON size=1920x1080 ROTATION_0}
--------- beginning of crash
05-21 16:36:06.568 27094 27094 E AndroidRuntime: FATAL EXCEPTION: main
05-21 16:36:06.568 27094 27094 E AndroidRuntime: Process: com.orbital.iptv, PID: 27094
05-21 16:36:06.568 27094 27094 E AndroidRuntime: java.lang.RuntimeException: Unable to start activity ComponentInfo{com.orbital.iptv/com.orbital.iptv.ui.player.PlayerActivity}: java.lang.IllegalArgumentException: minBufferMs cannot be less than bufferForPlaybackAfterRebufferMs
05-21 16:36:06.568 27094 27094 E AndroidRuntime: 	at android.app.ActivityThread.performLaunchActivity(ActivityThread.java:3782)
05-21 16:36:06.568 27094 27094 E AndroidRuntime: 	at android.app.ActivityThread.handleLaunchActivity(ActivityThread.java:3922)
05-21 16:36:06.568 27094 27094 E AndroidRuntime: 	at android.app.servertransaction.LaunchActivityItem.execute(LaunchActivityItem.java:103)
05-21 16:36:06.568 27094 27094 E AndroidRuntime: 	at android.app.servertransaction.TransactionExecutor.executeCallbacks(TransactionExecutor.java:139)
05-21 16:36:06.568 27094 27094 E AndroidRuntime: 	at android.app.servertransaction.TransactionExecutor.execute(TransactionExecutor.java:96)
05-21 16:36:06.568 27094 27094 E AndroidRuntime: 	at android.app.ActivityThread$H.handleMessage(ActivityThread.java:2443)
05-21 16:36:06.568 27094 27094 E AndroidRuntime: 	at android.os.Handler.dispatchMessage(Handler.java:106)
05-21 16:36:06.568 27094 27094 E AndroidRuntime: 	at android.os.Looper.loopOnce(Looper.java:205)
05-21 16:36:06.568 27094 27094 E AndroidRuntime: 	at android.os.Looper.loop(Looper.java:294)
05-21 16:36:06.568 27094 27094 E AndroidRuntime: 	at android.app.ActivityThread.main(ActivityThread.java:8177)
05-21 16:36:06.568 27094 27094 E AndroidRuntime: 	at java.lang.reflect.Method.invoke(Native Method)
05-21 16:36:06.568 27094 27094 E AndroidRuntime: 	at com.android.internal.os.RuntimeInit$MethodAndArgsCaller.run(RuntimeInit.java:552)
05-21 16:36:06.568 27094 27094 E AndroidRuntime: 	at com.android.internal.os.ZygoteInit.main(ZygoteInit.java:971)
05-21 16:36:06.568 27094 27094 E AndroidRuntime: Caused by: java.lang.IllegalArgumentException: minBufferMs cannot be less than bufferForPlaybackAfterRebufferMs
05-21 16:36:06.568 27094 27094 E AndroidRuntime: 	at androidx.media3.common.util.Assertions.checkArgument(Assertions.java:55)
05-21 16:36:06.568 27094 27094 E AndroidRuntime: 	at androidx.media3.exoplayer.DefaultLoadControl.assertGreaterOrEqual(DefaultLoadControl.java:465)
05-21 16:36:06.568 27094 27094 E AndroidRuntime: 	at androidx.media3.exoplayer.DefaultLoadControl.access$000(DefaultLoadControl.java:38)
05-21 16:36:06.568 27094 27094 E AndroidRuntime: 	at androidx.media3.exoplayer.DefaultLoadControl$Builder.setBufferDurationsMs(DefaultLoadControl.java:172)
05-21 16:36:06.568 27094 27094 E AndroidRuntime: 	at com.orbital.iptv.ui.player.PlayerActivity.initPlayer(PlayerActivity.kt:402)
05-21 16:36:06.568 27094 27094 E AndroidRuntime: 	at com.orbital.iptv.ui.player.PlayerActivity.onCreate(PlayerActivity.kt:194)
05-21 16:36:06.568 27094 27094 E AndroidRuntime: 	at android.app.Activity.performCreate(Activity.java:8595)
05-21 16:36:06.568 27094 27094 E AndroidRuntime: 	at android.app.Activity.performCreate(Activity.java:8573)
05-21 16:36:06.568 27094 27094 E AndroidRuntime: 	at android.app.Instrumentation.callActivityOnCreate(Instrumentation.java:1456)
05-21 16:36:06.568 27094 27094 E AndroidRuntime: 	at android.app.ActivityThread.performLaunchActivity(ActivityThread.java:3764)
05-21 16:36:06.568 27094 27094 E AndroidRuntime: 	... 12 more
05-21 16:36:06.579   700  1953 W ActivityTaskManager:   Force finishing activity com.orbital.iptv/.ui.player.PlayerActivity
05-21 16:36:06.582   700  1953 W ActivityTaskManager:   Force finishing activity com.orbital.iptv/.ui.home.HomeActivity
