05-21 16:36:06.664   700  1337 W InputManager-JNI: Input channel object 'f2ab535 com.orbital.iptv/com.orbital.iptv.ui.home.HomeActivity (client)' was disposed without first being removed with the input manager!
05-21 16:36:06.687  1822  1822 W BillingClient: There was an exception while unbinding service!
05-21 16:36:06.687  1822  1822 W BillingClient: java.lang.IllegalArgumentException: Service not registered: A2.y@4b12917
05-21 16:36:06.687  1822  1822 W BillingClient: 	at android.app.LoadedApk.forgetServiceDispatcher(LoadedApk.java:2001)
05-21 16:36:06.687  1822  1822 W BillingClient: 	at android.app.ContextImpl.unbindService(ContextImpl.java:2168)
05-21 16:36:06.687  1822  1822 W BillingClient: 	at android.content.ContextWrapper.unbindService(ContextWrapper.java:923)
05-21 16:36:06.687  1822  1822 W BillingClient: 	at A2.e.p(Unknown Source:12)
05-21 16:36:06.687  1822  1822 W BillingClient: 	at A2.e.o(Unknown Source:72)
05-21 16:36:06.687  1822  1822 W BillingClient: 	at A2.e.f(Unknown Source:1)
05-21 16:36:06.687  1822  1822 W BillingClient: 	at R6.g.g(Unknown Source:47)
05-21 16:36:06.687  1822  1822 W BillingClient: 	at F5.p.p(Unknown Source:72)
05-21 16:36:06.687  1822  1822 W BillingClient: 	at s7.a.l(Unknown Source:11)
05-21 16:36:06.687  1822  1822 W BillingClient: 	at Q7.J.run(Unknown Source:108)
05-21 16:36:06.687  1822  1822 W BillingClient: 	at Q7.T.b0(Unknown Source:23)
05-21 16:36:06.687  1822  1822 W BillingClient: 	at V7.b.n(Unknown Source:142)
05-21 16:36:06.687  1822  1822 W BillingClient: 	at z4.b.h0(Unknown Source:10)
05-21 16:36:06.687  1822  1822 W BillingClient: 	at Q7.a.c0(Unknown Source:30)
05-21 16:36:06.687  1822  1822 W BillingClient: 	at Q7.A.J(Unknown Source:19)
05-21 16:36:06.687  1822  1822 W BillingClient: 	at androidx.lifecycle.L.g(Unknown Source:19)
05-21 16:36:06.687  1822  1822 W BillingClient: 	at androidx.lifecycle.A.a(Unknown Source:14)
05-21 16:36:06.687  1822  1822 W BillingClient: 	at androidx.lifecycle.B.h(Unknown Source:374)
05-21 16:36:06.687  1822  1822 W BillingClient: 	at androidx.lifecycle.B.e(Unknown Source:32)
05-21 16:36:06.687  1822  1822 W BillingClient: 	at androidx.lifecycle.B.d(Unknown Source:14)
05-21 16:36:06.687  1822  1822 W BillingClient: 	at p0.c0.n(Unknown Source:170)
05-21 16:36:06.687  1822  1822 W BillingClient: 	at p0.c0.k(Unknown Source:58)
05-21 16:36:06.687  1822  1822 W BillingClient: 	at p0.W.d0(Unknown Source:61)
05-21 16:36:06.687  1822  1822 W BillingClient: 	at p0.W.z(Unknown Source:35)
05-21 16:36:06.687  1822  1822 W BillingClient: 	at p0.W.x(Unknown Source:10)
05-21 16:36:06.687  1822  1822 W BillingClient: 	at h.k.s(Unknown Source:18)
05-21 16:36:06.687  1822  1822 W BillingClient: 	at h.k.onPostResume(Unknown Source:0)
05-21 16:36:06.687  1822  1822 W BillingClient: 	at android.app.Activity.performResume(Activity.java:8770)
05-21 16:36:06.687  1822  1822 W BillingClient: 	at android.app.ActivityThread.performResumeActivity(ActivityThread.java:4952)
05-21 16:36:06.687  1822  1822 W BillingClient: 	at android.app.ActivityThread.handleResumeActivity(ActivityThread.java:4995)
05-21 16:36:06.687  1822  1822 W BillingClient: 	at android.app.servertransaction.ResumeActivityItem.execute(ResumeActivityItem.java:57)
05-21 16:36:06.687  1822  1822 W BillingClient: 	at android.app.servertransaction.ActivityTransactionItem.execute(ActivityTransactionItem.java:45)
05-21 16:36:06.687  1822  1822 W BillingClient: 	at android.app.servertransaction.TransactionExecutor.executeLifecycleState(TransactionExecutor.java:180)
05-21 16:36:06.687  1822  1822 W BillingClient: 	at android.app.servertransaction.TransactionExecutor.execute(TransactionExecutor.java:98)
05-21 16:36:06.687  1822  1822 W BillingClient: 	at android.app.ActivityThread$H.handleMessage(ActivityThread.java:2443)
05-21 16:36:06.687  1822  1822 W BillingClient: 	at android.os.Handler.dispatchMessage(Handler.java:106)
05-21 16:36:06.687  1822  1822 W BillingClient: 	at android.os.Looper.loopOnce(Looper.java:205)
05-21 16:36:06.687  1822  1822 W BillingClient: 	at android.os.Looper.loop(Looper.java:294)
05-21 16:36:06.687  1822  1822 W BillingClient: 	at android.app.ActivityThread.main(ActivityThread.java:8177)
05-21 16:36:06.687  1822  1822 W BillingClient: 	at java.lang.reflect.Method.invoke(Native Method)
05-21 16:36:06.687  1822  1822 W BillingClient: 	at com.android.internal.os.RuntimeInit$MethodAndArgsCaller.run(RuntimeInit.java:552)
05-21 16:36:06.687  1822  1822 W BillingClient: 	at com.android.internal.os.ZygoteInit.main(ZygoteInit.java:971)
05-21 16:36:06.688  1822  1822 W BillingClient: Unable to log.
05-21 16:36:06.688  1822  1822 W BillingClient: java.lang.NoClassDefFoundError: A2.I
05-21 16:36:06.688  1822  1822 W BillingClient: 	at A2.e.l(Unknown Source:0)
05-21 16:36:06.688  1822  1822 W BillingClient: 	at A2.e.o(Unknown Source:290)
05-21 16:36:06.688  1822  1822 W BillingClient: 	at A2.e.f(Unknown Source:1)
05-21 16:36:06.688  1822  1822 W BillingClient: 	at R6.g.g(Unknown Source:47)
05-21 16:36:06.688  1822  1822 W BillingClient: 	at F5.p.p(Unknown Source:72)
05-21 16:36:06.688  1822  1822 W BillingClient: 	at s7.a.l(Unknown Source:11)
05-21 16:36:06.688  1822  1822 W BillingClient: 	at Q7.J.run(Unknown Source:108)
05-21 16:36:06.688  1822  1822 W BillingClient: 	at Q7.T.b0(Unknown Source:23)
05-21 16:36:06.688  1822  1822 W BillingClient: 	at V7.b.n(Unknown Source:142)
05-21 16:36:06.688  1822  1822 W BillingClient: 	at z4.b.h0(Unknown Source:10)
05-21 16:36:06.688  1822  1822 W BillingClient: 	at Q7.a.c0(Unknown Source:30)
05-21 16:36:06.688  1822  1822 W BillingClient: 	at Q7.A.J(Unknown Source:19)
05-21 16:36:06.688  1822  1822 W BillingClient: 	at androidx.lifecycle.L.g(Unknown Source:19)
05-21 16:36:06.688  1822  1822 W BillingClient: 	at androidx.lifecycle.A.a(Unknown Source:14)
05-21 16:36:06.688  1822  1822 W BillingClient: 	at androidx.lifecycle.B.h(Unknown Source:374)
05-21 16:36:06.688  1822  1822 W BillingClient: 	at androidx.lifecycle.B.e(Unknown Source:32)
05-21 16:36:06.688  1822  1822 W BillingClient: 	at androidx.lifecycle.B.d(Unknown Source:14)
05-21 16:36:06.688  1822  1822 W BillingClient: 	at p0.c0.n(Unknown Source:170)
05-21 16:36:06.688  1822  1822 W BillingClient: 	at p0.c0.k(Unknown Source:58)
05-21 16:36:06.688  1822  1822 W BillingClient: 	at p0.W.d0(Unknown Source:61)
05-21 16:36:06.688  1822  1822 W BillingClient: 	at p0.W.z(Unknown Source:35)
05-21 16:36:06.688  1822  1822 W BillingClient: 	at p0.W.x(Unknown Source:10)
05-21 16:36:06.688  1822  1822 W BillingClient: 	at h.k.s(Unknown Source:18)
05-21 16:36:06.688  1822  1822 W BillingClient: 	at h.k.onPostResume(Unknown Source:0)
05-21 16:36:06.688  1822  1822 W BillingClient: 	at android.app.Activity.performResume(Activity.java:8770)
05-21 16:36:06.688  1822  1822 W BillingClient: 	at android.app.ActivityThread.performResumeActivity(ActivityThread.java:4952)
05-21 16:36:06.688  1822  1822 W BillingClient: 	at android.app.ActivityThread.handleResumeActivity(ActivityThread.java:4995)
05-21 16:36:06.688  1822  1822 W BillingClient: 	at android.app.servertransaction.ResumeActivityItem.execute(ResumeActivityItem.java:57)
05-21 16:36:06.688  1822  1822 W BillingClient: 	at android.app.servertransaction.ActivityTransactionItem.execute(ActivityTransactionItem.java:45)
05-21 16:36:06.688  1822  1822 W BillingClient: 	at android.app.servertransaction.TransactionExecutor.executeLifecycleState(TransactionExecutor.java:180)
05-21 16:36:06.688  1822  1822 W BillingClient: 	at android.app.servertransaction.TransactionExecutor.execute(TransactionExecutor.java:98)
05-21 16:36:06.688  1822  1822 W BillingClient: 	at android.app.ActivityThread$H.handleMessage(ActivityThread.java:2443)
05-21 16:36:06.688  1822  1822 W BillingClient: 	at android.os.Handler.dispatchMessage(Handler.java:106)
05-21 16:36:06.688  1822  1822 W BillingClient: 	at android.os.Looper.loopOnce(Looper.java:205)
05-21 16:36:06.688  1822  1822 W BillingClient: 	at android.os.Looper.loop(Looper.java:294)
05-21 16:36:06.688  1822  1822 W BillingClient: 	at android.app.ActivityThread.main(ActivityThread.java:8177)
05-21 16:36:06.688  1822  1822 W BillingClient: 	at java.lang.reflect.Method.invoke(Native Method)
05-21 16:36:06.688  1822  1822 W BillingClient: 	at com.android.internal.os.RuntimeInit$MethodAndArgsCaller.run(RuntimeInit.java:552)
05-21 16:36:06.688  1822  1822 W BillingClient: 	at com.android.internal.os.ZygoteInit.main(ZygoteInit.java:971)
05-21 16:36:06.688  1822  1822 W BillingClient: Caused by: java.lang.ExceptionInInitializerError
05-21 16:36:06.688  1822  1822 W BillingClient: 	at A2.I.<clinit>(Unknown Source:0)
05-21 16:36:06.688  1822  1822 W BillingClient: 	at A2.e.l(Unknown Source:0)
05-21 16:36:06.688  1822  1822 W BillingClient: 	at A2.e.o(Unknown Source:290)
05-21 16:36:06.688  1822  1822 W BillingClient: 	at A2.e.f(Unknown Source:1)
05-21 16:36:06.688  1822  1822 W BillingClient: 	at R6.g.g(Unknown Source:47)
05-21 16:36:06.688  1822  1822 W BillingClient: 	at d6.e.p(Unknown Source:22)
05-21 16:36:06.688  1822  1822 W BillingClient: 	at s7.a.l(Unknown Source:11)
05-21 16:36:06.688  1822  1822 W BillingClient: 	at Q7.J.run(Unknown Source:108)
05-21 16:36:06.688  1822  1822 W BillingClient: 	at U2.d.run(Unknown Source:334)
05-21 16:36:06.688  1822  1822 W BillingClient: 	at X7.j.run(Unknown Source:2)
05-21 16:36:06.688  1822  1822 W BillingClient: 	at X7.a.run(Unknown Source:87)
05-21 16:36:06.688  1822  1822 W BillingClient: Caused by: java.lang.IllegalArgumentException: Multiple entries with same key: TryRoom=3 and TryRoom=2
05-21 16:36:06.688  1822  1822 W BillingClient: 	at com.google.android.gms.internal.play_billing.t.a(Unknown Source:47)
05-21 16:36:06.688  1822  1822 W BillingClient: 	at com.google.android.gms.internal.play_billing.C.a(Unknown Source:475)
05-21 16:36:06.688  1822  1822 W BillingClient: 	at A2.J.<clinit>(Unknown Source:34)
05-21 16:36:06.688  1822  1822 W BillingClient: 	... 11 more
05-21 16:36:06.704  1822  2421 E OpenGLRenderer: Unable to match the desired swap behavior.
05-21 16:36:06.709   700  1981 W ProcessStats: Tracking association SourceState{dfae09 com.google.android.gms/10070 BTop #41710} whose proc state 2 is better than process ProcessState{8769a04 com.google.android.gms.persistent/10070 pkg=com.google.android.gms} proc state 3 (17 skipped)
05-21 16:36:06.719  1822  1822 W Glide   : Load failed for [android.resource://com.orbital.iptv/2131689472] with dimensions [182x182]
05-21 16:36:06.719  1822  1822 W Glide   : class H2.z: Failed to load resource
05-21 16:36:06.719  1822  1822 W Glide   : There were 4 root causes:
05-21 16:36:06.719  1822  1822 W Glide   : java.io.FileNotFoundException(Resource does not exist: android.resource://com.orbital.iptv/2131689472)
05-21 16:36:06.719  1822  1822 W Glide   : java.io.FileNotFoundException(Resource does not exist: android.resource://com.orbital.iptv/2131689472)
05-21 16:36:06.719  1822  1822 W Glide   : android.content.res.Resources$NotFoundException(Drawable com.orbital.iptv:string/abc_action_bar_home_description with resource ID #0x7f0f0000)
05-21 16:36:06.719  1822  1822 W Glide   : android.content.res.Resources$NotFoundException(Drawable com.orbital.iptv:string/abc_action_bar_home_description with resource ID #0x7f0f0000)
05-21 16:36:06.719  1822  1822 W Glide   :  call GlideException#logRootCauses(String) for more detail
05-21 16:36:06.719  1822  1822 W Glide   :   Cause (1 of 3): class H2.z: Fetching data failed, class java.io.InputStream, LOCAL
05-21 16:36:06.719  1822  1822 W Glide   : There was 1 root cause:
05-21 16:36:06.719  1822  1822 W Glide   : java.io.FileNotFoundException(Resource does not exist: android.resource://com.orbital.iptv/2131689472)
05-21 16:36:06.719  1822  1822 W Glide   :  call GlideException#logRootCauses(String) for more detail
05-21 16:36:06.719  1822  1822 W Glide   :     Cause (1 of 1): class java.io.FileNotFoundException: Resource does not exist: android.resource://com.orbital.iptv/2131689472
05-21 16:36:06.719  1822  1822 W Glide   :   Cause (2 of 3): class H2.z: Fetching data failed, class android.os.ParcelFileDescriptor, LOCAL
05-21 16:36:06.719  1822  1822 W Glide   : There was 1 root cause:
05-21 16:36:06.719  1822  1822 W Glide   : java.io.FileNotFoundException(Resource does not exist: android.resource://com.orbital.iptv/2131689472)
05-21 16:36:06.719  1822  1822 W Glide   :  call GlideException#logRootCauses(String) for more detail
05-21 16:36:06.719  1822  1822 W Glide   :     Cause (1 of 1): class java.io.FileNotFoundException: Resource does not exist: android.resource://com.orbital.iptv/2131689472
05-21 16:36:06.719  1822  1822 W Glide   :   Cause (3 of 3): class H2.z: Failed LoadPath{HierarchicalUri->Object->f}, LOCAL
05-21 16:36:06.719  1822  1822 W Glide   : There were 2 root causes:
05-21 16:36:06.719  1822  1822 W Glide   : android.content.res.Resources$NotFoundException(Drawable com.orbital.iptv:string/abc_action_bar_home_description with resource ID #0x7f0f0000)
05-21 16:36:06.719  1822  1822 W Glide   : android.content.res.Resources$NotFoundException(Drawable com.orbital.iptv:string/abc_action_bar_home_description with resource ID #0x7f0f0000)
05-21 16:36:06.719  1822  1822 W Glide   :  call GlideException#logRootCauses(String) for more detail
05-21 16:36:06.719  1822  1822 W Glide   :     Cause (1 of 1): class H2.z: Failed DecodePath{HierarchicalUri->Drawable->f}
05-21 16:36:06.719  1822  1822 W Glide   : There were 2 root causes:
05-21 16:36:06.719  1822  1822 W Glide   : android.content.res.Resources$NotFoundException(Drawable com.orbital.iptv:string/abc_action_bar_home_description with resource ID #0x7f0f0000)
05-21 16:36:06.719  1822  1822 W Glide   : android.content.res.Resources$NotFoundException(Drawable com.orbital.iptv:string/abc_action_bar_home_description with resource ID #0x7f0f0000)
05-21 16:36:06.719  1822  1822 W Glide   :  call GlideException#logRootCauses(String) for more detail
05-21 16:36:06.719  1822  1822 W Glide   :       Cause (1 of 2): class android.content.res.Resources$NotFoundException: Drawable com.orbital.iptv:string/abc_action_bar_home_description with resource ID #0x7f0f0000
05-21 16:36:06.719  1822  1822 W Glide   :       Cause (2 of 2): class android.content.res.Resources$NotFoundException: Drawable com.orbital.iptv:string/abc_action_bar_home_description with resource ID #0x7f0f0000
05-21 16:36:06.791   753   765 E mtkpower@impl: [setMode] unknown type
05-21 16:36:06.832   700   850 W WindowManager: Failed to deliver inset control state change to w=Window{f2ab535 u0 com.orbital.iptv/com.orbital.iptv.ui.home.HomeActivity EXITING}
05-21 16:36:06.832   700   850 W WindowManager: android.os.DeadObjectException
05-21 16:36:06.832   700   850 W WindowManager: 	at android.os.BinderProxy.transactNative(Native Method)
05-21 16:36:06.832   700   850 W WindowManager: 	at android.os.BinderProxy.transact(BinderProxy.java:584)
05-21 16:36:06.832   700   850 W WindowManager: 	at android.view.IWindow$Stub$Proxy.insetsControlChanged(IWindow.java:479)
05-21 16:36:06.832   700   850 W WindowManager: 	at com.android.server.wm.WindowState.notifyInsetsControlChanged(WindowState.java:3820)
05-21 16:36:06.832   700   850 W WindowManager: 	at com.android.server.wm.InsetsStateController.lambda$notifyPendingInsetsControlChanged$3(InsetsStateController.java:343)
05-21 16:36:06.832   700   850 W WindowManager: 	at com.android.server.wm.InsetsStateController.$r8$lambda$MnP7XA1MDcyrUwoj0hcoT5hTO8E(InsetsStateController.java:0)
05-21 16:36:06.832   700   850 W WindowManager: 	at com.android.server.wm.InsetsStateController$$ExternalSyntheticLambda0.run(R8$$SyntheticClass:0)
05-21 16:36:06.832   700   850 W WindowManager: 	at com.android.server.wm.WindowAnimator.executeAfterPrepareSurfacesRunnables(WindowAnimator.java:294)
05-21 16:36:06.832   700   850 W WindowManager: 	at com.android.server.wm.RootWindowContainer.performSurfacePlacementNoTrace(RootWindowContainer.java:811)
05-21 16:36:06.832   700   850 W WindowManager: 	at com.android.server.wm.RootWindowContainer.performSurfacePlacement(RootWindowContainer.java:756)
05-21 16:36:06.832   700   850 W WindowManager: 	at com.android.server.wm.WindowSurfacePlacer.performSurfacePlacementLoop(WindowSurfacePlacer.java:177)
05-21 16:36:06.832   700   850 W WindowManager: 	at com.android.server.wm.WindowSurfacePlacer.performSurfacePlacement(WindowSurfacePlacer.java:126)
05-21 16:36:06.832   700   850 W WindowManager: 	at com.android.server.wm.WindowSurfacePlacer.performSurfacePlacement(WindowSurfacePlacer.java:115)
05-21 16:36:06.832   700   850 W WindowManager: 	at com.android.server.wm.WindowSurfacePlacer$Traverser.run(WindowSurfacePlacer.java:57)
05-21 16:36:06.832   700   850 W WindowManager: 	at android.os.Handler.handleCallback(Handler.java:958)
05-21 16:36:06.832   700   850 W WindowManager: 	at android.os.Handler.dispatchMessage(Handler.java:99)
05-21 16:36:06.832   700   850 W WindowManager: 	at android.os.Looper.loopOnce(Looper.java:205)
05-21 16:36:06.832   700   850 W WindowManager: 	at android.os.Looper.loop(Looper.java:294)
05-21 16:36:06.832   700   850 W WindowManager: 	at android.os.HandlerThread.run(HandlerThread.java:67)
05-21 16:36:06.832   700   850 W WindowManager: 	at com.android.server.ServiceThread.run(ServiceThread.java:46)
05-21 16:36:06.833   700  1953 W PackageConfigPersister: App-specific configuration not found for packageName: com.spocky.projengmenu and userId: 0
05-21 16:36:06.903   700  1337 W JobScheduler: Job didn't exist in JobStore: 7c7c592 {androidx.work.systemjobscheduler} #u0a138/30000 @androidx.work.systemjobscheduler@se.hedekonsult.sparkle/androidx.work.impl.background.systemjob.SystemJobService
05-21 16:36:06.949  1822 27271 W ColorUtils: expected specified color aspects (2:0:0:0)
05-21 16:36:06.957  1822 27271 W Codec2Client: query -- param skipped: index = 1107298332.
05-21 16:36:06.957  1822 27271 W CCodec  : This behavior is subject to change. It is recommended that app developers double check whether the requested max input size is in reasonable range.
05-21 16:36:06.965   512 27276 E mtkpower_client: [getMtkPerfHal] nullptr
05-21 16:36:06.966  1822 27271 W Codec2Client: query -- param skipped: index = 1342179345.
05-21 16:36:06.966  1822 27271 W Codec2Client: query -- param skipped: index = 2415921170.
05-21 16:36:06.966  1822 27271 W Codec2Client: query -- param skipped: index = 1610614798.
05-21 16:36:06.967   512  1174 E C2MtkStorePlugin: hook CreateBlockPool allocatorId 274 poolId 199
05-21 16:36:06.975   764  5256 W ResourceManagerService: Ignoring request to add new resource entry with value <= 0
05-21 16:36:07.084   700   849 W ActivityTaskManager: Activity top resumed state loss timeout for ActivityRecord{275da7d u0 com.orbital.iptv/.ui.player.PlayerActivity t-1 f}}
05-21 16:36:07.161   700  1953 W WindowManager: Exception thrown during dispatchAppVisibility Window{f2ab535 u0 com.orbital.iptv/com.orbital.iptv.ui.home.HomeActivity EXITING}
05-21 16:36:07.161   700  1953 W WindowManager: android.os.DeadObjectException
05-21 16:36:07.161   700  1953 W WindowManager: 	at android.os.BinderProxy.transactNative(Native Method)
05-21 16:36:07.161   700  1953 W WindowManager: 	at android.os.BinderProxy.transact(BinderProxy.java:584)
05-21 16:36:07.161   700  1953 W WindowManager: 	at android.view.IWindow$Stub$Proxy.dispatchAppVisibility(IWindow.java:546)
05-21 16:36:07.161   700  1953 W WindowManager: 	at com.android.server.wm.WindowState.sendAppVisibilityToClients(WindowState.java:3289)
05-21 16:36:07.161   700  1953 W WindowManager: 	at com.android.server.wm.WindowContainer.sendAppVisibilityToClients(WindowContainer.java:1221)
05-21 16:36:07.161   700  1953 W WindowManager: 	at com.android.server.wm.WindowToken.setClientVisible(WindowToken.java:409)
05-21 16:36:07.161   700  1953 W WindowManager: 	at com.android.server.wm.ActivityRecord.setClientVisible(ActivityRecord.java:6995)
05-21 16:36:07.161   700  1953 W WindowManager: 	at com.android.server.wm.ActivityRecord.postApplyAnimation(ActivityRecord.java:5686)
05-21 16:36:07.161   700  1953 W WindowManager: 	at com.android.server.wm.ActivityRecord.commitVisibility(ActivityRecord.java:5629)
05-21 16:36:07.161   700  1953 W WindowManager: 	at com.android.server.wm.Transition.finishTransition(Transition.java:1153)
05-21 16:36:07.161   700  1953 W WindowManager: 	at com.android.server.wm.TransitionController.finishTransition(TransitionController.java:868)
05-21 16:36:07.161   700  1953 W WindowManager: 	at com.android.server.wm.WindowOrganizerController.finishTransition(WindowOrganizerController.java:396)
05-21 16:36:07.161   700  1953 W WindowManager: 	at android.window.IWindowOrganizerController$Stub.onTransact(IWindowOrganizerController.java:286)
05-21 16:36:07.161   700  1953 W WindowManager: 	at com.android.server.wm.WindowOrganizerController.onTransact(WindowOrganizerController.java:181)
05-21 16:36:07.161   700  1953 W WindowManager: 	at android.os.Binder.execTransactInternal(Binder.java:1344)
05-21 16:36:07.161   700  1953 W WindowManager: 	at android.os.Binder.execTransact(Binder.java:1275)
05-21 16:36:07.175   753   765 E mtkpower@impl: [setMode] unknown type
05-21 16:36:07.179   700   849 W ActivityManager: setHasOverlayUi called on unknown pid: 27094
05-21 16:36:07.189   553   553 E BpTransactionCompletedListener: Failed to transact (-32)
05-21 16:36:07.308  1822  2823 W Codec2-OutputBufferQueue: receiving stale buffer: generation 1866076 , diff 1 : slot 15
05-21 16:36:07.413  1822 27270 W Codec2-OutputBufferQueue: outputBuffer -- buffers from old generation to 1866076 , diff: 1 , slot: 15
05-21 16:36:07.475  1822 27270 W CCodecBufferChannel: no present fence for frame 2
05-21 16:36:07.492  1822  1836 W cky.projengmenu: ApkAssets: Deleting an ApkAssets object '<empty> and /data/app/~~hlQP1gFu6rpqP1GtsX0YCQ==/com.orbital.iptv-6cHVc8b82amtJzRVGIHUlg==/base.apk' with 1 weak references
05-21 16:36:09.786   700  1770 E TaskPersister: File error accessing recents directory (directory doesn't exist?).
05-21 16:36:11.932   512 27276 W C2MtkComponent: [0xE91C1230] processQueue: queue is empty.
05-21 16:36:11.932   512 27277 W C2MtkComponent: [0xE91C1230] processPreQueue: queue is empty.
05-21 16:36:11.932   512 27278 W C2MtkComponent: [0xE91C1230] processPostQueue: queue is empty.
05-21 16:36:11.932   512 27279 W C2MtkComponent: [0xE91C1230] preprocessPostQueue: queue is empty.
05-21 16:36:11.941  1822 27270 W Codec2Client: query -- param skipped: index = 1342179345.
05-21 16:36:11.941  1822 27270 W Codec2Client: query -- param skipped: index = 2415921170.
05-21 16:36:11.942  1822 27270 W Codec2Client: query -- param skipped: index = 1610614798.
05-21 16:36:12.132   512 27276 W C2MtkComponent: [0xE91C1230] processQueue: queue is empty.
05-21 16:36:12.132   512 27277 W C2MtkComponent: [0xE91C1230] processPreQueue: queue is empty.
05-21 16:36:12.132   512 27279 W C2MtkComponent: [0xE91C1230] preprocessPostQueue: queue is empty.
05-21 16:36:12.132   512 27278 W C2MtkComponent: [0xE91C1230] processPostQueue: queue is empty.
05-21 16:36:12.134  1822 27270 W Codec2Client: query -- param skipped: index = 1342179345.
05-21 16:36:12.134  1822 27270 W Codec2Client: query -- param skipped: index = 2415921170.
05-21 16:36:12.134  1822 27270 W Codec2Client: query -- param skipped: index = 1610614798.
05-21 16:36:12.812  3825  3839 W System  : A resource failed to call close. 
05-21 16:36:12.813  3825  3839 W System  : A resource failed to call close. 
05-21 16:36:12.813  3825  3839 W System  : A resource failed to call close. 
05-21 16:36:12.813  3825  3839 W System  : A resource failed to call close. 
05-21 16:36:12.814  3825  3839 W System  : A resource failed to call close. 
05-21 16:36:12.814  3825  3839 W System  : A resource failed to call close. 
05-21 16:36:12.814  3825  3839 W System  : A resource failed to call close. 
05-21 16:36:12.814  3825  3839 W System  : A resource failed to call close. 
05-21 16:36:12.815  3825  3839 W System  : A resource failed to call close. 
05-21 16:36:12.815  3825  3839 W System  : A resource failed to call close. 
05-21 16:36:12.815  3825  3839 W System  : A resource failed to call close. 
05-21 16:36:12.815  3825  3839 W System  : A resource failed to call close. 
05-21 16:36:12.815  3825  3839 W System  : A resource failed to call close. 
05-21 16:36:12.815  3825  3839 W System  : A resource failed to call close. 
05-21 16:36:12.815  3825  3839 W System  : A resource failed to call close. 
05-21 16:36:12.816  3825  3839 W System  : A resource failed to call close. 
05-21 16:36:12.816  3825  3839 W System  : A resource failed to call close. 
05-21 16:36:12.816  3825  3839 W System  : A resource failed to call close. 
05-21 16:36:12.816  3825  3839 W System  : A resource failed to call close. 
05-21 16:36:12.817  3825  3839 W System  : A resource failed to call close. 
05-21 16:36:12.817  3825  3839 W System  : A resource failed to call close. 
05-21 16:36:12.817  3825  3839 W System  : A resource failed to call close. 
05-21 16:36:12.817  3825  3839 W System  : A resource failed to call close. 
05-21 16:36:12.817  3825  3839 W System  : A resource failed to call close. 
05-21 16:36:12.817  3825  3839 W System  : A resource failed to call close. 
05-21 16:36:12.817  3825  3839 W System  : A resource failed to call close. 
05-21 16:36:12.818  3825  3839 W System  : A resource failed to call close. 
05-21 16:36:12.818  3825  3839 W System  : A resource failed to call close. 
05-21 16:36:12.818  3825  3839 W System  : A resource failed to call close. 
05-21 16:36:12.819  3825  3839 W System  : A resource failed to call close. 
05-21 16:36:12.820  3825  3839 W System  : A resource failed to call close. 
05-21 16:36:12.820  3825  3839 W System  : A resource failed to call close. 
05-21 16:36:12.820  3825  3839 W System  : A resource failed to call close. 
05-21 16:36:12.820  3825  3839 W System  : A resource failed to call close. 
05-21 16:36:12.821  3825  3839 W System  : A resource failed to call close. 
05-21 16:36:12.821  3825  3839 W System  : A resource failed to call close. 
05-21 16:36:12.821  3825  3839 W System  : A resource failed to call close. 
05-21 16:36:12.821  3825  3839 W System  : A resource failed to call close. 
05-21 16:36:12.821  3825  3839 W System  : A resource failed to call close. 
05-21 16:36:12.822  3825  3839 W System  : A resource failed to call close. 
05-21 16:36:12.822  3825  3839 W System  : A resource failed to call close. 
05-21 16:36:12.822  3825  3839 W System  : A resource failed to call close. 
05-21 16:36:12.822  3825  3839 W System  : A resource failed to call close. 
05-21 16:36:12.822  3825  3839 W System  : A resource failed to call close. 
05-21 16:36:12.822  3825  3839 W System  : A resource failed to call close. 
05-21 16:36:12.823  3825  3839 W System  : A resource failed to call close. 
05-21 16:36:12.823  3825  3839 W System  : A resource failed to call close. 
05-21 16:36:12.823  3825  3839 W System  : A resource failed to call close. 
05-21 16:36:12.823  3825  3839 W System  : A resource failed to call close. 
05-21 16:36:12.824  3825  3839 W System  : A resource failed to call close. 
05-21 16:36:12.824  3825  3839 W System  : A resource failed to call close. 
05-21 16:36:12.825  3825  3839 W System  : A resource failed to call close. 
05-21 16:36:12.825  3825  3839 W System  : A resource failed to call close. 
05-21 16:36:12.825  3825  3839 W System  : A resource failed to call close. 
05-21 16:36:12.825  3825  3839 W System  : A resource failed to call close. 
05-21 16:36:12.825  3825  3839 W System  : A resource failed to call close. 
05-21 16:36:12.825  3825  3839 W System  : A resource failed to call close. 
05-21 16:36:12.825  3825  3839 W System  : A resource failed to call close. 
05-21 16:36:12.825  3825  3839 W System  : A resource failed to call close. 
05-21 16:36:12.826  3825  3839 W System  : A resource failed to call close. 
05-21 16:36:12.826  3825  3839 W System  : A resource failed to call close. 
05-21 16:36:12.826  3825  3839 W System  : A resource failed to call close. 
05-21 16:36:12.826  3825  3839 W System  : A resource failed to call close. 
05-21 16:36:12.826  3825  3839 W System  : A resource failed to call close. 
05-21 16:36:12.826  3825  3839 W System  : A resource failed to call close. 
05-21 16:36:12.826  3825  3839 W System  : A resource failed to call close. 
05-21 16:36:12.826  3825  3839 W System  : A resource failed to call close. 
05-21 16:36:12.826  3825  3839 W System  : A resource failed to call close. 
05-21 16:36:12.827  3825  3839 W System  : A resource failed to call close. 
05-21 16:36:12.827  3825  3839 W System  : A resource failed to call close. 
05-21 16:36:12.827  3825  3839 W System  : A resource failed to call close. 
05-21 16:36:12.827  3825  3839 W System  : A resource failed to call close. 
05-21 16:36:12.827  3825  3839 W System  : A resource failed to call close. 
05-21 16:36:12.830  3825  3839 W System  : A resource failed to call close. 
05-21 16:36:12.831  3825  3839 W System  : A resource failed to call close. 
05-21 16:36:12.831  3825  3839 W System  : A resource failed to call close. 
05-21 16:36:12.831  3825  3839 W System  : A resource failed to call close. 
05-21 16:36:12.831  3825  3839 W System  : A resource failed to call close. 
05-21 16:36:12.831  3825  3839 W System  : A resource failed to call close. 
05-21 16:36:12.831  3825  3839 W System  : A resource failed to call close. 
05-21 16:36:12.831  3825  3839 W System  : A resource failed to call close. 
05-21 16:36:12.832  3825  3839 W System  : A resource failed to call close. 
05-21 16:36:12.832  3825  3839 W System  : A resource failed to call close. 
05-21 16:36:12.832  3825  3839 W System  : A resource failed to call close. 
05-21 16:36:12.832  3825  3839 W System  : A resource failed to call close. 
05-21 16:36:12.832  3825  3839 W System  : A resource failed to call close. 
05-21 16:36:12.832  3825  3839 W System  : A resource failed to call close. 
05-21 16:36:12.832  3825  3839 W System  : A resource failed to call close. 
05-21 16:36:12.832  3825  3839 W System  : A resource failed to call close. 
05-21 16:36:12.833  3825  3839 W System  : A resource failed to call close. 
05-21 16:36:12.833  3825  3839 W System  : A resource failed to call close. 
05-21 16:36:12.833  3825  3839 W System  : A resource failed to call close. 
05-21 16:36:12.833  3825  3839 W System  : A resource failed to call close. 
05-21 16:36:12.833  3825  3839 W System  : A resource failed to call close. 
05-21 16:36:12.833  3825  3839 W System  : A resource failed to call close. 
05-21 16:36:12.833  3825  3839 W System  : A resource failed to call close. 
05-21 16:36:12.833  3825  3839 W System  : A resource failed to call close. 
05-21 16:36:12.833  3825  3839 W System  : A resource failed to call close. 
05-21 16:36:12.834  3825  3839 W System  : A resource failed to call close. 
05-21 16:36:12.834  3825  3839 W System  : A resource failed to call close. 
05-21 16:36:12.834  3825  3839 W System  : A resource failed to call close. 
05-21 16:36:12.834  3825  3839 W System  : A resource failed to call close. 
05-21 16:36:12.834  3825  3839 W System  : A resource failed to call close. 
05-21 16:36:12.834  3825  3839 W System  : A resource failed to call close. 
05-21 16:36:12.834  3825  3839 W System  : A resource failed to call close. 
05-21 16:36:12.834  3825  3839 W System  : A resource failed to call close. 
05-21 16:36:12.835  3825  3839 W System  : A resource failed to call close. 
05-21 16:36:12.835  3825  3839 W System  : A resource failed to call close. 
05-21 16:36:12.835  3825  3839 W System  : A resource failed to call close. 
05-21 16:36:12.835  3825  3839 W System  : A resource failed to call close. 
05-21 16:36:12.835  3825  3839 W System  : A resource failed to call close. 
05-21 16:36:12.835  3825  3839 W System  : A resource failed to call close. 
05-21 16:36:12.835  3825  3839 W System  : A resource failed to call close. 
05-21 16:36:12.836  3825  3839 W System  : A resource failed to call close. 
05-21 16:36:12.836  3825  3839 W System  : A resource failed to call close. 
05-21 16:36:12.836  3825  3839 W System  : A resource failed to call close. 
05-21 16:36:12.836  3825  3839 W System  : A resource failed to call close. 
05-21 16:36:12.836  3825  3839 W System  : A resource failed to call close. 
05-21 16:36:12.836  3825  3839 W System  : A resource failed to call close. 
05-21 16:36:12.836  3825  3839 W System  : A resource failed to call close. 
05-21 16:36:12.836  3825  3839 W System  : A resource failed to call close. 
05-21 16:36:12.837  3825  3839 W System  : A resource failed to call close. 
05-21 16:36:12.837  3825  3839 W System  : A resource failed to call close. 
05-21 16:36:12.837  3825  3839 W System  : A resource failed to call close. 
05-21 16:36:12.837  3825  3839 W System  : A resource failed to call close. 
05-21 16:36:12.837  3825  3839 W System  : A resource failed to call close. 
05-21 16:36:12.837  3825  3839 W System  : A resource failed to call close. 
05-21 16:36:12.837  3825  3839 W System  : A resource failed to call close. 
05-21 16:36:12.838  3825  3839 W System  : A resource failed to call close. 
05-21 16:36:12.838  3825  3839 W System  : A resource failed to call close. 
05-21 16:36:12.838  3825  3839 W System  : A resource failed to call close. 
05-21 16:36:12.838  3825  3839 W System  : A resource failed to call close. 
05-21 16:36:12.839  3825  3839 W System  : A resource failed to call close. 
05-21 16:36:12.839  3825  3839 W System  : A resource failed to call close. 
05-21 16:36:12.839  3825  3839 W System  : A resource failed to call close. 
05-21 16:36:12.839  3825  3839 W System  : A resource failed to call close. 
05-21 16:36:12.839  3825  3839 W System  : A resource failed to call close. 
05-21 16:36:12.839  3825  3839 W System  : A resource failed to call close. 
05-21 16:36:12.839  3825  3839 W System  : A resource failed to call close. 
05-21 16:36:12.840  3825  3839 W System  : A resource failed to call close. 
05-21 16:36:12.840  3825  3839 W System  : A resource failed to call close. 
05-21 16:36:12.840  3825  3839 W System  : A resource failed to call close. 
05-21 16:36:12.841  3825  3839 W System  : A resource failed to call close. 
05-21 16:36:12.841  3825  3839 W System  : A resource failed to call close. 
05-21 16:36:12.841  3825  3839 W System  : A resource failed to call close. 
05-21 16:36:12.842  3825  3839 W System  : A resource failed to call close. 
05-21 16:36:12.842  3825  3839 W System  : A resource failed to call close. 
05-21 16:36:12.842  3825  3839 W System  : A resource failed to call close. 
05-21 16:36:12.842  3825  3839 W System  : A resource failed to call close. 
05-21 16:36:12.842  3825  3839 W System  : A resource failed to call close. 
05-21 16:36:12.842  3825  3839 W System  : A resource failed to call close. 
05-21 16:36:12.842  3825  3839 W System  : A resource failed to call close. 
05-21 16:36:12.843  3825  3839 W System  : A resource failed to call close. 
05-21 16:36:12.843  3825  3839 W System  : A resource failed to call close. 
05-21 16:36:12.843  3825  3839 W System  : A resource failed to call close. 
05-21 16:36:12.843  3825  3839 W System  : A resource failed to call close. 
05-21 16:36:12.844  3825  3839 W System  : A resource failed to call close. 
05-21 16:36:12.844  3825  3839 W System  : A resource failed to call close. 
05-21 16:36:12.845  3825  3839 W System  : A resource failed to call close. 
05-21 16:36:12.845  3825  3839 W System  : A resource failed to call close. 
05-21 16:36:12.845  3825  3839 W System  : A resource failed to call close. 
05-21 16:36:12.845  3825  3839 W System  : A resource failed to call close. 
05-21 16:36:12.845  3825  3839 W System  : A resource failed to call close. 
05-21 16:36:12.845  3825  3839 W System  : A resource failed to call close. 
05-21 16:36:12.845  3825  3839 W System  : A resource failed to call close. 
05-21 16:36:12.846  3825  3839 W System  : A resource failed to call close. 
05-21 16:36:12.846  3825  3839 W System  : A resource failed to call close. 
05-21 16:36:12.846  3825  3839 W System  : A resource failed to call close. 
05-21 16:36:12.846  3825  3839 W System  : A resource failed to call close. 
05-21 16:36:12.846  3825  3839 W System  : A resource failed to call close. 
